⚠ [2457/2471] Replayed Poincare.RiemannCurvatureOperator
warning: Poincare/RiemannCurvatureOperator.lean:129:10: `extDerivFun` has been deprecated: Use `mvfderiv` instead
warning: Poincare/RiemannCurvatureOperator.lean:129:10: This simp argument is unused:
  extDerivFun

Hint: Omit it from the simp argument list.
  [apply] simp

Note: This linter can be disabled with `set_option linter.unusedSimpArgs false`
warning: Poincare/RiemannCurvatureOperator.lean:154:10: `extDerivFun` has been deprecated: Use `mvfderiv` instead
warning: Poincare/RiemannCurvatureOperator.lean:154:10: This simp argument is unused:
  extDerivFun

Hint: Omit it from the simp argument list.
  [apply] simp

Note: This linter can be disabled with `set_option linter.unusedSimpArgs false`
⚠ [2546/2546] Built Poincare.FlatModelConnection (2.4s)
warning: Poincare/FlatModelConnection.lean:52:8: Try this: 
  letI̵

The goal is a proposition, so `let` is preferred over `letI`.
The difference between `let` and `letI` is that `letI` inlines the value.
But this is not relevant for proofs because of proof irrelevance.

Note: This linter can be disabled with `set_option linter.style.haveILetI false`
warning: Poincare/FlatModelConnection.lean:54:8: Try this: 
  letI̵

The goal is a proposition, so `let` is preferred over `letI`.
The difference between `let` and `letI` is that `letI` inlines the value.
But this is not relevant for proofs because of proof irrelevance.

Note: This linter can be disabled with `set_option linter.style.haveILetI false`
warning: Poincare/FlatModelConnection.lean:106:39: `ContinuousLinearMap.add_apply` has been deprecated: Use `add_apply` instead

Note: The updated constant is in a different namespace. Dot notation may need to be changed (e.g., from `x.add_apply` to `add_apply x`).
warning: Poincare/FlatModelConnection.lean:107:6: `ContinuousLinearMap.coe_comp'` has been deprecated: Use `ContinuousLinearMap.coe_comp` instead
warning: Poincare/FlatModelConnection.lean:161:4: Try this: intro σ hσ x _
Build completed successfully (2546 jobs).
