AXIOM_CONTRACT_OK: Poincare.geodesicFlowField
AXIOM_CONTRACT_OK: Poincare.geodesicFlowField_apply
AXIOM_CONTRACT_OK: Poincare.contDiffAt_geodesicFlowField
AXIOM_CONTRACT_OK: Poincare.contDiff_geodesicFlowField
AXIOM_CONTRACT_OK: Poincare.exists_geodesicFlowField_solution_of_contDiffAt
AXIOM_CONTRACT_OK: Poincare.exists_geodesicFlowField_solution
AXIOM_CONTRACT_OK: Poincare.exists_geodesicFlowField_solution_of_contDiff
AXIOM_CONTRACT_OK: Poincare.geodesicFlowField_eventuallyEq_of_lipschitz
AXIOM_CONTRACT_OK: Poincare.geodesicFlowField_eventuallyEq_of_contDiffAt
AXIOM_CONTRACT_OK: Poincare.geodesic_position_hasDerivAt
AXIOM_CONTRACT_OK: Poincare.geodesic_velocity_hasDerivAt
AXIOM_CONTRACT_OK: Poincare.geodesic_components_hasDerivAt
FROZEN_CONTRACT_OK: Poincare.geodesicFlowField
FROZEN_CONTRACT_OK: Poincare.geodesicFlowField_apply
FROZEN_CONTRACT_OK: Poincare.contDiffAt_geodesicFlowField
FROZEN_CONTRACT_OK: Poincare.contDiff_geodesicFlowField
FROZEN_CONTRACT_OK: Poincare.exists_geodesicFlowField_solution_of_contDiffAt
FROZEN_CONTRACT_OK: Poincare.exists_geodesicFlowField_solution
FROZEN_CONTRACT_OK: Poincare.exists_geodesicFlowField_solution_of_contDiff
FROZEN_CONTRACT_OK: Poincare.geodesicFlowField_eventuallyEq_of_lipschitz
FROZEN_CONTRACT_OK: Poincare.geodesicFlowField_eventuallyEq_of_contDiffAt
FROZEN_CONTRACT_OK: Poincare.geodesic_position_hasDerivAt
FROZEN_CONTRACT_OK: Poincare.geodesic_velocity_hasDerivAt
FROZEN_CONTRACT_OK: Poincare.geodesic_components_hasDerivAt
