harness/v2/state/upstream-verification-20260930/maximum-principle-433-task-a01/export-types.lean:6:0: error: Unknown option `pp.width`
DECL_JSON:{"lean_type":"∀ {u u' : ℝ → ℝ} {C T : ℝ}, (∀ t ∈ Set.Icc 0 T, HasDerivAt u (u' t) t) → (∀ t ∈ Set.Icc 0 T, u' t ≤ C * u t) → u 0 ≤ 0 → ∀ {t : ℝ}, t ∈ Set.Icc 0 T → u t ≤ 0","name":"RicciFlow.ode_comparison_nonpos","universes":[]}
DECL_JSON:{"lean_type":"∀ {u u' : ℝ → ℝ} {C T : ℝ}, (∀ t ∈ Set.Icc 0 T, HasDerivAt u (u' t) t) → (∀ t ∈ Set.Icc 0 T, C * u t ≤ u' t) → 0 ≤ u 0 → ∀ {t : ℝ}, t ∈ Set.Icc 0 T → 0 ≤ u t","name":"RicciFlow.ode_comparison_nonneg","universes":[]}
DECL_JSON:{"lean_type":"∀ {u u' : ℝ → ℝ} {a T : ℝ}, 0 ≤ a → (∀ t ∈ Set.Icc 0 T, HasDerivAt u (u' t) t) → (∀ t ∈ Set.Icc 0 T, a * u t ^ 2 ≤ u' t) → 0 < u 0 → ∀ {t : ℝ}, t ∈ Set.Icc 0 T → u 0 / (1 - a * u 0 * t) ≤ u t","name":"RicciFlow.riccati_lower_bound","universes":[]}
DECL_JSON:{"lean_type":"∀ {u u' : ℝ → ℝ} {a T : ℝ}, 0 < a → 0 ≤ T → (∀ t ∈ Set.Icc 0 T, HasDerivAt u (u' t) t) → (∀ t ∈ Set.Icc 0 T, a * u t ^ 2 ≤ u' t) → 0 < u 0 → T < 1 / (a * u 0)","name":"RicciFlow.riccati_forces_finite_time","universes":[]}
DECL_JSON:{"lean_type":"∀ {lam n t : ℝ}, n ≠ 0 → 1 - 2 * lam * t ≠ 0 → HasDerivAt (fun (s : ℝ) => lam * n / (1 - 2 * lam * s)) (2 / n * (lam * n / (1 - 2 * lam * t)) ^ 2) t","name":"RicciFlow.einstein_scalar_hasDerivAt_riccati","universes":[]}
DECL_JSON:{"lean_type":"∀ {u u' : ℝ → ℝ} {a T : ℝ}, 0 ≤ a → (∀ t ∈ Set.Icc 0 T, HasDerivAt u (u' t) t) → (∀ t ∈ Set.Icc 0 T, u' t ≤ a * u t ^ 2) → (∀ t ∈ Set.Icc 0 T, 0 < u t) → ∀ {t : ℝ}, t ∈ Set.Icc 0 T → 0 < 1 - a * u 0 * t → u t ≤ u 0 / (1 - a * u 0 * t)","name":"RicciFlow.riccati_upper_bound","universes":[]}
DECL_JSON:{"lean_type":"∀ {u u' : ℝ → ℝ} {a T : ℝ}, 0 < a → (∀ t ∈ Set.Icc 0 T, HasDerivAt u (u' t) t) → (∀ t ∈ Set.Icc 0 T, u' t ≤ a * u t ^ 2) → (∀ t ∈ Set.Icc 0 T, 0 < u t) → ∀ {t : ℝ}, t ∈ Set.Icc 0 T → t ≤ 1 / (2 * a * u 0) → u t ≤ 2 * u 0","name":"RicciFlow.riccati_doubling_time","universes":[]}
DECL_JSON:{"lean_type":"∀ {g g' g'' : ℝ → ℝ}, (∀ (t : ℝ), HasDerivAt g (g' t) t) → (∀ (t : ℝ), HasDerivAt g' (g'' t) t) → Continuous g'' → IsLocalMin g 0 → 0 ≤ g'' 0","name":"RicciFlow.secondDeriv_nonneg_of_isLocalMin","universes":[]}
DECL_JSON:{"lean_type":"∀ {E : Type u_1} [inst : NormedAddCommGroup E] [inst_1 : NormedSpace ℝ E] {f : E → ℝ}, ContDiff ℝ 2 f → ∀ {x₀ : E}, IsLocalMin f x₀ → ∀ (v : E), 0 ≤ ((fderiv ℝ (fderiv ℝ f) x₀) v) v","name":"RicciFlow.hessian_nonneg_of_isLocalMin","universes":["u_1"]}
DECL_JSON:{"lean_type":"∀ {E : Type u_1} [inst : NormedAddCommGroup E] [inst_1 : NormedSpace ℝ E] {f : E → ℝ} {x₀ : E}, ContDiffAt ℝ 2 f x₀ → IsLocalMin f x₀ → ∀ (v : E), 0 ≤ ((fderiv ℝ (fderiv ℝ f) x₀) v) v","name":"RicciFlow.fderiv_fderiv_nonneg_of_isLocalMin_contDiffAt","universes":["u_1"]}
DECL_JSON:{"lean_type":"∀ {g : ℝ → ℝ} {T : ℝ}, ContinuousOn g (Set.Icc 0 T) → 0 < g 0 → (∃ t ∈ Set.Icc 0 T, g t ≤ 0) → ∃ t₀ ∈ Set.Ioc 0 T, g t₀ = 0 ∧ ∀ s ∈ Set.Ico 0 t₀, 0 < g s","name":"RicciFlow.exists_first_zero","universes":[]}
DECL_JSON:{"lean_type":"@RicciFlow.ode_comparison_nonpos = @RicciFlow.ode_comparison_nonpos","name":"RicciFlow.ode_comparison_nonpos_eq","universes":[]}
DECL_JSON:{"lean_type":"@RicciFlow.ode_comparison_nonneg = @RicciFlow.ode_comparison_nonneg","name":"RicciFlow.ode_comparison_nonneg_eq","universes":[]}
DECL_JSON:{"lean_type":"@RicciFlow.riccati_lower_bound = @RicciFlow.riccati_lower_bound","name":"RicciFlow.riccati_lower_bound_eq","universes":[]}
DECL_JSON:{"lean_type":"@RicciFlow.riccati_forces_finite_time = @RicciFlow.riccati_forces_finite_time","name":"RicciFlow.riccati_forces_finite_time_eq","universes":[]}
DECL_JSON:{"lean_type":"@RicciFlow.einstein_scalar_hasDerivAt_riccati = @RicciFlow.einstein_scalar_hasDerivAt_riccati","name":"RicciFlow.einstein_scalar_hasDerivAt_riccati_eq","universes":[]}
DECL_JSON:{"lean_type":"@RicciFlow.riccati_upper_bound = @RicciFlow.riccati_upper_bound","name":"RicciFlow.riccati_upper_bound_eq","universes":[]}
DECL_JSON:{"lean_type":"@RicciFlow.riccati_doubling_time = @RicciFlow.riccati_doubling_time","name":"RicciFlow.riccati_doubling_time_eq","universes":[]}
DECL_JSON:{"lean_type":"@RicciFlow.secondDeriv_nonneg_of_isLocalMin = @RicciFlow.secondDeriv_nonneg_of_isLocalMin","name":"RicciFlow.secondDeriv_nonneg_of_isLocalMin_eq","universes":[]}
DECL_JSON:{"lean_type":"@RicciFlow.hessian_nonneg_of_isLocalMin = @RicciFlow.hessian_nonneg_of_isLocalMin","name":"RicciFlow.hessian_nonneg_of_isLocalMin_eq","universes":["u_1"]}
DECL_JSON:{"lean_type":"@RicciFlow.fderiv_fderiv_nonneg_of_isLocalMin_contDiffAt = @RicciFlow.fderiv_fderiv_nonneg_of_isLocalMin_contDiffAt","name":"RicciFlow.fderiv_fderiv_nonneg_of_isLocalMin_contDiffAt_eq","universes":["u_1"]}
DECL_JSON:{"lean_type":"@RicciFlow.exists_first_zero = @RicciFlow.exists_first_zero","name":"RicciFlow.exists_first_zero_eq","universes":[]}
