AXIOM_CONTRACT_OK: RicciFlow.ode_comparison_nonpos
AXIOM_CONTRACT_OK: RicciFlow.ode_comparison_nonneg
AXIOM_CONTRACT_OK: RicciFlow.riccati_lower_bound
AXIOM_CONTRACT_OK: RicciFlow.riccati_forces_finite_time
AXIOM_CONTRACT_OK: RicciFlow.einstein_scalar_hasDerivAt_riccati
AXIOM_CONTRACT_OK: RicciFlow.riccati_upper_bound
AXIOM_CONTRACT_OK: RicciFlow.riccati_doubling_time
AXIOM_CONTRACT_OK: RicciFlow.secondDeriv_nonneg_of_isLocalMin
AXIOM_CONTRACT_OK: RicciFlow.hessian_nonneg_of_isLocalMin
AXIOM_CONTRACT_OK: RicciFlow.fderiv_fderiv_nonneg_of_isLocalMin_contDiffAt
AXIOM_CONTRACT_OK: RicciFlow.exists_first_zero
AXIOM_CONTRACT_OK: RicciFlow.ode_comparison_nonpos_eq
AXIOM_CONTRACT_OK: RicciFlow.ode_comparison_nonneg_eq
AXIOM_CONTRACT_OK: RicciFlow.riccati_lower_bound_eq
AXIOM_CONTRACT_OK: RicciFlow.riccati_forces_finite_time_eq
AXIOM_CONTRACT_OK: RicciFlow.einstein_scalar_hasDerivAt_riccati_eq
AXIOM_CONTRACT_OK: RicciFlow.riccati_upper_bound_eq
AXIOM_CONTRACT_OK: RicciFlow.riccati_doubling_time_eq
AXIOM_CONTRACT_OK: RicciFlow.secondDeriv_nonneg_of_isLocalMin_eq
AXIOM_CONTRACT_OK: RicciFlow.hessian_nonneg_of_isLocalMin_eq
AXIOM_CONTRACT_OK: RicciFlow.fderiv_fderiv_nonneg_of_isLocalMin_contDiffAt_eq
AXIOM_CONTRACT_OK: RicciFlow.exists_first_zero_eq
FROZEN_CONTRACT_OK: RicciFlow.ode_comparison_nonpos
FROZEN_CONTRACT_OK: RicciFlow.ode_comparison_nonneg
FROZEN_CONTRACT_OK: RicciFlow.riccati_lower_bound
FROZEN_CONTRACT_OK: RicciFlow.riccati_forces_finite_time
FROZEN_CONTRACT_OK: RicciFlow.einstein_scalar_hasDerivAt_riccati
FROZEN_CONTRACT_OK: RicciFlow.riccati_upper_bound
FROZEN_CONTRACT_OK: RicciFlow.riccati_doubling_time
FROZEN_CONTRACT_OK: RicciFlow.secondDeriv_nonneg_of_isLocalMin
FROZEN_CONTRACT_OK: RicciFlow.hessian_nonneg_of_isLocalMin
FROZEN_CONTRACT_OK: RicciFlow.fderiv_fderiv_nonneg_of_isLocalMin_contDiffAt
FROZEN_CONTRACT_OK: RicciFlow.exists_first_zero
FROZEN_CONTRACT_OK: RicciFlow.ode_comparison_nonpos_eq
FROZEN_CONTRACT_OK: RicciFlow.ode_comparison_nonneg_eq
FROZEN_CONTRACT_OK: RicciFlow.riccati_lower_bound_eq
FROZEN_CONTRACT_OK: RicciFlow.riccati_forces_finite_time_eq
FROZEN_CONTRACT_OK: RicciFlow.einstein_scalar_hasDerivAt_riccati_eq
FROZEN_CONTRACT_OK: RicciFlow.riccati_upper_bound_eq
FROZEN_CONTRACT_OK: RicciFlow.riccati_doubling_time_eq
FROZEN_CONTRACT_OK: RicciFlow.secondDeriv_nonneg_of_isLocalMin_eq
FROZEN_CONTRACT_OK: RicciFlow.hessian_nonneg_of_isLocalMin_eq
FROZEN_CONTRACT_OK: RicciFlow.fderiv_fderiv_nonneg_of_isLocalMin_contDiffAt_eq
FROZEN_CONTRACT_OK: RicciFlow.exists_first_zero_eq
