⚠ [2678/2678] Built Poincare.Global.ScalarCurvatureBarrier (2.4s)
warning: Poincare/Global/ScalarCurvatureBarrier.lean:35:35: Used `tac1 <;> tac2` where `(tac1; tac2)` would suffice

Note: This linter can be disabled with `set_option linter.unnecessarySeqFocus false`
warning: Poincare/Global/ScalarCurvatureBarrier.lean:75:17: Variable name `hab` is not explicitly referenced.

Hint: The binding can be removed (if unused) or named `_` (if used implicitly). Alternatively, prefix the name with `_` to silence this warning:
  [apply] _hab

Note: This linter can be disabled with `set_option linter.unusedVariables false`
warning: Poincare/Global/ScalarCurvatureBarrier.lean:198:52: Unused tactic linter: `ring` does nothing

Note: This linter can be disabled with `set_option linter.unusedTactic false`
warning: Poincare/Global/ScalarCurvatureBarrier.lean:199:42: Unused tactic linter: `ring` does nothing

Note: This linter can be disabled with `set_option linter.unusedTactic false`
warning: Poincare/Global/ScalarCurvatureBarrier.lean:198:52: this tactic is never executed

Note: This linter can be disabled with `set_option linter.unreachableTactic false`
warning: Poincare/Global/ScalarCurvatureBarrier.lean:199:42: this tactic is never executed

Note: This linter can be disabled with `set_option linter.unreachableTactic false`
warning: Poincare/Global/ScalarCurvatureBarrier.lean:198:33: Used `tac1 <;> tac2` where `(tac1; tac2)` would suffice

Note: This linter can be disabled with `set_option linter.unnecessarySeqFocus false`
warning: Poincare/Global/ScalarCurvatureBarrier.lean:199:23: Used `tac1 <;> tac2` where `(tac1; tac2)` would suffice

Note: This linter can be disabled with `set_option linter.unnecessarySeqFocus false`
warning: Poincare/Global/ScalarCurvatureBarrier.lean:217:52: Unused tactic linter: `ring` does nothing

Note: This linter can be disabled with `set_option linter.unusedTactic false`
warning: Poincare/Global/ScalarCurvatureBarrier.lean:218:42: Unused tactic linter: `ring` does nothing

Note: This linter can be disabled with `set_option linter.unusedTactic false`
warning: Poincare/Global/ScalarCurvatureBarrier.lean:217:52: this tactic is never executed

Note: This linter can be disabled with `set_option linter.unreachableTactic false`
warning: Poincare/Global/ScalarCurvatureBarrier.lean:218:42: this tactic is never executed

Note: This linter can be disabled with `set_option linter.unreachableTactic false`
warning: Poincare/Global/ScalarCurvatureBarrier.lean:217:33: Used `tac1 <;> tac2` where `(tac1; tac2)` would suffice

Note: This linter can be disabled with `set_option linter.unnecessarySeqFocus false`
warning: Poincare/Global/ScalarCurvatureBarrier.lean:218:23: Used `tac1 <;> tac2` where `(tac1; tac2)` would suffice

Note: This linter can be disabled with `set_option linter.unnecessarySeqFocus false`
warning: Poincare/Global/ScalarCurvatureBarrier.lean:348:52: Unused tactic linter: `ring` does nothing

Note: This linter can be disabled with `set_option linter.unusedTactic false`
warning: Poincare/Global/ScalarCurvatureBarrier.lean:349:42: Unused tactic linter: `ring` does nothing

Note: This linter can be disabled with `set_option linter.unusedTactic false`
warning: Poincare/Global/ScalarCurvatureBarrier.lean:348:52: this tactic is never executed

Note: This linter can be disabled with `set_option linter.unreachableTactic false`
warning: Poincare/Global/ScalarCurvatureBarrier.lean:349:42: this tactic is never executed

Note: This linter can be disabled with `set_option linter.unreachableTactic false`
warning: Poincare/Global/ScalarCurvatureBarrier.lean:348:33: Used `tac1 <;> tac2` where `(tac1; tac2)` would suffice

Note: This linter can be disabled with `set_option linter.unnecessarySeqFocus false`
warning: Poincare/Global/ScalarCurvatureBarrier.lean:349:23: Used `tac1 <;> tac2` where `(tac1; tac2)` would suffice

Note: This linter can be disabled with `set_option linter.unnecessarySeqFocus false`
warning: Poincare/Global/ScalarCurvatureBarrier.lean:408:27: Used `tac1 <;> tac2` where `(tac1; tac2)` would suffice

Note: This linter can be disabled with `set_option linter.unnecessarySeqFocus false`
warning: Poincare/Global/ScalarCurvatureBarrier.lean:446:34: Used `tac1 <;> tac2` where `(tac1; tac2)` would suffice

Note: This linter can be disabled with `set_option linter.unnecessarySeqFocus false`
warning: Poincare/Global/ScalarCurvatureBarrier.lean:468:27: Used `tac1 <;> tac2` where `(tac1; tac2)` would suffice

Note: This linter can be disabled with `set_option linter.unnecessarySeqFocus false`
warning: Poincare/Global/ScalarCurvatureBarrier.lean:495:52: Unused tactic linter: `ring` does nothing

Note: This linter can be disabled with `set_option linter.unusedTactic false`
warning: Poincare/Global/ScalarCurvatureBarrier.lean:498:39: Unused tactic linter: `ring` does nothing

Note: This linter can be disabled with `set_option linter.unusedTactic false`
warning: Poincare/Global/ScalarCurvatureBarrier.lean:495:52: this tactic is never executed

Note: This linter can be disabled with `set_option linter.unreachableTactic false`
warning: Poincare/Global/ScalarCurvatureBarrier.lean:498:39: this tactic is never executed

Note: This linter can be disabled with `set_option linter.unreachableTactic false`
warning: Poincare/Global/ScalarCurvatureBarrier.lean:495:33: Used `tac1 <;> tac2` where `(tac1; tac2)` would suffice

Note: This linter can be disabled with `set_option linter.unnecessarySeqFocus false`
warning: Poincare/Global/ScalarCurvatureBarrier.lean:498:20: Used `tac1 <;> tac2` where `(tac1; tac2)` would suffice

Note: This linter can be disabled with `set_option linter.unnecessarySeqFocus false`
warning: Poincare/Global/ScalarCurvatureBarrier.lean:521:52: Unused tactic linter: `ring` does nothing

Note: This linter can be disabled with `set_option linter.unusedTactic false`
warning: Poincare/Global/ScalarCurvatureBarrier.lean:524:39: Unused tactic linter: `ring` does nothing

Note: This linter can be disabled with `set_option linter.unusedTactic false`
warning: Poincare/Global/ScalarCurvatureBarrier.lean:521:52: this tactic is never executed

Note: This linter can be disabled with `set_option linter.unreachableTactic false`
warning: Poincare/Global/ScalarCurvatureBarrier.lean:524:39: this tactic is never executed

Note: This linter can be disabled with `set_option linter.unreachableTactic false`
warning: Poincare/Global/ScalarCurvatureBarrier.lean:521:33: Used `tac1 <;> tac2` where `(tac1; tac2)` would suffice

Note: This linter can be disabled with `set_option linter.unnecessarySeqFocus false`
warning: Poincare/Global/ScalarCurvatureBarrier.lean:524:20: Used `tac1 <;> tac2` where `(tac1; tac2)` would suffice

Note: This linter can be disabled with `set_option linter.unnecessarySeqFocus false`
Build completed successfully (2678 jobs).
