⚠ [2458/2459] Replayed Poincare.RiemannCurvatureOperator
warning: Poincare/RiemannCurvatureOperator.lean:129:10: `extDerivFun` has been deprecated: Use `mvfderiv` instead
warning: Poincare/RiemannCurvatureOperator.lean:129:10: This simp argument is unused:
  extDerivFun

Hint: Omit it from the simp argument list.
  [apply] simp

Note: This linter can be disabled with `set_option linter.unusedSimpArgs false`
warning: Poincare/RiemannCurvatureOperator.lean:154:10: `extDerivFun` has been deprecated: Use `mvfderiv` instead
warning: Poincare/RiemannCurvatureOperator.lean:154:10: This simp argument is unused:
  extDerivFun

Hint: Omit it from the simp argument list.
  [apply] simp

Note: This linter can be disabled with `set_option linter.unusedSimpArgs false`
⚠ [2459/2459] Built Poincare.LeviCivitaUniqueness (9.6s)
warning: Poincare/LeviCivitaUniqueness.lean:232:10: `ContinuousLinearMap.sub_apply` has been deprecated: Use `sub_apply` instead

Note: The updated constant is in a different namespace. Dot notation may need to be changed (e.g., from `x.sub_apply` to `sub_apply x`).
warning: Poincare/LeviCivitaUniqueness.lean:235:10: `ContinuousLinearMap.sub_apply` has been deprecated: Use `sub_apply` instead

Note: The updated constant is in a different namespace. Dot notation may need to be changed (e.g., from `x.sub_apply` to `sub_apply x`).
warning: Poincare/LeviCivitaUniqueness.lean:238:10: `ContinuousLinearMap.sub_apply` has been deprecated: Use `sub_apply` instead

Note: The updated constant is in a different namespace. Dot notation may need to be changed (e.g., from `x.sub_apply` to `sub_apply x`).
Build completed successfully (2459 jobs).
