AXIOM_CONTRACT_OK: Poincare.ParabolicHolderMultiplier.du_zero_trace
AXIOM_CONTRACT_OK: Poincare.ParabolicHolderMultiplier.ddu_zero_trace
AXIOM_CONTRACT_OK: Poincare.ParabolicHolderMultiplier.ddu_time_bound
AXIOM_CONTRACT_OK: Poincare.ParabolicHolderMultiplier.supNorm_ddu_le
AXIOM_CONTRACT_OK: Poincare.ParabolicHolderMultiplier.eval_norm_le
AXIOM_CONTRACT_OK: Poincare.ParabolicHolderMultiplier.entry_holderBound
AXIOM_CONTRACT_OK: Poincare.ParabolicHolderMultiplier.entry
AXIOM_CONTRACT_OK: Poincare.ParabolicHolderMultiplier.entry_apply
AXIOM_CONTRACT_OK: Poincare.ParabolicHolderMultiplier.supNorm_entry_le
AXIOM_CONTRACT_OK: Poincare.ParabolicHolderMultiplier.norm_entry_le
AXIOM_CONTRACT_OK: Poincare.ParabolicHolderMultiplier.norm_mul_split
AXIOM_CONTRACT_OK: Poincare.ParabolicHolderMultiplier.sum_apply
AXIOM_CONTRACT_OK: Poincare.ParabolicHolderMultiplier.forcing
AXIOM_CONTRACT_OK: Poincare.ParabolicHolderMultiplier.forcing_apply
AXIOM_CONTRACT_OK: Poincare.ParabolicHolderMultiplier.forcing_eq_sum
AXIOM_CONTRACT_OK: Poincare.ParabolicHolderMultiplier.norm_mul_ddu_entry_le
AXIOM_CONTRACT_OK: Poincare.ParabolicHolderMultiplier.norm_forcing_le
AXIOM_CONTRACT_OK: Poincare.ParabolicHolderMultiplier.norm_error_le
AXIOM_CONTRACT_OK: Poincare.ParabolicHolderMultiplier.error_small
FROZEN_CONTRACT_OK: Poincare.ParabolicHolderMultiplier.du_zero_trace
FROZEN_CONTRACT_OK: Poincare.ParabolicHolderMultiplier.ddu_zero_trace
FROZEN_CONTRACT_OK: Poincare.ParabolicHolderMultiplier.ddu_time_bound
FROZEN_CONTRACT_OK: Poincare.ParabolicHolderMultiplier.supNorm_ddu_le
FROZEN_CONTRACT_OK: Poincare.ParabolicHolderMultiplier.eval_norm_le
FROZEN_CONTRACT_OK: Poincare.ParabolicHolderMultiplier.entry_holderBound
FROZEN_CONTRACT_OK: Poincare.ParabolicHolderMultiplier.entry
FROZEN_CONTRACT_OK: Poincare.ParabolicHolderMultiplier.entry_apply
FROZEN_CONTRACT_OK: Poincare.ParabolicHolderMultiplier.supNorm_entry_le
FROZEN_CONTRACT_OK: Poincare.ParabolicHolderMultiplier.norm_entry_le
FROZEN_CONTRACT_OK: Poincare.ParabolicHolderMultiplier.norm_mul_split
FROZEN_CONTRACT_OK: Poincare.ParabolicHolderMultiplier.sum_apply
FROZEN_CONTRACT_OK: Poincare.ParabolicHolderMultiplier.forcing
FROZEN_CONTRACT_OK: Poincare.ParabolicHolderMultiplier.forcing_apply
FROZEN_CONTRACT_OK: Poincare.ParabolicHolderMultiplier.forcing_eq_sum
FROZEN_CONTRACT_OK: Poincare.ParabolicHolderMultiplier.norm_mul_ddu_entry_le
FROZEN_CONTRACT_OK: Poincare.ParabolicHolderMultiplier.norm_forcing_le
FROZEN_CONTRACT_OK: Poincare.ParabolicHolderMultiplier.norm_error_le
FROZEN_CONTRACT_OK: Poincare.ParabolicHolderMultiplier.error_small
FROZEN_HANDWRITTEN_API_OK: 19 declarations
