Poincare/MaximumPrinciple.lean:60:2: warning: `push_neg` has been deprecated. Prefer using `push Not` instead.
If you'd rather continue using `push_neg` in your project, you can implement it as follows:
```
open Lean.Parser.Tactic in
macro "push_neg" cfg:optConfig loc:(location)? : tactic =>
  `(tactic| push $cfg:optConfig Not $[$loc]?)
```
Poincare/MaximumPrinciple.lean:39:42: warning: Unused tactic linter: `simp [hv]` does nothing

Note: This linter can be disabled with `set_option linter.unusedTactic false`
Poincare/MaximumPrinciple.lean:39:42: warning: this tactic is never executed

Note: This linter can be disabled with `set_option linter.unreachableTactic false`
Poincare/MaximumPrinciple.lean:119:70: warning: This simp argument is unused:
  hw

Hint: Omit it from the simp argument list.
  [apply] simp

Note: This linter can be disabled with `set_option linter.unusedSimpArgs false`
Poincare/MaximumPrinciple.lean:119:60: warning: Used `tac1 <;> tac2` where `(tac1; tac2)` would suffice

Note: This linter can be disabled with `set_option linter.unnecessarySeqFocus false`
Poincare/MaximumPrinciple.lean:193:70: warning: This simp argument is unused:
  hw

Hint: Omit it from the simp argument list.
  [apply] simp

Note: This linter can be disabled with `set_option linter.unusedSimpArgs false`
Poincare/MaximumPrinciple.lean:193:60: warning: Used `tac1 <;> tac2` where `(tac1; tac2)` would suffice

Note: This linter can be disabled with `set_option linter.unnecessarySeqFocus false`
Poincare/MaximumPrinciple.lean:240:24: warning: Used `tac1 <;> tac2` where `(tac1; tac2)` would suffice

Note: This linter can be disabled with `set_option linter.unnecessarySeqFocus false`
Poincare/MaximumPrinciple.lean:242:24: warning: Used `tac1 <;> tac2` where `(tac1; tac2)` would suffice

Note: This linter can be disabled with `set_option linter.unnecessarySeqFocus false`
Poincare/MaximumPrinciple.lean:253:54: warning: Variable name `ha` is not explicitly referenced.

Hint: The binding can be removed (if unused) or named `_` (if used implicitly). Alternatively, prefix the name with `_` to silence this warning:
  [apply] _ha

Note: This linter can be disabled with `set_option linter.unusedVariables false`
Poincare/MaximumPrinciple.lean:266:70: warning: This simp argument is unused:
  hw

Hint: Omit it from the simp argument list.
  [apply] simp

Note: This linter can be disabled with `set_option linter.unusedSimpArgs false`
Poincare/MaximumPrinciple.lean:266:60: warning: Used `tac1 <;> tac2` where `(tac1; tac2)` would suffice

Note: This linter can be disabled with `set_option linter.unnecessarySeqFocus false`
Poincare/MaximumPrinciple.lean:344:2: warning: `push_neg` has been deprecated. Prefer using `push Not` instead.
If you'd rather continue using `push_neg` in your project, you can implement it as follows:
```
open Lean.Parser.Tactic in
macro "push_neg" cfg:optConfig loc:(location)? : tactic =>
  `(tactic| push $cfg:optConfig Not $[$loc]?)
```
Poincare/MaximumPrinciple.lean:423:28: warning: Unused tactic linter: `simp [hg', ContinuousLinearMap.apply_apply]` does nothing

Note: This linter can be disabled with `set_option linter.unusedTactic false`
Poincare/MaximumPrinciple.lean:423:28: warning: this tactic is never executed

Note: This linter can be disabled with `set_option linter.unreachableTactic false`
Poincare/MaximumPrinciple.lean:468:2: warning: `push_neg` has been deprecated. Prefer using `push Not` instead.
If you'd rather continue using `push_neg` in your project, you can implement it as follows:
```
open Lean.Parser.Tactic in
macro "push_neg" cfg:optConfig loc:(location)? : tactic =>
  `(tactic| push $cfg:optConfig Not $[$loc]?)
```
Poincare/MaximumPrinciple.lean:544:32: warning: Unused tactic linter: `simp [g', g'', ContinuousLinearMap.apply_apply]` does nothing

Note: This linter can be disabled with `set_option linter.unusedTactic false`
Poincare/MaximumPrinciple.lean:544:32: warning: this tactic is never executed

Note: This linter can be disabled with `set_option linter.unreachableTactic false`
Poincare/MaximumPrinciple.lean:632:4: warning: `push_neg` has been deprecated. Prefer using `push Not` instead.
If you'd rather continue using `push_neg` in your project, you can implement it as follows:
```
open Lean.Parser.Tactic in
macro "push_neg" cfg:optConfig loc:(location)? : tactic =>
  `(tactic| push $cfg:optConfig Not $[$loc]?)
```
Poincare/MaximumPrinciple.lean:623:16: warning: This simp argument is unused:
  Set.mem_sep_iff

Hint: Omit it from the simp argument list.
  [apply] simp [hS, Set.mem_inter_iff, Set.mem_preimage]

Note: This linter can be disabled with `set_option linter.unusedSimpArgs false`
