Poincare/Global/HamiltonScalarGradientEstimate.lean:53:6: error: Tactic `rewrite` failed: Did not find an occurrence of the pattern
  deriv ((fun s => f s x) / fun s => h s x) t
in the target expression
  deriv (fun s => f s x / h s x) t - g.laplacianAt (fun y => f t y / h t y) x =
    (f' - g.laplacianAt (f t) x) / h t x - f t x * (h' - g.laplacianAt (h t) x) / h t x ^ 2 +
      2 * ((g.inner x) (g.gradientAt (fun y => f t y / h t y) x)) (g.gradientAt (h t) x) / h t x

M : Type u
inst✝³ : TopologicalSpace M
inst✝² : T2Space M
inst✝¹ : ChartedSpace (ClosedSmoothModel 3) M
inst✝ : IsManifold I ∞ M
g : ClosedSmoothRiemannianMetric 3 M
f h : ℝ → M → ℝ
t f' h' : ℝ
x : M
hft : HasDerivAt (fun s => f s x) f' t
hht : HasDerivAt (fun s => h s x) h' t
hf : ∀ (y : M), ContMDiffAt I 𝓘(ℝ, ℝ) 2 (f t) y
hh : ∀ (y : M), ContMDiffAt I 𝓘(ℝ, ℝ) 2 (h t) y
hne : ∀ (y : M), h t y ≠ 0
⊢ deriv (fun s => f s x / h s x) t - g.laplacianAt (fun y => f t y / h t y) x =
    (f' - g.laplacianAt (f t) x) / h t x - f t x * (h' - g.laplacianAt (h t) x) / h t x ^ 2 +
      2 * ((g.inner x) (g.gradientAt (fun y => f t y / h t y) x)) (g.gradientAt (h t) x) / h t x
Poincare/Global/HamiltonScalarGradientEstimate.lean:71:6: error: Tactic `rewrite` failed: Did not find an occurrence of the pattern
  g.gradientAt ((fun y => f y / h y) * h) x
in the target expression
  g.gradientAt (f / h * h) x = (f / h) x • g.gradientAt h x + h x • g.gradientAt (f / h) x

M : Type u
inst✝³ : TopologicalSpace M
inst✝² : T2Space M
inst✝¹ : ChartedSpace (ClosedSmoothModel 3) M
inst✝ : IsManifold I ∞ M
g : ClosedSmoothRiemannianMetric 3 M
f h : M → ℝ
x : M
hf : MDiffAt f x
hh : MDiffAt h x
hne : h x ≠ 0
hq : MDiffAt (f / h) x
heq : (fun y => f y / h y) * h =ᶠ[𝓝 x] f
hp : g.gradientAt (f / h * h) x = (f / h) x • g.gradientAt h x + h x • g.gradientAt (f / h) x
⊢ ((g.inner x) (g.gradientAt (fun y => f y / h y) x)) (g.gradientAt h x) =
    ((g.inner x) (g.gradientAt f x)) (g.gradientAt h x) / h x -
      f x * ((g.inner x) (g.gradientAt h x)) (g.gradientAt h x) / h x ^ 2
