AXIOM_CONTRACT_OK: CovariantDerivative.MetricCompatibleAt
AXIOM_CONTRACT_OK: CovariantDerivative.TorsionFreeAt
AXIOM_CONTRACT_OK: CovariantDerivative.leviCivita_unique_at
AXIOM_CONTRACT_OK: CovariantDerivative.leviCivita_unique_at_values
AXIOM_CONTRACT_OK: CovariantDerivative.koszul_formula
AXIOM_CONTRACT_OK: CovariantDerivative.metricCompatibleAt_eq
AXIOM_CONTRACT_OK: CovariantDerivative.torsionFreeAt_eq
AXIOM_CONTRACT_OK: CovariantDerivative.leviCivita_unique_at_eq
AXIOM_CONTRACT_OK: CovariantDerivative.leviCivita_unique_at_values_eq
AXIOM_CONTRACT_OK: CovariantDerivative.koszul_formula_eq
FROZEN_CONTRACT_OK: CovariantDerivative.MetricCompatibleAt
FROZEN_CONTRACT_OK: CovariantDerivative.TorsionFreeAt
FROZEN_CONTRACT_OK: CovariantDerivative.leviCivita_unique_at
FROZEN_CONTRACT_OK: CovariantDerivative.leviCivita_unique_at_values
FROZEN_CONTRACT_OK: CovariantDerivative.koszul_formula
FROZEN_CONTRACT_OK: CovariantDerivative.metricCompatibleAt_eq
FROZEN_CONTRACT_OK: CovariantDerivative.torsionFreeAt_eq
FROZEN_CONTRACT_OK: CovariantDerivative.leviCivita_unique_at_eq
FROZEN_CONTRACT_OK: CovariantDerivative.leviCivita_unique_at_values_eq
FROZEN_CONTRACT_OK: CovariantDerivative.koszul_formula_eq
