Poincare/Global/HeatKernelPDEn.lean:76:6: error: Tactic `rewrite` failed: Did not find an occurrence of the pattern
  ⟪?x, ?x⟫_ℝ
in the target expression
  Real.exp (-‖x‖ ^ 2 / (4 * t)) * (-(1 / (2 * t)) * ((innerSL ℝ) (![v, v] 0)) (![v, v] 1)) +
      Real.exp (-‖x‖ ^ 2 / (4 * t)) * (-(1 / (2 * t)) * ((innerSL ℝ) x) (![v, v] 0)) *
        (-(1 / (2 * t)) * ((innerSL ℝ) x) (![v, v] 1)) =
    Real.exp (-‖x‖ ^ 2 / (4 * t)) * (⟪x, v⟫_ℝ ^ 2 / (4 * t ^ 2) - ‖v‖ ^ 2 / (2 * t))

E : Type u_1
inst✝¹ : NormedAddCommGroup E
inst✝ : InnerProductSpace ℝ E
t : ℝ
ht : t ≠ 0
x v : E
⊢ Real.exp (-‖x‖ ^ 2 / (4 * t)) * (-(1 / (2 * t)) * ((innerSL ℝ) (![v, v] 0)) (![v, v] 1)) +
      Real.exp (-‖x‖ ^ 2 / (4 * t)) * (-(1 / (2 * t)) * ((innerSL ℝ) x) (![v, v] 0)) *
        (-(1 / (2 * t)) * ((innerSL ℝ) x) (![v, v] 1)) =
    Real.exp (-‖x‖ ^ 2 / (4 * t)) * (⟪x, v⟫_ℝ ^ 2 / (4 * t ^ 2) - ‖v‖ ^ 2 / (2 * t))
Poincare/Global/HeatKernelPDEn.lean:75:4: warning: This simp argument is unused:
  innerSL_apply_apply

Hint: Omit it from the simp argument list.
  [apply] simp only [add_apply, smul_apply, ContinuousLinearMap.smulRight_apply, smul_eq_mul]

Note: This linter can be disabled with `set_option linter.unusedSimpArgs false`
