AXIOM_CONTRACT_OK: Poincare.hasDerivWithinAt_neg_inv
AXIOM_CONTRACT_OK: Poincare.negative_reciprocal_growth_bound
AXIOM_CONTRACT_OK: Poincare.riccati_monotoneOn
AXIOM_CONTRACT_OK: Poincare.negative_reciprocal_initial_bound
AXIOM_CONTRACT_OK: Poincare.lower_bound_of_negative_reciprocal_bound
AXIOM_CONTRACT_OK: Poincare.riccati_lower_barrier_of_negative
AXIOM_CONTRACT_OK: Poincare.riccati_lower_barrier
AXIOM_CONTRACT_OK: Poincare.three_dimensional_scalar_curvature_lower_barrier_of_negative
AXIOM_CONTRACT_OK: Poincare.three_dimensional_scalar_curvature_lower_barrier
AXIOM_CONTRACT_OK: Poincare.segmented_negative_reciprocal_growth_bound
AXIOM_CONTRACT_OK: Poincare.segmented_riccati_lower_barrier_of_negative
AXIOM_CONTRACT_OK: Poincare.three_dimensional_scalar_curvature_segmented_lower_barrier_of_negative
AXIOM_CONTRACT_OK: Poincare.segmented_riccati_pointwise_lower_barrier_of_negative
AXIOM_CONTRACT_OK: Poincare.segmented_riccati_pointwise_lower_barrier
AXIOM_CONTRACT_OK: Poincare.three_dimensional_scalar_curvature_segmented_pointwise_lower_barrier_of_negative
AXIOM_CONTRACT_OK: Poincare.three_dimensional_scalar_curvature_segmented_pointwise_lower_barrier
FROZEN_CONTRACT_OK: Poincare.hasDerivWithinAt_neg_inv
FROZEN_CONTRACT_OK: Poincare.negative_reciprocal_growth_bound
FROZEN_CONTRACT_OK: Poincare.riccati_monotoneOn
FROZEN_CONTRACT_OK: Poincare.negative_reciprocal_initial_bound
FROZEN_CONTRACT_OK: Poincare.lower_bound_of_negative_reciprocal_bound
FROZEN_CONTRACT_OK: Poincare.riccati_lower_barrier_of_negative
FROZEN_CONTRACT_OK: Poincare.riccati_lower_barrier
FROZEN_CONTRACT_OK: Poincare.three_dimensional_scalar_curvature_lower_barrier_of_negative
FROZEN_CONTRACT_OK: Poincare.three_dimensional_scalar_curvature_lower_barrier
FROZEN_CONTRACT_OK: Poincare.segmented_negative_reciprocal_growth_bound
FROZEN_CONTRACT_OK: Poincare.segmented_riccati_lower_barrier_of_negative
FROZEN_CONTRACT_OK: Poincare.three_dimensional_scalar_curvature_segmented_lower_barrier_of_negative
FROZEN_CONTRACT_OK: Poincare.segmented_riccati_pointwise_lower_barrier_of_negative
FROZEN_CONTRACT_OK: Poincare.segmented_riccati_pointwise_lower_barrier
FROZEN_CONTRACT_OK: Poincare.three_dimensional_scalar_curvature_segmented_pointwise_lower_barrier_of_negative
FROZEN_CONTRACT_OK: Poincare.three_dimensional_scalar_curvature_segmented_pointwise_lower_barrier
