AXIOM_CONTRACT_OK: flatCovariantDerivative_contMDiff
AXIOM_CONTRACT_OK: mdiffAt_vectorSpace_iff_differentiableAt
AXIOM_CONTRACT_OK: flatCovariantDerivative
AXIOM_CONTRACT_OK: flatCovariantDerivative_apply
AXIOM_CONTRACT_OK: mlieBracket_vectorSpace_eq
AXIOM_CONTRACT_OK: flatCovariantDerivative_curvatureOp_eq_zero
AXIOM_CONTRACT_OK: flatCovariantDerivative_torsion_eq_zero
AXIOM_CONTRACT_OK: flatCovariantDerivative_inner_compatible
AXIOM_CONTRACT_OK: flatCovariantDerivative_eq
AXIOM_CONTRACT_OK: mdiffAt_vectorSpace_iff_differentiableAt_eq
AXIOM_CONTRACT_OK: flatCovariantDerivative_apply_eq
AXIOM_CONTRACT_OK: flatCovariantDerivative_curvatureOp_eq_zero_eq
AXIOM_CONTRACT_OK: flatCovariantDerivative_torsion_eq_zero_eq
AXIOM_CONTRACT_OK: flatCovariantDerivative_inner_compatible_eq
FROZEN_CONTRACT_OK: flatCovariantDerivative_contMDiff
FROZEN_CONTRACT_OK: mdiffAt_vectorSpace_iff_differentiableAt
FROZEN_CONTRACT_OK: flatCovariantDerivative
FROZEN_CONTRACT_OK: flatCovariantDerivative_apply
FROZEN_CONTRACT_OK: mlieBracket_vectorSpace_eq
FROZEN_CONTRACT_OK: flatCovariantDerivative_curvatureOp_eq_zero
FROZEN_CONTRACT_OK: flatCovariantDerivative_torsion_eq_zero
FROZEN_CONTRACT_OK: flatCovariantDerivative_inner_compatible
FROZEN_CONTRACT_OK: flatCovariantDerivative_eq
FROZEN_CONTRACT_OK: mdiffAt_vectorSpace_iff_differentiableAt_eq
FROZEN_CONTRACT_OK: flatCovariantDerivative_apply_eq
FROZEN_CONTRACT_OK: flatCovariantDerivative_curvatureOp_eq_zero_eq
FROZEN_CONTRACT_OK: flatCovariantDerivative_torsion_eq_zero_eq
FROZEN_CONTRACT_OK: flatCovariantDerivative_inner_compatible_eq
