== Interface audit ==
PASS: IsRicciTensorOf is a proof-bearing structure in Poincare/RicciFlow.lean
PASS: IsMetricTimeDerivativeOf is a proof-bearing structure in Poincare/RicciFlow.lean
PASS: SatisfiesRicciFlowEquation is a proof-bearing structure in Poincare/RicciFlow.lean
PASS: HasLeviCivitaConnectionTheory is a proof-bearing structure in Poincare/AnalyticFoundation.lean
PASS: HasLeviCivitaConnectionExistence is a proof-bearing structure in Poincare/AnalyticFoundation.lean
PASS: HasLeviCivitaConnectionUniqueness is a proof-bearing structure in Poincare/AnalyticFoundation.lean
PASS: HasLeviCivitaTorsionFreeProperty is a proof-bearing structure in Poincare/AnalyticFoundation.lean
PASS: HasLeviCivitaMetricCompatibility is a proof-bearing structure in Poincare/AnalyticFoundation.lean
PASS: HasRiemannCurvatureTensorTheory is a proof-bearing structure in Poincare/AnalyticFoundation.lean
PASS: HasRiemannCurvatureTensorConstruction is a proof-bearing structure in Poincare/AnalyticFoundation.lean
PASS: HasRiemannCurvatureTensorSymmetries is a proof-bearing structure in Poincare/AnalyticFoundation.lean
PASS: HasFirstBianchiIdentity is a proof-bearing structure in Poincare/AnalyticFoundation.lean
PASS: HasSecondBianchiIdentity is a proof-bearing structure in Poincare/AnalyticFoundation.lean
PASS: HasRicciContractionTheory is a proof-bearing structure in Poincare/AnalyticFoundation.lean
PASS: HasRicciTensorContractionFormula is a proof-bearing structure in Poincare/AnalyticFoundation.lean
PASS: HasScalarCurvatureContractionFormula is a proof-bearing structure in Poincare/AnalyticFoundation.lean
PASS: HasTimeDependentMetricRegularity is a proof-bearing structure in Poincare/AnalyticFoundation.lean
PASS: HasMetricTimeDerivativeTheory is a proof-bearing structure in Poincare/AnalyticFoundation.lean
PASS: HasScalarCurvatureTheory is a proof-bearing structure in Poincare/AnalyticFoundation.lean
PASS: HasRicciFlowEquationDerivation is a proof-bearing structure in Poincare/AnalyticFoundation.lean
PASS: HasInitialMetricCompatibility is a proof-bearing structure in Poincare/AnalyticFoundation.lean
PASS: HasDeTurckGaugeFixing is a proof-bearing structure in Poincare/AnalyticFoundation.lean
PASS: HasDeTurckBackgroundMetricCompatibility is a proof-bearing structure in Poincare/AnalyticFoundation.lean
PASS: HasDeTurckVectorFieldConstruction is a proof-bearing structure in Poincare/AnalyticFoundation.lean
PASS: HasDeTurckEquationDerivation is a proof-bearing structure in Poincare/AnalyticFoundation.lean
PASS: HasRicciDeTurckLinearization is a proof-bearing structure in Poincare/AnalyticFoundation.lean
PASS: HasStrictlyParabolicDeTurckSystem is a proof-bearing structure in Poincare/AnalyticFoundation.lean
PASS: HasParabolicLinearTheory is a proof-bearing structure in Poincare/AnalyticFoundation.lean
PASS: HasParabolicFixedPointArgument is a proof-bearing structure in Poincare/AnalyticFoundation.lean
PASS: HasDeTurckShortTimeExistence is a proof-bearing structure in Poincare/AnalyticFoundation.lean
PASS: HasShortTimeRegularityBootstrap is a proof-bearing structure in Poincare/AnalyticFoundation.lean
PASS: HasDeTurckDiffeomorphismODE is a proof-bearing structure in Poincare/AnalyticFoundation.lean
PASS: HasDeTurckPullbackEquationIdentity is a proof-bearing structure in Poincare/AnalyticFoundation.lean
PASS: HasDeTurckPullbackToRicciFlow is a proof-bearing structure in Poincare/AnalyticFoundation.lean
PASS: HasShortTimeRicciFlowSolution is a proof-bearing structure in Poincare/AnalyticFoundation.lean
PASS: HasRicciFlowMaximalTimeInterval is a proof-bearing structure in Poincare/AnalyticFoundation.lean
PASS: HasRicciFlowContinuationCriterion is a proof-bearing structure in Poincare/AnalyticFoundation.lean
PASS: HasCurvatureBlowUpContinuationCriterion is a proof-bearing structure in Poincare/AnalyticFoundation.lean
PASS: HasMaximalSolutionExtension is a proof-bearing structure in Poincare/AnalyticFoundation.lean
PASS: HasParabolicSchauderEstimates is a proof-bearing structure in Poincare/AnalyticFoundation.lean
PASS: HasRicciFlowParabolicRegularity is a proof-bearing structure in Poincare/AnalyticFoundation.lean
PASS: HasShiDerivativeEstimates is a proof-bearing structure in Poincare/AnalyticFoundation.lean
PASS: HasCurvatureDerivativeBootstrap is a proof-bearing structure in Poincare/AnalyticFoundation.lean
PASS: HasHamiltonMaximumPrinciple is a proof-bearing structure in Poincare/AnalyticFoundation.lean
PASS: HasRicciFlowUniquenessTheory is a proof-bearing structure in Poincare/AnalyticFoundation.lean
PASS: HasMetricEvolutionEquation is a proof-bearing structure in Poincare/AnalyticFoundation.lean
PASS: HasRicciTensorEvolutionEquation is a proof-bearing structure in Poincare/AnalyticFoundation.lean
PASS: HasScalarCurvatureEvolutionEquation is a proof-bearing structure in Poincare/AnalyticFoundation.lean
PASS: HasCurvatureNormEvolutionInequality is a proof-bearing structure in Poincare/AnalyticFoundation.lean
PASS: HasCurvatureEvolutionEquations is a proof-bearing structure in Poincare/AnalyticFoundation.lean
PASS: FiniteExtinctionByRicciFlowWithSurgery is a proof-bearing structure in Poincare/RicciFlowInterface.lean
PASS: HasRicciFlowWithSurgery is a proof-bearing structure in Poincare/Surgery.lean
PASS: HasSurgeryParameterSelection is a proof-bearing structure in Poincare/Surgery.lean
PASS: HasSurgeryScaleFunction is a proof-bearing structure in Poincare/Surgery.lean
PASS: HasSurgeryScaleContinuity is a proof-bearing structure in Poincare/Surgery.lean
PASS: HasSurgeryScaleSeparation is a proof-bearing structure in Poincare/Surgery.lean
PASS: HasSurgeryCutoffParameterControl is a proof-bearing structure in Poincare/Surgery.lean
PASS: HasSurgeryCutoffSmoothBumpFunction is a proof-bearing structure in Poincare/Surgery.lean
PASS: HasSurgeryNeckDecomposition is a proof-bearing structure in Poincare/Surgery.lean
PASS: HasStrongDeltaNeckDetection is a proof-bearing structure in Poincare/Surgery.lean
PASS: HasSurgeryNeckSeparation is a proof-bearing structure in Poincare/Surgery.lean
PASS: HasSurgeryNeckParametrization is a proof-bearing structure in Poincare/Surgery.lean
PASS: HasSurgeryNeckCanonicalCoordinates is a proof-bearing structure in Poincare/Surgery.lean
PASS: HasSurgeryCapConstruction is a proof-bearing structure in Poincare/Surgery.lean
PASS: HasStandardCapModel is a proof-bearing structure in Poincare/Surgery.lean
PASS: HasCapGluingSmoothness is a proof-bearing structure in Poincare/Surgery.lean
PASS: HasSurgeryCapMetricInterpolation is a proof-bearing structure in Poincare/Surgery.lean
PASS: HasSurgeryCapCurvatureEstimates is a proof-bearing structure in Poincare/Surgery.lean
PASS: HasPostSurgeryMetricControl is a proof-bearing structure in Poincare/Surgery.lean
PASS: HasPostSurgeryCurvaturePinching is a proof-bearing structure in Poincare/Surgery.lean
PASS: HasPostSurgeryNoncollapsingControl is a proof-bearing structure in Poincare/Surgery.lean
PASS: HasPostSurgeryDerivativeBounds is a proof-bearing structure in Poincare/Surgery.lean
PASS: HasPostSurgeryCanonicalNeighborhoodPersistence is a proof-bearing structure in Poincare/Surgery.lean
PASS: HasLongTimeSurgeryContinuation is a proof-bearing structure in Poincare/Surgery.lean
PASS: HasSurgeryTimeDiscreteness is a proof-bearing structure in Poincare/Surgery.lean
PASS: HasSurgeryTimeLocalFiniteness is a proof-bearing structure in Poincare/Surgery.lean
PASS: HasLongTimeExistenceIteration is a proof-bearing structure in Poincare/Surgery.lean
PASS: HasLongTimeSurgeryParameterCoherence is a proof-bearing structure in Poincare/Surgery.lean
PASS: HasLongTimeNonaccumulation is a proof-bearing structure in Poincare/Surgery.lean
PASS: HasPerelmanSingularityControl is a proof-bearing structure in Poincare/Surgery.lean
PASS: HasPerelmanEntropyFunctional is a proof-bearing structure in Poincare/Surgery.lean
PASS: HasPerelmanFFunctionalSetup is a proof-bearing structure in Poincare/Surgery.lean
PASS: HasPerelmanEntropyNormalization is a proof-bearing structure in Poincare/Surgery.lean
PASS: HasPerelmanEntropyMinimizerExistence is a proof-bearing structure in Poincare/Surgery.lean
PASS: HasPerelmanEntropyLogSobolevControl is a proof-bearing structure in Poincare/Surgery.lean
PASS: HasConjugateHeatEquationTheory is a proof-bearing structure in Poincare/Surgery.lean
PASS: HasAdjointHeatKernelConstruction is a proof-bearing structure in Poincare/Surgery.lean
PASS: HasPerelmanConjugateHeatKernelEstimates is a proof-bearing structure in Poincare/Surgery.lean
PASS: HasPerelmanWFunctionalSetup is a proof-bearing structure in Poincare/Surgery.lean
PASS: HasPerelmanEntropyGradientFormula is a proof-bearing structure in Poincare/Surgery.lean
PASS: HasPerelmanEntropyFirstVariation is a proof-bearing structure in Poincare/Surgery.lean
PASS: HasPerelmanEntropyMonotonicity is a proof-bearing structure in Poincare/Surgery.lean
PASS: HasPerelmanEntropyLowerBoundPropagation is a proof-bearing structure in Poincare/Surgery.lean
PASS: HasPerelmanReducedDistanceTheory is a proof-bearing structure in Poincare/Surgery.lean
PASS: HasPerelmanReducedLengthFirstVariation is a proof-bearing structure in Poincare/Surgery.lean
PASS: HasPerelmanReducedDistanceExistence is a proof-bearing structure in Poincare/Surgery.lean
PASS: HasPerelmanReducedDistanceDifferentialInequality is a proof-bearing structure in Poincare/Surgery.lean
PASS: HasPerelmanReducedDistanceEstimates is a proof-bearing structure in Poincare/Surgery.lean
PASS: HasPerelmanReducedDistanceCutLocusControl is a proof-bearing structure in Poincare/Surgery.lean
PASS: HasPerelmanReducedJacobianComparison is a proof-bearing structure in Poincare/Surgery.lean
PASS: HasPerelmanReducedVolumeNonincreasing is a proof-bearing structure in Poincare/Surgery.lean
PASS: HasPerelmanReducedVolumeDefinition is a proof-bearing structure in Poincare/Surgery.lean
PASS: HasPerelmanReducedVolumeDerivativeFormula is a proof-bearing structure in Poincare/Surgery.lean
PASS: HasPerelmanReducedVolumeRigidity is a proof-bearing structure in Poincare/Surgery.lean
PASS: HasPerelmanReducedVolumePositiveLowerBound is a proof-bearing structure in Poincare/Surgery.lean
PASS: HasPerelmanReducedVolumeLimitRigidity is a proof-bearing structure in Poincare/Surgery.lean
PASS: HasPerelmanKappaNoncollapsingQuantification is a proof-bearing structure in Poincare/Surgery.lean
PASS: HasPerelmanNoLocalCollapsingContradictionSetup is a proof-bearing structure in Poincare/Surgery.lean
PASS: HasPerelmanCollapsedBallBlowup is a proof-bearing structure in Poincare/Surgery.lean
PASS: HasPerelmanVolumeRatioContradiction is a proof-bearing structure in Poincare/Surgery.lean
PASS: HasPerelmanKappaNoncollapsingFromReducedVolume is a proof-bearing structure in Poincare/Surgery.lean
PASS: HasNoLocalCollapsingVolumeLowerBound is a proof-bearing structure in Poincare/Surgery.lean
PASS: HasHamiltonCompactnessTheorem is a proof-bearing structure in Poincare/Surgery.lean
PASS: HasAncientKappaSolutionCompactness is a proof-bearing structure in Poincare/Surgery.lean
PASS: HasAncientKappaSolutionLimitExtraction is a proof-bearing structure in Poincare/Surgery.lean
PASS: HasKappaSolutionPointedRescaling is a proof-bearing structure in Poincare/Surgery.lean
PASS: HasKappaSolutionCurvatureNormalization is a proof-bearing structure in Poincare/Surgery.lean
PASS: HasKappaSolutionStructureTheory is a proof-bearing structure in Poincare/Surgery.lean
PASS: HasKappaSolutionNonnegativeCurvatureOperator is a proof-bearing structure in Poincare/Surgery.lean
PASS: HasKappaSolutionAsymptoticSoliton is a proof-bearing structure in Poincare/Surgery.lean
PASS: HasCanonicalNeighborhoodClassification is a proof-bearing structure in Poincare/Surgery.lean
PASS: HasCanonicalNeighborhoodNeckCapDichotomy is a proof-bearing structure in Poincare/Surgery.lean
PASS: HasCanonicalNeighborhoodScaleControl is a proof-bearing structure in Poincare/Surgery.lean
PASS: HasCanonicalNeighborhoodStability is a proof-bearing structure in Poincare/Surgery.lean
PASS: HasCanonicalNeighborhoodPersistenceAcrossScales is a proof-bearing structure in Poincare/Surgery.lean
PASS: HasPerelmanNoLocalCollapsing is a proof-bearing structure in Poincare/Surgery.lean
PASS: HasPerelmanReducedVolumeMonotonicity is a proof-bearing structure in Poincare/Surgery.lean
PASS: HasCanonicalNeighborhoodTheorem is a proof-bearing structure in Poincare/Surgery.lean
PASS: HasSingularityModelClassification is a proof-bearing structure in Poincare/Surgery.lean
PASS: HasSingularityModelBlowupClassification is a proof-bearing structure in Poincare/Surgery.lean
PASS: HasFiniteExtinctionFundamentalGroupInput is proof-resolved by finite fundamental groups
PASS: HasFiniteExtinctionSweepoutExistence is a proof-bearing structure in Poincare/Surgery.lean
PASS: HasFiniteExtinctionSweepoutParameterSpace is a proof-bearing structure in Poincare/Surgery.lean
PASS: HasFiniteExtinctionSweepoutContinuity is a proof-bearing structure in Poincare/Surgery.lean
PASS: HasFiniteExtinctionSweepoutAreaBound is a proof-bearing structure in Poincare/Surgery.lean
PASS: HasFiniteExtinctionSweepoutNontriviality is a proof-bearing structure in Poincare/Surgery.lean
PASS: HasFiniteExtinctionAreaFunctionalSetup is a proof-bearing structure in Poincare/Surgery.lean
PASS: HasFiniteExtinctionMinMaxWidthDefinition is a proof-bearing structure in Poincare/Surgery.lean
PASS: HasFiniteExtinctionWidthCompactness is a proof-bearing structure in Poincare/Surgery.lean
PASS: HasFiniteExtinctionWidthLowerSemicontinuity is a proof-bearing structure in Poincare/Surgery.lean
PASS: HasFiniteExtinctionMinimizingSequence is a proof-bearing structure in Poincare/Surgery.lean
PASS: HasFiniteExtinctionPullTightArgument is a proof-bearing structure in Poincare/Surgery.lean
PASS: HasFiniteExtinctionMinMaxStationarity is a proof-bearing structure in Poincare/Surgery.lean
PASS: HasFiniteExtinctionMinSurfaceRegularity is a proof-bearing structure in Poincare/Surgery.lean
PASS: HasFiniteExtinctionPositiveWidth is a proof-bearing structure in Poincare/Surgery.lean
PASS: HasFiniteExtinctionWidthTheory is a proof-bearing structure in Poincare/Surgery.lean
PASS: HasFiniteExtinctionFirstVariationFormula is a proof-bearing structure in Poincare/Surgery.lean
PASS: HasFiniteExtinctionSecondVariationInequality is a proof-bearing structure in Poincare/Surgery.lean
PASS: HasFiniteExtinctionGaussBonnetEstimate is a proof-bearing structure in Poincare/Surgery.lean
PASS: HasFiniteExtinctionScalarCurvatureWidthBound is a proof-bearing structure in Poincare/Surgery.lean
PASS: HasFiniteExtinctionWidthEvolution is a proof-bearing structure in Poincare/Surgery.lean
PASS: HasFiniteExtinctionWidthDifferentialInequality is a proof-bearing structure in Poincare/Surgery.lean
PASS: HasFiniteExtinctionSurgeryMetricComparison is a proof-bearing structure in Poincare/Surgery.lean
PASS: HasFiniteExtinctionSurgeryWidthComparisonMap is a proof-bearing structure in Poincare/Surgery.lean
PASS: HasFiniteExtinctionSurgeryWidthDrop is a proof-bearing structure in Poincare/Surgery.lean
PASS: HasFiniteExtinctionSurgeryDiscardControl is a proof-bearing structure in Poincare/Surgery.lean
PASS: HasFiniteExtinctionDiscardedComponentWidthNeutrality is a proof-bearing structure in Poincare/Surgery.lean
PASS: HasFiniteExtinctionDiscardedComponentSweepoutTriviality is a proof-bearing structure in Poincare/Surgery.lean
PASS: HasFiniteExtinctionDiscardedComponentClassification is a proof-bearing structure in Poincare/Surgery.lean
PASS: HasFiniteExtinctionSurvivingComponentTracking is a proof-bearing structure in Poincare/Surgery.lean
PASS: HasFiniteExtinctionComponentTopology is a proof-bearing structure in Poincare/Surgery.lean
PASS: HasFiniteExtinctionDerivation is a proof-bearing structure in Poincare/Surgery.lean
PASS: HasFiniteExtinctionCurvaturePinching is a proof-bearing structure in Poincare/Surgery.lean
PASS: HasFiniteExtinctionPositiveScalarCurvatureLowerBound is a proof-bearing structure in Poincare/Surgery.lean
PASS: HasFiniteExtinctionPositiveScalarCurvaturePersistence is a proof-bearing structure in Poincare/Surgery.lean
PASS: HasFiniteExtinctionComponentControl is a proof-bearing structure in Poincare/Surgery.lean
PASS: HasFiniteExtinctionVolumeEvolutionFormula is a proof-bearing structure in Poincare/Surgery.lean
PASS: HasFiniteExtinctionSurgeryVolumeNonincrease is a proof-bearing structure in Poincare/Surgery.lean
PASS: HasFiniteExtinctionScalarCurvatureDifferentialInequality is a proof-bearing structure in Poincare/Surgery.lean
PASS: HasFiniteExtinctionVolumeDifferentialInequality is a proof-bearing structure in Poincare/Surgery.lean
PASS: HasFiniteExtinctionVolumeDecayEstimate is a proof-bearing structure in Poincare/Surgery.lean
PASS: HasFiniteExtinctionTimeBound is a proof-bearing structure in Poincare/Surgery.lean
PASS: HasFiniteExtinctionDifferentialInequalityIntegration is a proof-bearing structure in Poincare/Surgery.lean
PASS: HasFiniteExtinctionFiniteTimeIntegration is a proof-bearing structure in Poincare/Surgery.lean
PASS: HasFiniteExtinctionSurgeryTimeSummability is a proof-bearing structure in Poincare/Surgery.lean
PASS: HasFiniteExtinctionExtinctionTimeContradiction is a proof-bearing structure in Poincare/Surgery.lean
PASS: HasFiniteExtinctionConclusionDerivation is a proof-bearing structure in Poincare/Surgery.lean
PASS: HasExtinctionTopologyDecomposition is a proof-bearing structure in Poincare/TopologyExtraction.lean
PASS: HasExtinctionSurgeryTraceReconstruction is a proof-bearing structure in Poincare/TopologyExtraction.lean
PASS: HasExtinctionSurgeryTraceHandleCancellation is a proof-bearing structure in Poincare/TopologyExtraction.lean
PASS: HasExtinctionComponentClassification is a proof-bearing structure in Poincare/TopologyExtraction.lean
PASS: HasExtinctionDiscardedComponentHomeomorphismClassification is a proof-bearing structure in Poincare/TopologyExtraction.lean
PASS: HasExtinctionComponentInventory is a proof-bearing structure in Poincare/TopologyExtraction.lean
PASS: HasExtinctionComponentBoundarySphereControl is a proof-bearing structure in Poincare/TopologyExtraction.lean
PASS: HasThreeSphereRecognition is a proof-bearing structure in Poincare/TopologyExtraction.lean
PASS: HasExtinctionPrimeDecomposition is a proof-bearing structure in Poincare/TopologyExtraction.lean
PASS: HasExtinctionPrimeDecompositionExistence is a proof-bearing structure in Poincare/TopologyExtraction.lean
PASS: HasExtinctionSphereTheoremApplication is a proof-bearing structure in Poincare/TopologyExtraction.lean
PASS: HasExtinctionEmbeddedSphereProduction is a proof-bearing structure in Poincare/TopologyExtraction.lean
PASS: HasExtinctionLoopTheoremApplication is a proof-bearing structure in Poincare/TopologyExtraction.lean
PASS: HasExtinctionPrimeDecompositionCompatibility is a proof-bearing structure in Poincare/TopologyExtraction.lean
PASS: HasExtinctionPrimeFactorUniqueness is a proof-bearing structure in Poincare/TopologyExtraction.lean
PASS: HasExtinctionIrreducibility is a proof-bearing structure in Poincare/TopologyExtraction.lean
PASS: HasExtinctionIrreducibleFactorRecognition is a proof-bearing structure in Poincare/TopologyExtraction.lean
PASS: HasExtinctionConnectedSumCollapse is a proof-bearing structure in Poincare/TopologyExtraction.lean
PASS: HasExtinctionConnectedSumFundamentalGroupControl is a proof-bearing structure in Poincare/TopologyExtraction.lean
PASS: HasExtinctionConnectedSumVanKampenCalculation is a proof-bearing structure in Poincare/TopologyExtraction.lean
PASS: HasExtinctionSimplyConnectedPrimeFactorControl is a proof-bearing structure in Poincare/TopologyExtraction.lean
PASS: HasExtinctionSphericalSpaceFormReduction is a proof-bearing structure in Poincare/TopologyExtraction.lean
PASS: HasSphericalSpaceFormClassification is a proof-bearing structure in Poincare/TopologyExtraction.lean
PASS: HasSphericalSpaceFormQuotientModel is a proof-bearing structure in Poincare/TopologyExtraction.lean
PASS: HasSphericalSpaceFormFreeAction is a proof-bearing structure in Poincare/TopologyExtraction.lean
PASS: HasSphericalSpaceFormUniversalCover is a proof-bearing structure in Poincare/TopologyExtraction.lean
PASS: HasSphericalSpaceFormCoveringModel is a proof-bearing structure in Poincare/TopologyExtraction.lean
PASS: HasSphericalSpaceFormCoveringProjection is a proof-bearing structure in Poincare/TopologyExtraction.lean
PASS: HasSphericalSpaceFormFundamentalGroupComputation is a proof-bearing structure in Poincare/TopologyExtraction.lean
PASS: HasSphericalSpaceFormDeckGroupIdentification is a proof-bearing structure in Poincare/TopologyExtraction.lean
PASS: HasSphericalSpaceFormDeckActionProperness is a proof-bearing structure in Poincare/TopologyExtraction.lean
PASS: HasSphericalSpaceFormDeckGroupTriviality is a proof-bearing structure in Poincare/TopologyExtraction.lean
PASS: HasSphericalSpaceFormDeckActionTrivialization is a proof-bearing structure in Poincare/TopologyExtraction.lean
PASS: HasSphericalSpaceFormTrivialDeckQuotientIdentification is a proof-bearing structure in Poincare/TopologyExtraction.lean
PASS: HasSimplyConnectedExtinctionRecognition is a proof-bearing structure in Poincare/TopologyExtraction.lean
PASS: HasTrivialSphericalSpaceFormQuotient is a proof-bearing structure in Poincare/TopologyExtraction.lean
PASS: HasSphericalSpaceFormTrivialQuotientHomeomorphism is a proof-bearing structure in Poincare/TopologyExtraction.lean
PASS: HasSphericalSpaceFormHomeomorphismLift is a proof-bearing structure in Poincare/TopologyExtraction.lean
PASS: HasExtinctionHomeomorphismAssembly is a proof-bearing structure in Poincare/TopologyExtraction.lean
PASS: HasExtinctionHomeomorphismDerivation is a proof-bearing structure in Poincare/TopologyExtraction.lean
PASS: HasMoiseTriangulation is a proof-bearing structure in Poincare/Smoothability.lean
PASS: HasMoiseLocalTriangulationCharts is a proof-bearing structure in Poincare/Smoothability.lean
PASS: HasMoiseLocallyFiniteCoverRefinement is a proof-bearing structure in Poincare/Smoothability.lean
PASS: HasMoiseSimplicialComplex is a proof-bearing structure in Poincare/Smoothability.lean
PASS: HasMoiseCompatibleChartTriangulations is a proof-bearing structure in Poincare/Smoothability.lean
PASS: HasMoiseSimplicialApproximation is a proof-bearing structure in Poincare/Smoothability.lean
PASS: HasMoiseStarNeighborhoodBasis is a proof-bearing structure in Poincare/Smoothability.lean
PASS: HasMoiseBarycentricSubdivisionControl is a proof-bearing structure in Poincare/Smoothability.lean
PASS: HasMoiseRegularNeighborhoodCompatibility is a proof-bearing structure in Poincare/Smoothability.lean
PASS: HasMoiseTriangulationLocalFiniteness is a proof-bearing structure in Poincare/Smoothability.lean
PASS: HasMoiseLinkCompatibility is a proof-bearing structure in Poincare/Smoothability.lean
PASS: HasMoisePLManifoldRecognition is a proof-bearing structure in Poincare/Smoothability.lean
PASS: HasMoiseTriangulationHomeomorphism is a proof-bearing structure in Poincare/Smoothability.lean
PASS: HasMoiseTriangulationCompatibility is a proof-bearing structure in Poincare/Smoothability.lean
PASS: HasMoiseTriangulationUniqueness is a proof-bearing structure in Poincare/Smoothability.lean
PASS: HasMoiseHauptvermutungDimensionThree is a proof-bearing structure in Poincare/Smoothability.lean
PASS: HasCompatiblePLStructure is a proof-bearing structure in Poincare/Smoothability.lean
PASS: HasPLTransitionCompatibility is a proof-bearing structure in Poincare/Smoothability.lean
PASS: HasCompatiblePLAtlas is a proof-bearing structure in Poincare/Smoothability.lean
PASS: HasPLManifoldAtlas is a proof-bearing structure in Poincare/Smoothability.lean
PASS: HasPLCollarNeighborhoodCompatibility is a proof-bearing structure in Poincare/Smoothability.lean
PASS: HasPLHomeomorphismCompatibility is a proof-bearing structure in Poincare/Smoothability.lean
PASS: HasPLAtlasMaximality is a proof-bearing structure in Poincare/Smoothability.lean
PASS: HasPLSmoothingExistence is a proof-bearing structure in Poincare/Smoothability.lean
PASS: HasPLSmoothingObstructionVanishing is a proof-bearing structure in Poincare/Smoothability.lean
PASS: HasPLMicrobundleSmoothing is a proof-bearing structure in Poincare/Smoothability.lean
PASS: HasPLSmoothingTheorem is a proof-bearing structure in Poincare/Smoothability.lean
PASS: HasPLSmoothingCompatibility is a proof-bearing structure in Poincare/Smoothability.lean
PASS: HasPLSmoothingUniqueness is a proof-bearing structure in Poincare/Smoothability.lean
PASS: HasPLSmoothingLocalModelCompatibility is a proof-bearing structure in Poincare/Smoothability.lean
PASS: HasThreeManifoldSmoothStructure is a proof-bearing structure in Poincare/Smoothability.lean
PASS: HasSmoothAtlasConstruction is a proof-bearing structure in Poincare/Smoothability.lean
PASS: HasSmoothAtlasPLCompatibility is a proof-bearing structure in Poincare/Smoothability.lean
PASS: HasSmoothAtlasMaximality is a proof-bearing structure in Poincare/Smoothability.lean
PASS: HasSmoothAtlasUniqueness is a proof-bearing structure in Poincare/Smoothability.lean
PASS: HasSmoothStructureUniquenessUpToDiffeomorphism is a proof-bearing structure in Poincare/Smoothability.lean
PASS: HasSmoothTransitionCompatibility is a proof-bearing structure in Poincare/Smoothability.lean
PASS: HasSmoothAtlasTransitionSmoothness is a proof-bearing structure in Poincare/Smoothability.lean
PASS: HasSmoothStructureDerivation is a proof-bearing structure in Poincare/Smoothability.lean
PASS: HasSmoothabilityBridgeDerivation is a proof-bearing structure in Poincare/Smoothability.lean
PASS: HasSmoothManifoldModelCompatibility is a proof-bearing structure in Poincare/Smoothability.lean
PASS: HasSmoothChartCompatibility is a proof-bearing structure in Poincare/Smoothability.lean
INTERFACES: gap-bearing predicates guarded and proof-resolved interfaces verified
