== Root import audit ==
PASS: generalized route counterparts are present in root import audit surface
PASS: projected-dependency route equality contracts expose direct endpoint names in root import audit surface
PASS: CompletionTarget boundary-aware analytic-foundation certificate route equality contracts expose direct endpoint names in root import audit surface
PASS: CompletionTarget boundary-aware analytic derivation-boundary payload certificate route equality contracts expose direct endpoint names in root import audit surface
PASS: CompletionTarget boundary-aware analytic derivation certificate route equality contracts expose direct endpoint names in root import audit surface
PASS: CompletionTarget boundary-aware finite-extinction certificate route equality contracts expose direct endpoint names in root import audit surface
PASS: CompletionTarget top-level boundary-aware completion-certificate projection route equality contracts expose direct endpoint names in root import audit surface
PASS: CompletionTarget boundary-aware checked-certificate payload projection route equality contracts expose direct endpoint names in root import audit surface
PASS: CompletionTarget literal-payload checked-certificate bootstrap route equality contracts expose direct endpoint names in root import audit surface
PASS: CompletionTarget remaining-dependency checked-certificate field reconstruction route equality contracts expose direct endpoint names in root import audit surface
PASS: CompletionTarget strengthened remaining-package checked-certificate route equality contracts expose direct endpoint names in root import audit surface
PASS: CompletionTarget strengthened remaining-package requirement/projection checked-certificate route equality contracts expose direct endpoint names in root import audit surface
PASS: CompletionTarget strengthened remaining-package component-requirements payload checked-certificate route equality contracts expose direct endpoint names in root import audit surface
PASS: CompletionTarget strengthened remaining-package package-layer requirements payload checked-certificate route equality contracts expose direct endpoint names in root import audit surface
PASS: CompletionTarget strengthened remaining-package milestone requirements payload checked-certificate route equality contracts expose direct endpoint names in root import audit surface
PASS: CompletionTarget strengthened remaining-package boundary-target component-requirements payload checked-certificate route equality contracts expose direct endpoint names in root import audit surface
PASS: CompletionTarget strengthened remaining-package boundary-target package-layer requirements payload checked-certificate route equality contracts expose direct endpoint names in root import audit surface
PASS: CompletionTarget strengthened remaining-package boundary-target milestone requirements payload checked-certificate route equality contracts expose direct endpoint names in root import audit surface
PASS: CompletionTarget strengthened remaining-package boundary-target component extraction-derivation requirements payload checked-certificate route equality contracts expose direct endpoint names in root import audit surface
PASS: CompletionTarget strengthened remaining-package boundary-target package-layer extraction-derivation requirements payload checked-certificate route equality contracts expose direct endpoint names in root import audit surface
PASS: CompletionTarget strengthened remaining-package boundary-target milestone extraction-derivation requirements payload checked-certificate route equality contracts expose direct endpoint names in root import audit surface
PASS: CompletionTarget boundary-aware theorem-name constructor payload route equality contracts expose direct endpoint names in root import audit surface
PASS: CompletionTarget boundary-aware literal-payload constructor payload route equality contracts expose direct endpoint names in root import audit surface
PASS: CompletionTarget boundary-aware project-statement constructor payload route equality contracts expose direct endpoint names in root import audit surface
PASS: CompletionTarget boundary-aware aggregate-dependency constructor payload route equality contracts expose direct endpoint names in root import audit surface
PASS: CompletionTarget boundary-aware literal-payload constructor route equality contracts expose direct endpoint names in root import audit surface
PASS: CompletionTarget boundary-aware project-statement constructor route equality contracts expose direct endpoint names in root import audit surface
PASS: CompletionTarget boundary-aware aggregate-dependency payload constructor route equality contracts expose direct endpoint names in root import audit surface
PASS: CompletionTarget boundary-aware equation-boundary payload certificate route equality contracts expose direct endpoint names in root import audit surface
PASS: RicciFlowInterface reserved route equality contracts expose direct endpoint names in root import audit surface
PASS: FullAssembly certified extraction route equality contracts expose direct endpoint names in root import audit surface
PASS: FullAssembly package extraction statement route equality contracts expose direct endpoint names in root import audit surface
PASS: FullAssembly package topology extraction-derivation route equality contracts expose direct endpoint names in root import audit surface
PASS: FullAssembly boundary input route equality contracts expose direct endpoint names in root import audit surface
PASS: topology-package statement route equality contract exposes direct endpoint name in root import audit surface
PASS: topology-package extraction statement payload route equality contracts expose direct endpoint names in root import audit surface
PASS: smoothability subobligation bridge payload route equality contract exposes direct endpoint name in root import audit surface
PASS: route suffix counterparts are present in root import audit surface
PASS: equation-boundary payload route cluster counterparts are present in root import audit surface
PASS: root import audit literal payload routes have theorem-name counterparts
PASS: root import audit theorem-name payload routes have literal counterparts
PASS: root import audit literal payload routes have constructor counterparts
PASS: root import audit boundary-aware literal payload routes have theorem-name counterparts
PASS: root import audit boundary-aware theorem-name payload routes have literal counterparts
PASS: root import audit boundary-aware literal payload routes have constructor counterparts
PASS: root import audit canonical_statement payload routes have theorem-name counterparts
PASS: root import audit theorem-name payload routes have canonical_statement counterparts
PASS: root import audit canonical_statement payload routes have constructor counterparts
PASS: root import audit boundary-aware canonical_statement payload routes have theorem-name counterparts
PASS: root import audit boundary-aware theorem-name payload routes have canonical_statement counterparts
PASS: root import audit boundary-aware canonical_statement payload routes have constructor counterparts
PASS: root import audit aggregate_canonical_statement payload routes have theorem-name counterparts
PASS: root import audit theorem-name payload routes have aggregate_canonical_statement counterparts
PASS: root import audit aggregate_canonical_statement payload routes have constructor counterparts
PASS: root import audit boundary-aware aggregate_canonical_statement payload routes have theorem-name counterparts
PASS: root import audit boundary-aware theorem-name payload routes have aggregate_canonical_statement counterparts
PASS: root import audit boundary-aware aggregate_canonical_statement payload routes have constructor counterparts
PASS: root import audit aggregate_dependency payload routes have theorem-name counterparts
PASS: root import audit theorem-name payload routes have aggregate_dependency counterparts
PASS: root import audit aggregate_dependency payload routes have constructor counterparts
PASS: root import audit boundary-aware aggregate_dependency payload routes have theorem-name counterparts
PASS: root import audit boundary-aware theorem-name payload routes have aggregate_dependency counterparts
PASS: root import audit boundary-aware aggregate_dependency payload routes have constructor counterparts
PASS: root import audit project_statement payload routes have theorem-name counterparts
PASS: root import audit theorem-name payload routes have project_statement counterparts
PASS: root import audit project_statement payload routes have constructor counterparts
PASS: root import audit boundary-aware project_statement payload routes have theorem-name counterparts
PASS: root import audit boundary-aware theorem-name payload routes have project_statement counterparts
PASS: root import audit boundary-aware project_statement payload routes have constructor counterparts
PASS: root import audit completion certificate constructors expose reserved-theorem endpoints
PASS: root import audit completion certificate constructors expose reserved-payload endpoints
PASS: root import audit completion certificate constructors expose target-statement endpoints
PASS: root import audit completion certificate constructors expose canonical-payload endpoints
PASS: root import audit completion certificate constructors expose project-payload endpoints
PASS: root import audit completion certificate constructors expose canonical-target endpoints
PASS: root import audit completion certificate constructors expose completion-criterion endpoints
PASS: root import audit completion certificate constructors expose canonical-criterion endpoints
PASS: root import audit completion certificate constructors expose full-assembly endpoints
PASS: root import audit completion certificate constructors expose certified full-assembly endpoints
PASS: root import audit completion certificate constructors expose theoremName payload routes
PASS: root import audit completion certificate constructors expose literal payload routes
PASS: root import audit completion certificate constructors expose canonical_statement payload routes
PASS: root import audit completion certificate constructors expose aggregate_canonical_statement payload routes
PASS: root import audit completion certificate constructors expose aggregate_dependency payload routes
PASS: root import audit completion certificate constructors expose project_statement payload routes
PASS: root import audit boundary-aware constructors expose poincare_completion_payload_of_completion_certificate_with_equation_boundary_verification_payload
PASS: root import audit boundary-aware constructors expose target_statement_of_completion_certificate_with_equation_boundary_verification_payload
PASS: root import audit boundary-aware constructors expose canonical_completion_payload_of_completion_certificate_with_equation_boundary_verification_payload
PASS: root import audit boundary-aware constructors expose canonical_completion_target_of_completion_certificate_with_equation_boundary_verification_payload
PASS: root import audit boundary-aware constructors expose poincare_conjecture_of_completion_certificate_with_equation_boundary_verification_payload
PASS: root import audit boundary-aware constructors expose poincare_conjecture_payload_of_completion_certificate_with_equation_boundary_verification_payload
PASS: root import audit boundary-aware constructors expose completion_criterion_of_completion_certificate_with_equation_boundary_verification_payload
PASS: root import audit boundary-aware constructors expose canonical_completion_criterion_of_completion_certificate_with_equation_boundary_verification_payload
PASS: root import audit boundary-aware constructors expose poincare_full_assembly_payload_of_completion_certificate_with_equation_boundary_verification_payload
PASS: root import audit boundary-aware constructors expose poincare_full_assembly_payload_of_completion_certificate_with_equation_boundary_verification_payload_extraction_derivation
PASS: root import audit boundary-aware constructors expose analytic_foundation_with_equation_boundary_statements_of_completion_certificate_with_equation_boundary_verification_payload
PASS: root import audit boundary-aware constructors expose equation_boundary_payload_statements_of_completion_certificate_with_equation_boundary_verification_payload
PASS: root import audit boundary-aware constructors expose analytic_derivation_and_boundary_payload_statements_of_completion_certificate_with_equation_boundary_verification_payload
PASS: root import audit boundary-aware constructors expose analytic_derivation_statements_of_completion_certificate_with_equation_boundary_verification_payload
PASS: root import audit boundary-aware constructors expose canonical_three_sphere_statement_of_completion_certificate_with_equation_boundary_verification_payload
PASS: root import audit boundary-aware constructors expose poincareCompletionCertificate_canonical_statement_payload_of_completion_certificate_with_equation_boundary_verification_payload
PASS: root import audit boundary-aware constructors expose poincareCompletionCertificate_aggregate_canonical_statement_payload_of_completion_certificate_with_equation_boundary_verification_payload
PASS: root import audit boundary-aware constructors expose theoremName payload equality routes
PASS: root import audit boundary-aware constructors expose literal payload equality routes
PASS: root import audit boundary-aware constructors expose canonical_statement payload equality routes
PASS: root import audit boundary-aware constructors expose aggregate_canonical_statement payload equality routes
PASS: root import audit boundary-aware constructors expose aggregate_dependency payload equality routes
PASS: root import audit boundary-aware constructors expose project_statement payload equality routes
PASS: Poincare.lean imports Poincare.AnalyticFoundation
PASS: Poincare.lean imports Poincare.Assembly
PASS: Poincare.lean imports Poincare.BianchiIdentity
PASS: Poincare.lean imports Poincare.CanonicalBridges
PASS: Poincare.lean imports Poincare.ChartIdentification
PASS: Poincare.lean imports Poincare.ChartTransport
PASS: Poincare.lean imports Poincare.CompletionTarget
PASS: Poincare.lean imports Poincare.CurvatureConditions
PASS: Poincare.lean imports Poincare.CurvatureTensoriality
PASS: Poincare.lean imports Poincare.Dependencies
PASS: Poincare.lean imports Poincare.DependencyCrosswalk
PASS: Poincare.lean imports Poincare.DependencyProjections
PASS: Poincare.lean imports Poincare.EuclideanLeviCivitaCheck
PASS: Poincare.lean imports Poincare.FlatModelConnection
PASS: Poincare.lean imports Poincare.FullAssembly
PASS: Poincare.lean imports Poincare.Global.AccelerationIdentity
PASS: Poincare.lean imports Poincare.Global.AffineRecenteredDeTurckBUCAutomaticClassical
PASS: Poincare.lean imports Poincare.Global.AffineRecenteredDeTurckBUCClassicalCoreAutomatic
PASS: Poincare.lean imports Poincare.Global.AffineRecenteredDeTurckSemilinearHeatBUC
PASS: Poincare.lean imports Poincare.Global.Alignment
PASS: Poincare.lean imports Poincare.Global.AnchoredEndpointIdentity
PASS: Poincare.lean imports Poincare.Global.AnchoredExtendRegularity
PASS: Poincare.lean imports Poincare.Global.AnchoredRestrictedSecondDerivativeAssembly
PASS: Poincare.lean imports Poincare.Global.AnchoredSecondDerivativeAssembly
PASS: Poincare.lean imports Poincare.Global.AntilipschitzBall
PASS: Poincare.lean imports Poincare.Global.AntilipschitzBallFinal
PASS: Poincare.lean imports Poincare.Global.AntilipschitzClose
PASS: Poincare.lean imports Poincare.Global.AntilipschitzMathlib
PASS: Poincare.lean imports Poincare.Global.AopBound
PASS: Poincare.lean imports Poincare.Global.AssemblyDone
PASS: Poincare.lean imports Poincare.Global.AugmentedC1
PASS: Poincare.lean imports Poincare.Global.AugmentedDependence
PASS: Poincare.lean imports Poincare.Global.AugmentedPackage
PASS: Poincare.lean imports Poincare.Global.BasisEndpointAssembly
PASS: Poincare.lean imports Poincare.Global.BlockDiagonal
PASS: Poincare.lean imports Poincare.Global.BlocksDischarge
PASS: Poincare.lean imports Poincare.Global.BoundedPackage
PASS: Poincare.lean imports Poincare.Global.BoundedUniformContinuousHeat
PASS: Poincare.lean imports Poincare.Global.BufferedChartTransitionExtensions
PASS: Poincare.lean imports Poincare.Global.BufferedFrozenParabolicSolver
PASS: Poincare.lean imports Poincare.Global.BufferedTensorGraphTransportDefinitions
PASS: Poincare.lean imports Poincare.Global.BufferedTensorGraphTransportOperator
PASS: Poincare.lean imports Poincare.Global.BufferedTensorGraphTransportValues
PASS: Poincare.lean imports Poincare.Global.BufferedTensorGraphTransportWeights
PASS: Poincare.lean imports Poincare.Global.BufferedTensorValueTransport
PASS: Poincare.lean imports Poincare.Global.BufferedUnweightedGraphTransport
PASS: Poincare.lean imports Poincare.Global.BufferedUnweightedGraphTransportDefinitions
PASS: Poincare.lean imports Poincare.Global.BufferedUnweightedGraphTransportGerm
PASS: Poincare.lean imports Poincare.Global.BumpExtend
PASS: Poincare.lean imports Poincare.Global.BundleDischarge
PASS: Poincare.lean imports Poincare.Global.CanonicalC1
PASS: Poincare.lean imports Poincare.Global.CartanActionEquations
PASS: Poincare.lean imports Poincare.Global.CartanAdjacentContinuation
PASS: Poincare.lean imports Poincare.Global.CartanAssembly
PASS: Poincare.lean imports Poincare.Global.CartanAtlasAutomaticAnchorAlignment
PASS: Poincare.lean imports Poincare.Global.CartanAtlasRealizedEndpointTransport
PASS: Poincare.lean imports Poincare.Global.CartanAtlasRootedAdaptiveClosenessTransport
PASS: Poincare.lean imports Poincare.Global.CartanAtlasRootedPathAdaptiveMeshRealization
PASS: Poincare.lean imports Poincare.Global.CartanAtlasRootedPathCurvatureSuccessorRadius
PASS: Poincare.lean imports Poincare.Global.CartanAtlasRootedPathSkeleton
PASS: Poincare.lean imports Poincare.Global.CartanAtlasRootedReachableEndpointTransport
PASS: Poincare.lean imports Poincare.Global.CartanAtlasTargetCoherence
PASS: Poincare.lean imports Poincare.Global.CartanBlocksFinal
PASS: Poincare.lean imports Poincare.Global.CartanBlocksInstantiate
PASS: Poincare.lean imports Poincare.Global.CartanCanonicalFamilyComparedCanonicalContinuation
PASS: Poincare.lean imports Poincare.Global.CartanCanonicalFamilyComparedForwardNormalRegularity
PASS: Poincare.lean imports Poincare.Global.CartanCanonicalFamilyComparedLocallyUniformRadiusEnvelope
PASS: Poincare.lean imports Poincare.Global.CartanCanonicalFamilyComparedNeighborhood
PASS: Poincare.lean imports Poincare.Global.CartanCanonicalFamilyComparedToGenericSuccessorRadius
PASS: Poincare.lean imports Poincare.Global.CartanCanonicalFamilyComparedWholeCellRealization
PASS: Poincare.lean imports Poincare.Global.CartanCanonicalFamilyGermComparison
PASS: Poincare.lean imports Poincare.Global.CartanCanonicalFamilyLocalDataTransfer
PASS: Poincare.lean imports Poincare.Global.CartanCanonicalFamilyLocalSourceDataCover
PASS: Poincare.lean imports Poincare.Global.CartanCanonicalFamilyLocalUniformData
PASS: Poincare.lean imports Poincare.Global.CartanCanonicalFamilyProvenanceLocalUniformData
PASS: Poincare.lean imports Poincare.Global.CartanCanonicalFamilyProvenanceRootedAssembly
PASS: Poincare.lean imports Poincare.Global.CartanCanonicalFamilySuccessorProvenance
PASS: Poincare.lean imports Poincare.Global.CartanCanonicalFamilyTransitionAgreementAssembly
PASS: Poincare.lean imports Poincare.Global.CartanCanonicalJointNeighborhoodUniformMeshRecognition
PASS: Poincare.lean imports Poincare.Global.CartanCanonicalRootedAdaptiveGenericBridgeRecognition
PASS: Poincare.lean imports Poincare.Global.CartanCanonicalRootedDerivedTerminalHomotopyGridAssembly
PASS: Poincare.lean imports Poincare.Global.CartanCanonicalRootedDirectGenericNeighborhoodRecognition
PASS: Poincare.lean imports Poincare.Global.CartanCanonicalRootedDirectUniformSuccessorMeshRecognition
PASS: Poincare.lean imports Poincare.Global.CartanCanonicalRootedEndpointAssembly
PASS: Poincare.lean imports Poincare.Global.CartanCanonicalRootedHomotopyGridEndpointAssembly
PASS: Poincare.lean imports Poincare.Global.CartanCanonicalRootedRealizationTransfer
PASS: Poincare.lean imports Poincare.Global.CartanCanonicalRootedReparameterizedDerivedTerminalHomotopyGridAssembly
PASS: Poincare.lean imports Poincare.Global.CartanCanonicalRootedReparameterizedUniformRadiusGridAssembly
PASS: Poincare.lean imports Poincare.Global.CartanCanonicalRootedRestrictedEndpointAssembly
PASS: Poincare.lean imports Poincare.Global.CartanCanonicalRootedUniformSuccessorMeshRecognition
PASS: Poincare.lean imports Poincare.Global.CartanCascade
PASS: Poincare.lean imports Poincare.Global.CartanChain
PASS: Poincare.lean imports Poincare.Global.CartanChainRigidity
PASS: Poincare.lean imports Poincare.Global.CartanCoefficientBridge
PASS: Poincare.lean imports Poincare.Global.CartanContinuation
PASS: Poincare.lean imports Poincare.Global.CartanDifferential
PASS: Poincare.lean imports Poincare.Global.CartanDomainShrink
PASS: Poincare.lean imports Poincare.Global.CartanEndpointUnique
PASS: Poincare.lean imports Poincare.Global.CartanEquivUpgrade
PASS: Poincare.lean imports Poincare.Global.CartanExpansionBridge
PASS: Poincare.lean imports Poincare.Global.CartanFinalComposition
PASS: Poincare.lean imports Poincare.Global.CartanFixedChartGenericInverseEndpointODEComparison
PASS: Poincare.lean imports Poincare.Global.CartanFixedChartGenericInverseEndpointODEOverlapReduction
PASS: Poincare.lean imports Poincare.Global.CartanFixedChartGenericInverseEndpointODEPositiveTimeOverlapReduction
PASS: Poincare.lean imports Poincare.Global.CartanFixedChartGenericInverseEndpointODEPrimitive
PASS: Poincare.lean imports Poincare.Global.CartanFixedChartGenericInverseEndpointODETailOverlapReduction
PASS: Poincare.lean imports Poincare.Global.CartanFixedChartGenericInverseEndpointReduction
PASS: Poincare.lean imports Poincare.Global.CartanFixedChartTransitionAgreementContinuityReduction
PASS: Poincare.lean imports Poincare.Global.CartanFixedChartTransitionAgreementSubordination
PASS: Poincare.lean imports Poincare.Global.CartanFixedTargetMovingAdaptiveRecognitionBoundary
PASS: Poincare.lean imports Poincare.Global.CartanFixedTargetMovingContinuityEndpointPrimitiveProviderReduction
PASS: Poincare.lean imports Poincare.Global.CartanFixedTargetMovingGenericInverseEndpointODEPositiveTimeOverlapProviderReduction
PASS: Poincare.lean imports Poincare.Global.CartanFixedTargetMovingGenericInverseEndpointODEPrimitiveProviderReduction
PASS: Poincare.lean imports Poincare.Global.CartanFixedTargetMovingGenericInverseEndpointODETailOverlapProviderReduction
PASS: Poincare.lean imports Poincare.Global.CartanFixedTargetMovingGenericInverseEndpointPrimitiveProviderReduction
PASS: Poincare.lean imports Poincare.Global.CartanFixedTargetMovingPointwisePrimitiveProviderReduction
PASS: Poincare.lean imports Poincare.Global.CartanFixedTargetMovingPrimitiveProviderReduction
PASS: Poincare.lean imports Poincare.Global.CartanGenericPostRealizationCompactHistoryReduction
PASS: Poincare.lean imports Poincare.Global.CartanGenericRootedAdaptiveFiniteGridRecognition
PASS: Poincare.lean imports Poincare.Global.CartanGenericSuccessorDataLocalCover
PASS: Poincare.lean imports Poincare.Global.CartanGenericSuccessorDataMovingPersistenceReduction
PASS: Poincare.lean imports Poincare.Global.CartanHomogeneity
PASS: Poincare.lean imports Poincare.Global.CartanIsometry
PASS: Poincare.lean imports Poincare.Global.CartanIsometryClose
PASS: Poincare.lean imports Poincare.Global.CartanIsometryDone
PASS: Poincare.lean imports Poincare.Global.CartanIsometryFinal
PASS: Poincare.lean imports Poincare.Global.CartanIsometryPackage
PASS: Poincare.lean imports Poincare.Global.CartanIsometryTheorem
PASS: Poincare.lean imports Poincare.Global.CartanLocalIsometry
PASS: Poincare.lean imports Poincare.Global.CartanLocalRigidity
PASS: Poincare.lean imports Poincare.Global.CartanMap
PASS: Poincare.lean imports Poincare.Global.CartanNormalCoords
PASS: Poincare.lean imports Poincare.Global.CartanOverlapCompatibility
PASS: Poincare.lean imports Poincare.Global.CartanOverlapContinuation
PASS: Poincare.lean imports Poincare.Global.CartanPreferredBudgetLocusReduction
PASS: Poincare.lean imports Poincare.Global.CartanPullback
PASS: Poincare.lean imports Poincare.Global.CartanPunctured
PASS: Poincare.lean imports Poincare.Global.CartanRestrictedOverlapCompatibility
PASS: Poincare.lean imports Poincare.Global.CartanRootedOverlapDirectBoundarySubdivision
PASS: Poincare.lean imports Poincare.Global.CartanRootedOverlapHomotopyGrid
PASS: Poincare.lean imports Poincare.Global.CartanRootedOverlapRefinedGridFiniteMaximaBridge
PASS: Poincare.lean imports Poincare.Global.CartanRootedOverlapRefinedInsertionCompactHistoryReduction
PASS: Poincare.lean imports Poincare.Global.CartanRootedOverlapReparameterizedBoundary
PASS: Poincare.lean imports Poincare.Global.CartanRootedOverlapReparameterizedBoundaryState
PASS: Poincare.lean imports Poincare.Global.CartanRootedOverlapReparameterizedGridRealization
PASS: Poincare.lean imports Poincare.Global.CartanRootedOverlapReparameterizedHomotopyGrid
PASS: Poincare.lean imports Poincare.Global.CartanScaleGeneric
PASS: Poincare.lean imports Poincare.Global.CartanSourceExpansion
PASS: Poincare.lean imports Poincare.Global.CartanSourceExponentialFamily
PASS: Poincare.lean imports Poincare.Global.CartanSourceExponentialLocalChartInverse
PASS: Poincare.lean imports Poincare.Global.CartanSourceExponentialLocalChartSelector
PASS: Poincare.lean imports Poincare.Global.CartanSourceExponentialLocalChartStationary
PASS: Poincare.lean imports Poincare.Global.CartanSourceExponentialLocalFamilyTransitionAgreement
PASS: Poincare.lean imports Poincare.Global.CartanSourceExponentialLocalFamilyTransport
PASS: Poincare.lean imports Poincare.Global.CartanSourceFinal
PASS: Poincare.lean imports Poincare.Global.CartanSourceOwned
PASS: Poincare.lean imports Poincare.Global.CartanSuppliedBufferedPairAgreement
PASS: Poincare.lean imports Poincare.Global.CartanSuppliedDifferentialSuccessor
PASS: Poincare.lean imports Poincare.Global.CartanSuppliedDifferentialTransfer
PASS: Poincare.lean imports Poincare.Global.CartanSuppliedFinitePatchCover
PASS: Poincare.lean imports Poincare.Global.CartanSuppliedHomotopyEndpoints
PASS: Poincare.lean imports Poincare.Global.CartanSuppliedPatchPolicy
PASS: Poincare.lean imports Poincare.Global.CartanSuppliedReachableChain
PASS: Poincare.lean imports Poincare.Global.CartanSuppliedRestrictedDevelopment
PASS: Poincare.lean imports Poincare.Global.CartanSuppliedSourceGermTransfer
PASS: Poincare.lean imports Poincare.Global.CartanSuppliedSourceMap
PASS: Poincare.lean imports Poincare.Global.CartanSuppliedSubdivisionTransport
PASS: Poincare.lean imports Poincare.Global.CartanSuppliedTerminalTransport
PASS: Poincare.lean imports Poincare.Global.CartanSuppliedUniformPatchSwitch
PASS: Poincare.lean imports Poincare.Global.CartanSuppliedUnitRecognition
PASS: Poincare.lean imports Poincare.Global.CartanSuppliedWholeCellRealization
PASS: Poincare.lean imports Poincare.Global.CartanTargetExponentialFamily
PASS: Poincare.lean imports Poincare.Global.CartanTerminalShortPathDiameter
PASS: Poincare.lean imports Poincare.Global.CartanTerminalShortPathScheduleFree
PASS: Poincare.lean imports Poincare.Global.CartanTheIsometry
PASS: Poincare.lean imports Poincare.Global.CartanTwoNeighborhoodDevelopment
PASS: Poincare.lean imports Poincare.Global.CartanUniformMovingPreferredChartFlow
PASS: Poincare.lean imports Poincare.Global.CartanWeightInvariant
PASS: Poincare.lean imports Poincare.Global.CascadePinned
PASS: Poincare.lean imports Poincare.Global.CenteredCoordinateNeighborhoodShrinking
PASS: Poincare.lean imports Poincare.Global.CenteredMembership
PASS: Poincare.lean imports Poincare.Global.ChainRuleInput
PASS: Poincare.lean imports Poincare.Global.ChartCurvatureBridge
PASS: Poincare.lean imports Poincare.Global.ChartCurvatureBridge2
PASS: Poincare.lean imports Poincare.Global.ChartCurvatureBridge3
PASS: Poincare.lean imports Poincare.Global.ChartCurvatureBridge4
PASS: Poincare.lean imports Poincare.Global.ChartCurvatureBridge5
PASS: Poincare.lean imports Poincare.Global.ChartCurvatureBridge6
PASS: Poincare.lean imports Poincare.Global.ChartCurvatureBridgeZone
PASS: Poincare.lean imports Poincare.Global.ChartCurvatureBridgeZoneClose
PASS: Poincare.lean imports Poincare.Global.ChartTransitionGeodesicMap
PASS: Poincare.lean imports Poincare.Global.ChristoffelCollapse
PASS: Poincare.lean imports Poincare.Global.ChristoffelTransition
PASS: Poincare.lean imports Poincare.Global.ClosedLaplacianStokesGlobalCoefficients
PASS: Poincare.lean imports Poincare.Global.ClosedLaplacianStokesProducer
PASS: Poincare.lean imports Poincare.Global.ClosedMetricThirdJetAscoliOrbitCompactness
PASS: Poincare.lean imports Poincare.Global.ClosedMetricThirdJetOrbitCompactness
PASS: Poincare.lean imports Poincare.Global.ClosedMetricThirdJetTopology
PASS: Poincare.lean imports Poincare.Global.ClosedRicciFlowNormalization
PASS: Poincare.lean imports Poincare.Global.ClosedRiemannianBallVolumeLower
PASS: Poincare.lean imports Poincare.Global.ClosedRiemannianDistanceComparison
PASS: Poincare.lean imports Poincare.Global.ClosedRiemannianParabolicExponentialMaximum
PASS: Poincare.lean imports Poincare.Global.CoefficientEvolution
PASS: Poincare.lean imports Poincare.Global.CoefficientShrink
PASS: Poincare.lean imports Poincare.Global.CollapseOnRay
PASS: Poincare.lean imports Poincare.Global.CombinedFeed
PASS: Poincare.lean imports Poincare.Global.CommonTime
PASS: Poincare.lean imports Poincare.Global.CompactBufferedChartOverlap
PASS: Poincare.lean imports Poincare.Global.CompactCoefficientEllipticity
PASS: Poincare.lean imports Poincare.Global.CompactReferenceMetricTensorFamilyLowerComparison
PASS: Poincare.lean imports Poincare.Global.ConcreteResidual
PASS: Poincare.lean imports Poincare.Global.ConformalChristoffel
PASS: Poincare.lean imports Poincare.Global.ConformalCurvature
PASS: Poincare.lean imports Poincare.Global.CongruenceStep
PASS: Poincare.lean imports Poincare.Global.ConnectionCurvatureNaturality
PASS: Poincare.lean imports Poincare.Global.ConnectionInstanceNaturality
PASS: Poincare.lean imports Poincare.Global.ConstantCurvatureEinstein
PASS: Poincare.lean imports Poincare.Global.ContDiffTwo
PASS: Poincare.lean imports Poincare.Global.ContinuityPackages
PASS: Poincare.lean imports Poincare.Global.ContinuousWithDensityOrder
PASS: Poincare.lean imports Poincare.Global.ControlledChartInstance
PASS: Poincare.lean imports Poincare.Global.CoordinateChartFrameDensityVariation
PASS: Poincare.lean imports Poincare.Global.CoordinateRicciFlowHamiltonScalarBridge
PASS: Poincare.lean imports Poincare.Global.CoordinateVolumeDensityVariation
PASS: Poincare.lean imports Poincare.Global.CorrectedRadial
PASS: Poincare.lean imports Poincare.Global.CovRicciNormBasis
PASS: Poincare.lean imports Poincare.Global.CoveringSkeleton
PASS: Poincare.lean imports Poincare.Global.Curvature
PASS: Poincare.lean imports Poincare.Global.CurvatureInstanceTransport
PASS: Poincare.lean imports Poincare.Global.DFrechetUpgrade
PASS: Poincare.lean imports Poincare.Global.DeTurck
PASS: Poincare.lean imports Poincare.Global.DeTurckActualEvolutionDerivative
PASS: Poincare.lean imports Poincare.Global.DeTurckActualSpatialCoefficients
PASS: Poincare.lean imports Poincare.Global.DeTurckBUCChartCovariance
PASS: Poincare.lean imports Poincare.Global.DeTurckBUCClassicalCoreIdentification
PASS: Poincare.lean imports Poincare.Global.DeTurckBUCCoefficientIdentification
PASS: Poincare.lean imports Poincare.Global.DeTurckBUCCurvatureRateLocality
PASS: Poincare.lean imports Poincare.Global.DeTurckBUCFlatHSEnergyUniqueness
PASS: Poincare.lean imports Poincare.Global.DeTurckBUCFlatHilbertSchmidtEnergy
PASS: Poincare.lean imports Poincare.Global.DeTurckBUCGeneratorLaplacian
PASS: Poincare.lean imports Poincare.Global.DeTurckBUCGeneratorLocality
PASS: Poincare.lean imports Poincare.Global.DeTurckBUCInteriorCoefficientIdentification
PASS: Poincare.lean imports Poincare.Global.DeTurckBUCInteriorGlobalRicciData
PASS: Poincare.lean imports Poincare.Global.DeTurckBUCInteriorHamiltonAssembly
PASS: Poincare.lean imports Poincare.Global.DeTurckBUCInteriorInverseGaugeEvolution
PASS: Poincare.lean imports Poincare.Global.DeTurckBUCInteriorRicciAssembly
PASS: Poincare.lean imports Poincare.Global.DeTurckBUCInteriorTimeGermAssembly
PASS: Poincare.lean imports Poincare.Global.DeTurckBUCInverseGaugeEvolution
PASS: Poincare.lean imports Poincare.Global.DeTurckBUCJointSpacetimeChartCovariance
PASS: Poincare.lean imports Poincare.Global.DeTurckBUCJointSpacetimeGermRestriction
PASS: Poincare.lean imports Poincare.Global.DeTurckBUCJointSpacetimeMetricAssembly
PASS: Poincare.lean imports Poincare.Global.DeTurckBUCJointSpacetimeRealizationGerm
PASS: Poincare.lean imports Poincare.Global.DeTurckBUCMetricReconstruction
PASS: Poincare.lean imports Poincare.Global.DeTurckBUCMovingEvaluation
PASS: Poincare.lean imports Poincare.Global.DeTurckBUCNonautonomousSpatialVariationalHierarchy
PASS: Poincare.lean imports Poincare.Global.DeTurckBUCOverlapParabolicUniqueness
PASS: Poincare.lean imports Poincare.Global.DeTurckBUCPointFlowSelectorSmoothDependence
PASS: Poincare.lean imports Poincare.Global.DeTurckBUCPointFlowVariationalSmoothDependence
PASS: Poincare.lean imports Poincare.Global.DeTurckBUCQuasilinearDifferenceEnergy
PASS: Poincare.lean imports Poincare.Global.DeTurckBUCReconstructedMetricJointFiveBoundary
PASS: Poincare.lean imports Poincare.Global.DeTurckBUCReconstructedPathInteriorRegularity
PASS: Poincare.lean imports Poincare.Global.DeTurckBUCRegularSelectorTwoRestartPointFlowCore
PASS: Poincare.lean imports Poincare.Global.DeTurckBUCScalarEvolutionBridge
PASS: Poincare.lean imports Poincare.Global.DeTurckBUCScalarEvolutionJointMetricEntries
PASS: Poincare.lean imports Poincare.Global.DeTurckBUCSpatialVariationalTwoRestartPackage
PASS: Poincare.lean imports Poincare.Global.DeTurckBUCSuppliedPhysicalFlowChartMetricRegularityAssembly
PASS: Poincare.lean imports Poincare.Global.DeTurckBUCSuppliedPhysicalFlowChristoffelRegularityAssembly
PASS: Poincare.lean imports Poincare.Global.DeTurckBUCSuppliedPhysicalFlowCurvatureAssembly
PASS: Poincare.lean imports Poincare.Global.DeTurckBUCSuppliedPhysicalFlowInteriorAssembly
PASS: Poincare.lean imports Poincare.Global.DeTurckBUCSuppliedPhysicalFlowLocalInverseAssembly
PASS: Poincare.lean imports Poincare.Global.DeTurckBUCSuppliedPhysicalFlowMetricPullbackAssembly
PASS: Poincare.lean imports Poincare.Global.DeTurckBUCSuppliedPhysicalFlowSpatialC3Assembly
PASS: Poincare.lean imports Poincare.Global.DeTurckBUCSuppliedPhysicalFlowTimeVariationalAssembly
PASS: Poincare.lean imports Poincare.Global.DeTurckBUCSuppliedPhysicalFlowTwoRestartAssembly
PASS: Poincare.lean imports Poincare.Global.DeTurckBUCSymmetricPointFlowGermAssembly
PASS: Poincare.lean imports Poincare.Global.DeTurckBUCTwoRestartPointFlowCore
PASS: Poincare.lean imports Poincare.Global.DeTurckBUCUniformSolutionEquivariance
PASS: Poincare.lean imports Poincare.Global.DeTurckC2Covariance
PASS: Poincare.lean imports Poincare.Global.DeTurckChartIndependentPullback
PASS: Poincare.lean imports Poincare.Global.DeTurckChartLiftCoordinates
PASS: Poincare.lean imports Poincare.Global.DeTurckChartLiftDefinitions
PASS: Poincare.lean imports Poincare.Global.DeTurckChartLiftOverlapJets
PASS: Poincare.lean imports Poincare.Global.DeTurckChartLiftSmoothness
PASS: Poincare.lean imports Poincare.Global.DeTurckChartLiftSupport
PASS: Poincare.lean imports Poincare.Global.DeTurckChartOverlapCovariance
PASS: Poincare.lean imports Poincare.Global.DeTurckCoefficientDefinitions
PASS: Poincare.lean imports Poincare.Global.DeTurckCompactCoefficientDefinitions
PASS: Poincare.lean imports Poincare.Global.DeTurckCompactCoefficientExtension
PASS: Poincare.lean imports Poincare.Global.DeTurckCompactCoordinateVariation
PASS: Poincare.lean imports Poincare.Global.DeTurckCompactJetRealization
PASS: Poincare.lean imports Poincare.Global.DeTurckConstructedCovariance
PASS: Poincare.lean imports Poincare.Global.DeTurckCoordinateJointRegularity
PASS: Poincare.lean imports Poincare.Global.DeTurckCoordinateJointRegularityFour
PASS: Poincare.lean imports Poincare.Global.DeTurckCoordinateJointRegularityOverlap
PASS: Poincare.lean imports Poincare.Global.DeTurckCoordinateJointRegularityThree
PASS: Poincare.lean imports Poincare.Global.DeTurckCoupledForcing
PASS: Poincare.lean imports Poincare.Global.DeTurckCoupledForcingDefinitions
PASS: Poincare.lean imports Poincare.Global.DeTurckDifferentialSymmetry
PASS: Poincare.lean imports Poincare.Global.DeTurckField
PASS: Poincare.lean imports Poincare.Global.DeTurckFieldRegularity
PASS: Poincare.lean imports Poincare.Global.DeTurckFlowSpatialEndpointGerm
PASS: Poincare.lean imports Poincare.Global.DeTurckFlowSymmetricPhysicalEndpoint
PASS: Poincare.lean imports Poincare.Global.DeTurckFlowSymmetricPhysicalTime
PASS: Poincare.lean imports Poincare.Global.DeTurckFlowSymmetricVariationalIdentification
PASS: Poincare.lean imports Poincare.Global.DeTurckFlowVariationalIdentification
PASS: Poincare.lean imports Poincare.Global.DeTurckGaugePullbackDerivative
PASS: Poincare.lean imports Poincare.Global.DeTurckGaugedFlowClosure
PASS: Poincare.lean imports Poincare.Global.DeTurckInverseEntryDerivative
PASS: Poincare.lean imports Poincare.Global.DeTurckInverseEntryDerivativeDefinitions
PASS: Poincare.lean imports Poincare.Global.DeTurckInverseEntrySmoothness
PASS: Poincare.lean imports Poincare.Global.DeTurckInverseGaugeODE
PASS: Poincare.lean imports Poincare.Global.DeTurckJetLinearization
PASS: Poincare.lean imports Poincare.Global.DeTurckJetLinearizationDefinitions
PASS: Poincare.lean imports Poincare.Global.DeTurckJetRealizationDefinitions
PASS: Poincare.lean imports Poincare.Global.DeTurckLocalFrameRegularity
PASS: Poincare.lean imports Poincare.Global.DeTurckLocalization
PASS: Poincare.lean imports Poincare.Global.DeTurckLocalizationDefinitions
PASS: Poincare.lean imports Poincare.Global.DeTurckLocalizationProduct
PASS: Poincare.lean imports Poincare.Global.DeTurckLowerJetSmoothness
PASS: Poincare.lean imports Poincare.Global.DeTurckLowerJointSmoothness
PASS: Poincare.lean imports Poincare.Global.DeTurckMetricJetNonsingular
PASS: Poincare.lean imports Poincare.Global.DeTurckMetricVariation
PASS: Poincare.lean imports Poincare.Global.DeTurckParameterJet
PASS: Poincare.lean imports Poincare.Global.DeTurckPartialCoefficientSmoothness
PASS: Poincare.lean imports Poincare.Global.DeTurckPartialDerivativeBridge
PASS: Poincare.lean imports Poincare.Global.DeTurckPointFlowMetricTwoRestartPackage
PASS: Poincare.lean imports Poincare.Global.DeTurckPointFlowMetricVariationalFields
PASS: Poincare.lean imports Poincare.Global.DeTurckPointFlowVariationalFields
PASS: Poincare.lean imports Poincare.Global.DeTurckPrincipalIdentity
PASS: Poincare.lean imports Poincare.Global.DeTurckPrincipalSecondJet
PASS: Poincare.lean imports Poincare.Global.DeTurckPullbackTwoJet
PASS: Poincare.lean imports Poincare.Global.DeTurckRicciTracePullback
PASS: Poincare.lean imports Poincare.Global.DeTurckSpatialCoefficientDefinitions
PASS: Poincare.lean imports Poincare.Global.DeTurckSummandRegularity
PASS: Poincare.lean imports Poincare.Global.DeTurckTensorBasisDefinitions
PASS: Poincare.lean imports Poincare.Global.DeTurckTensorBasisReconstruction
PASS: Poincare.lean imports Poincare.Global.DeTurckTensorGraphJet
PASS: Poincare.lean imports Poincare.Global.DeTurckTensorSecondJet
PASS: Poincare.lean imports Poincare.Global.DeTurckTensorSecondJetDefinitions
PASS: Poincare.lean imports Poincare.Global.DecomposedAssembly
PASS: Poincare.lean imports Poincare.Global.DeltaGammaFieldRegularity
PASS: Poincare.lean imports Poincare.Global.DerivativeUnique
PASS: Poincare.lean imports Poincare.Global.DifferentialField
PASS: Poincare.lean imports Poincare.Global.DifferentialHomotopyGridFiniteMaximaRefinement
PASS: Poincare.lean imports Poincare.Global.DifferentialInducedSuccessor
PASS: Poincare.lean imports Poincare.Global.DifferentialSuccessorAdaptiveFeedbackIteration
PASS: Poincare.lean imports Poincare.Global.DifferentialSuccessorAdaptiveGridRefinement
PASS: Poincare.lean imports Poincare.Global.DifferentialSuccessorAdaptiveHomotopyGrid
PASS: Poincare.lean imports Poincare.Global.DifferentialSuccessorAdaptiveMeshCoordinates
PASS: Poincare.lean imports Poincare.Global.DifferentialSuccessorAdjacentContinuation
PASS: Poincare.lean imports Poincare.Global.DifferentialSuccessorArbitraryFiniteGridUniformRadiusRealization
PASS: Poincare.lean imports Poincare.Global.DifferentialSuccessorCoordinateRigidityReduction
PASS: Poincare.lean imports Poincare.Global.DifferentialSuccessorCoordinateRigidityWitnessIndependence
PASS: Poincare.lean imports Poincare.Global.DifferentialSuccessorEqualityStabilityReduction
PASS: Poincare.lean imports Poincare.Global.DifferentialSuccessorFiniteAnchorRadius
PASS: Poincare.lean imports Poincare.Global.DifferentialSuccessorFiniteInsertionRefinement
PASS: Poincare.lean imports Poincare.Global.DifferentialSuccessorFiniteRealizedGridCommonRadius
PASS: Poincare.lean imports Poincare.Global.DifferentialSuccessorFiniteRealizedHomotopyGrid
PASS: Poincare.lean imports Poincare.Global.DifferentialSuccessorFiniteSubdivisionRefinement
PASS: Poincare.lean imports Poincare.Global.DifferentialSuccessorIntervalNaturality
PASS: Poincare.lean imports Poincare.Global.DifferentialSuccessorIntervalNaturalityFiniteFamily
PASS: Poincare.lean imports Poincare.Global.DifferentialSuccessorJointEqualityNeighborhood
PASS: Poincare.lean imports Poincare.Global.DifferentialSuccessorNaturality
PASS: Poincare.lean imports Poincare.Global.DifferentialSuccessorNaturalityFiniteFamily
PASS: Poincare.lean imports Poincare.Global.DifferentialSuccessorPostRealizationMeshCertificate
PASS: Poincare.lean imports Poincare.Global.DifferentialSuccessorPostRealizationRefiningCandidate
PASS: Poincare.lean imports Poincare.Global.DifferentialSuccessorReachableChainRefinement
PASS: Poincare.lean imports Poincare.Global.DifferentialSuccessorStrictFactorCurvatureTransport
PASS: Poincare.lean imports Poincare.Global.DifferentialSuccessorStrictFactorInsertionTransport
PASS: Poincare.lean imports Poincare.Global.DifferentialSuccessorZero
PASS: Poincare.lean imports Poincare.Global.DifferentialUniformSuccessorMesh
PASS: Poincare.lean imports Poincare.Global.DifferentialUniformSuccessorPathStrictFactorGeometry
PASS: Poincare.lean imports Poincare.Global.DifferentialUniformSuccessorStrictFactorGeometry
PASS: Poincare.lean imports Poincare.Global.DifferentiatedCompat
PASS: Poincare.lean imports Poincare.Global.DoublyResidual
PASS: Poincare.lean imports Poincare.Global.DuhamelContraction
PASS: Poincare.lean imports Poincare.Global.DuhamelLocalContraction
PASS: Poincare.lean imports Poincare.Global.DuhamelParabolicHolderSeminorm
PASS: Poincare.lean imports Poincare.Global.DuhamelSolutionOperatorBound
PASS: Poincare.lean imports Poincare.Global.DuhamelSolutionOperatorCLM
PASS: Poincare.lean imports Poincare.Global.EinsteinInterface
PASS: Poincare.lean imports Poincare.Global.EinsteinNormalization
PASS: Poincare.lean imports Poincare.Global.EndpointBridge
PASS: Poincare.lean imports Poincare.Global.EndpointContinuity
PASS: Poincare.lean imports Poincare.Global.EndpointCurry
PASS: Poincare.lean imports Poincare.Global.EnrichedCascade
PASS: Poincare.lean imports Poincare.Global.EqualityChain
PASS: Poincare.lean imports Poincare.Global.ExpChartC2
PASS: Poincare.lean imports Poincare.Global.ExpNaturality
PASS: Poincare.lean imports Poincare.Global.ExponentialDerivativeZero
PASS: Poincare.lean imports Poincare.Global.ExponentialDomain
PASS: Poincare.lean imports Poincare.Global.ExponentialFixedTime
PASS: Poincare.lean imports Poincare.Global.ExponentialFrechet
PASS: Poincare.lean imports Poincare.Global.ExponentialGerm
PASS: Poincare.lean imports Poincare.Global.ExponentialLocalHomeo
PASS: Poincare.lean imports Poincare.Global.ExponentialMap
PASS: Poincare.lean imports Poincare.Global.ExponentialMapDef
PASS: Poincare.lean imports Poincare.Global.ExponentialRayLaw
PASS: Poincare.lean imports Poincare.Global.ExponentialRayLawFull
PASS: Poincare.lean imports Poincare.Global.ExponentialStrictAtV
PASS: Poincare.lean imports Poincare.Global.ExponentialStrictClose
PASS: Poincare.lean imports Poincare.Global.FTransition
PASS: Poincare.lean imports Poincare.Global.FTransitionDone
PASS: Poincare.lean imports Poincare.Global.FTransitionGeodesicMap
PASS: Poincare.lean imports Poincare.Global.FieldC1
PASS: Poincare.lean imports Poincare.Global.FieldProducer
PASS: Poincare.lean imports Poincare.Global.FinalSelector
PASS: Poincare.lean imports Poincare.Global.FiniteAtlasBufferedTensorValueCompatibility
PASS: Poincare.lean imports Poincare.Global.FiniteAtlasBufferedTensorValueDefinitions
PASS: Poincare.lean imports Poincare.Global.FiniteAtlasJacobianCocycle
PASS: Poincare.lean imports Poincare.Global.FiniteAtlasParabolicTensorSpace
PASS: Poincare.lean imports Poincare.Global.FiniteExtinctionGeometricScalarWidth
PASS: Poincare.lean imports Poincare.Global.FiniteExtinctionGeometricScalarWidthInterior
PASS: Poincare.lean imports Poincare.Global.FiniteExtinctionGeometricScalarWidthInteriorContinuousOn
PASS: Poincare.lean imports Poincare.Global.FiniteExtinctionInitialScale
PASS: Poincare.lean imports Poincare.Global.FiniteExtinctionIntegratingFactor
PASS: Poincare.lean imports Poincare.Global.FiniteExtinctionPerelmanWidth
PASS: Poincare.lean imports Poincare.Global.FiniteExtinctionRicciFlowJointMetricEntries
PASS: Poincare.lean imports Poincare.Global.FiniteExtinctionRicciFlowScalarEvolutionInterior
PASS: Poincare.lean imports Poincare.Global.FiniteExtinctionRicciFlowScalarEvolutionInteriorContinuousOn
PASS: Poincare.lean imports Poincare.Global.FiniteExtinctionScalarWidth
PASS: Poincare.lean imports Poincare.Global.FiniteExtinctionSurgerySchedule
PASS: Poincare.lean imports Poincare.Global.FiniteFixedAnchorCutoffOneChartCover
PASS: Poincare.lean imports Poincare.Global.FiniteLocalSolverBounds
PASS: Poincare.lean imports Poincare.Global.FiniteTriangulationStatements
PASS: Poincare.lean imports Poincare.Global.FiniteUnitIntervalInterpolation
PASS: Poincare.lean imports Poincare.Global.FixedChartAugmentedSystemRegularity
PASS: Poincare.lean imports Poincare.Global.FixedChartEndpointSlices
PASS: Poincare.lean imports Poincare.Global.FixedChartLocalSuccessorEquality
PASS: Poincare.lean imports Poincare.Global.FixedChartLocalSuccessorExistence
PASS: Poincare.lean imports Poincare.Global.FixedChartMappedGeodesicAssembly
PASS: Poincare.lean imports Poincare.Global.FixedChartMovingPositionJacobi
PASS: Poincare.lean imports Poincare.Global.FixedChartPatchSecondVariation
PASS: Poincare.lean imports Poincare.Global.FixedChartSuccessorDataPersistence
PASS: Poincare.lean imports Poincare.Global.FixedChartUniformDifferentialPullback
PASS: Poincare.lean imports Poincare.Global.FixedChartUniformEndpointReanchoring
PASS: Poincare.lean imports Poincare.Global.FixedChartUniformJacobiComparison
PASS: Poincare.lean imports Poincare.Global.FixedChartUniformNormalRadius
PASS: Poincare.lean imports Poincare.Global.FixedChartUniformPreferredGermAgreement
PASS: Poincare.lean imports Poincare.Global.FixedChartUniformSourceNormal
PASS: Poincare.lean imports Poincare.Global.FlowSmoothness
PASS: Poincare.lean imports Poincare.Global.ForwardRescalingChartFramePartitionEndToEnd
PASS: Poincare.lean imports Poincare.Global.ForwardTailIntegrability
PASS: Poincare.lean imports Poincare.Global.FrozenEllipticHeatOperator
PASS: Poincare.lean imports Poincare.Global.GaussLemmaIntegrated
PASS: Poincare.lean imports Poincare.Global.GaussLemmaRadial
PASS: Poincare.lean imports Poincare.Global.GaussLemmaTransverse
PASS: Poincare.lean imports Poincare.Global.GenericJointRegularityCounterexample
PASS: Poincare.lean imports Poincare.Global.GeodesicChart
PASS: Poincare.lean imports Poincare.Global.GeodesicDependence
PASS: Poincare.lean imports Poincare.Global.GeodesicDerivative
PASS: Poincare.lean imports Poincare.Global.GeodesicDerivativeFinal
PASS: Poincare.lean imports Poincare.Global.GeodesicDistance
PASS: Poincare.lean imports Poincare.Global.GeodesicDistanceLower
PASS: Poincare.lean imports Poincare.Global.GeodesicFlowDerivative
PASS: Poincare.lean imports Poincare.Global.GeodesicFlowJointDerivative
PASS: Poincare.lean imports Poincare.Global.GeodesicGerm
PASS: Poincare.lean imports Poincare.Global.GeodesicLength
PASS: Poincare.lean imports Poincare.Global.GeodesicLengthFinal
PASS: Poincare.lean imports Poincare.Global.GeodesicLinearized
PASS: Poincare.lean imports Poincare.Global.GeodesicOverlap
PASS: Poincare.lean imports Poincare.Global.GeodesicPathLength
PASS: Poincare.lean imports Poincare.Global.GeodesicPreservation
PASS: Poincare.lean imports Poincare.Global.GeodesicReanchor
PASS: Poincare.lean imports Poincare.Global.GeodesicReanchorClose
PASS: Poincare.lean imports Poincare.Global.GeodesicReanchorLaw
PASS: Poincare.lean imports Poincare.Global.GeodesicSpeed
PASS: Poincare.lean imports Poincare.Global.GeodesicTransport
PASS: Poincare.lean imports Poincare.Global.GermAndField
PASS: Poincare.lean imports Poincare.Global.GermDeterminacy
PASS: Poincare.lean imports Poincare.Global.GlobalParametrixAssemblyBound
PASS: Poincare.lean imports Poincare.Global.GlobalParametrixAssemblyDefinitions
PASS: Poincare.lean imports Poincare.Global.GlobalParametrixAssemblyRange
PASS: Poincare.lean imports Poincare.Global.GronwallMembership
PASS: Poincare.lean imports Poincare.Global.HamiltonChartDensityLocalDomination
PASS: Poincare.lean imports Poincare.Global.HamiltonCompactFamilyInvariantContinuity
PASS: Poincare.lean imports Poincare.Global.HamiltonEndpointEquivalences
PASS: Poincare.lean imports Poincare.Global.HamiltonEtaCoreReduction
PASS: Poincare.lean imports Poincare.Global.HamiltonFamilyVolumeMeasureContinuity
PASS: Poincare.lean imports Poincare.Global.HamiltonFiniteEnergyFlowInterface
PASS: Poincare.lean imports Poincare.Global.HamiltonFrontStatements
PASS: Poincare.lean imports Poincare.Global.HamiltonInitialPinchingReactionCoreReduction
PASS: Poincare.lean imports Poincare.Global.HamiltonMeanFloorFromEnergyDomination
PASS: Poincare.lean imports Poincare.Global.HamiltonMeanFloorReduction
PASS: Poincare.lean imports Poincare.Global.HamiltonPoincareReduction
PASS: Poincare.lean imports Poincare.Global.HamiltonReactionCoreFinal
PASS: Poincare.lean imports Poincare.Global.HamiltonReactionCoreReduced
PASS: Poincare.lean imports Poincare.Global.HamiltonReactionCoreReduction
PASS: Poincare.lean imports Poincare.Global.HamiltonReactionEndpoint
PASS: Poincare.lean imports Poincare.Global.HamiltonScalarGradientAuxiliaryEstimate
PASS: Poincare.lean imports Poincare.Global.HamiltonScalarGradientEstimate
PASS: Poincare.lean imports Poincare.Global.HamiltonScalarGradientHessianBound
PASS: Poincare.lean imports Poincare.Global.HamiltonScalarGradientMixedBound
PASS: Poincare.lean imports Poincare.Global.HamiltonScalarGradientQuotientBound
PASS: Poincare.lean imports Poincare.Global.HamiltonScalarInteriorNegativeBarrier
PASS: Poincare.lean imports Poincare.Global.HamiltonScalarNegativeBarrier
PASS: Poincare.lean imports Poincare.Global.HamiltonStokesFreeReactionCore
PASS: Poincare.lean imports Poincare.Global.HarmonicHosted
PASS: Poincare.lean imports Poincare.Global.HausdorffChartFrameFirstVariation
PASS: Poincare.lean imports Poincare.Global.HausdorffCoordinateDensityComparison
PASS: Poincare.lean imports Poincare.Global.HausdorffCoordinateDensityVariation
PASS: Poincare.lean imports Poincare.Global.HausdorffFiniteAtlasChartFrameReduction
PASS: Poincare.lean imports Poincare.Global.HausdorffFiniteAtlasRestrictedAreaFormula
PASS: Poincare.lean imports Poincare.Global.HausdorffFrozenInverseChartAreaFormula
PASS: Poincare.lean imports Poincare.Global.HausdorffInverseChartAreaFormula
PASS: Poincare.lean imports Poincare.Global.HausdorffInverseChartFrozenMetricBridge
PASS: Poincare.lean imports Poincare.Global.HausdorffInverseChartGlobalEpsilonSqueeze
PASS: Poincare.lean imports Poincare.Global.HausdorffInverseChartGramContinuity
PASS: Poincare.lean imports Poincare.Global.HausdorffInverseChartGramQuadraticComparison
PASS: Poincare.lean imports Poincare.Global.HausdorffInverseChartLocalAreaSandwich
PASS: Poincare.lean imports Poincare.Global.HausdorffInverseChartLocalFrozenBilipschitz
PASS: Poincare.lean imports Poincare.Global.HausdorffInverseChartLocalFrozenHausdorffUpper
PASS: Poincare.lean imports Poincare.Global.HausdorffInverseChartLocalFrozenLower
PASS: Poincare.lean imports Poincare.Global.HausdorffInverseChartLocalFrozenUpper
PASS: Poincare.lean imports Poincare.Global.HausdorffInverseChartLocalPathLengthComparison
PASS: Poincare.lean imports Poincare.Global.HausdorffInverseChartLocalRestrictionSqueeze
PASS: Poincare.lean imports Poincare.Global.HausdorffInverseChartLocalVariableDensitySqueeze
PASS: Poincare.lean imports Poincare.Global.HausdorffInverseChartMeasureTransport
PASS: Poincare.lean imports Poincare.Global.HausdorffLinearPullbackAreaFormula
PASS: Poincare.lean imports Poincare.Global.HausdorffMeasureCountableLocalization
PASS: Poincare.lean imports Poincare.Global.HausdorffMeasureScalarLimitSqueeze
PASS: Poincare.lean imports Poincare.Global.HausdorffPullbackAreaFormulaReduction
PASS: Poincare.lean imports Poincare.Global.HausdorffRiemannianShortPathConfinement
PASS: Poincare.lean imports Poincare.Global.HausdorffScalarDensityDomination
PASS: Poincare.lean imports Poincare.Global.HausdorffScalarVarianceContinuity
PASS: Poincare.lean imports Poincare.Global.HausdorffTotalScalarFirstVariation
PASS: Poincare.lean imports Poincare.Global.HausdorffVolumeFirstVariation
PASS: Poincare.lean imports Poincare.Global.HdiffInstantiate
PASS: Poincare.lean imports Poincare.Global.HeatApproxIdentity
PASS: Poincare.lean imports Poincare.Global.HeatCauchy
PASS: Poincare.lean imports Poincare.Global.HeatCauchyClose
PASS: Poincare.lean imports Poincare.Global.HeatCauchyDirectional
PASS: Poincare.lean imports Poincare.Global.HeatCauchyFinal
PASS: Poincare.lean imports Poincare.Global.HeatCauchyFrechet
PASS: Poincare.lean imports Poincare.Global.HeatCauchyNext2
PASS: Poincare.lean imports Poincare.Global.HeatCauchyTheorem
PASS: Poincare.lean imports Poincare.Global.HeatCauchyUniform
PASS: Poincare.lean imports Poincare.Global.HeatDuhamelBUCGeneratorDini
PASS: Poincare.lean imports Poincare.Global.HeatDuhamelBUCGeneratorHolderContinuity
PASS: Poincare.lean imports Poincare.Global.HeatDuhamelBUCIntrinsic
PASS: Poincare.lean imports Poincare.Global.HeatDuhamelBUCPicard
PASS: Poincare.lean imports Poincare.Global.HeatDuhamelHeatEquation
PASS: Poincare.lean imports Poincare.Global.HeatDuhamelHessianDifferentiation
PASS: Poincare.lean imports Poincare.Global.HeatDuhamelHessianSpatialHolder
PASS: Poincare.lean imports Poincare.Global.HeatDuhamelHessianTimeHolder
PASS: Poincare.lean imports Poincare.Global.HeatDuhamelPicard
PASS: Poincare.lean imports Poincare.Global.HeatDuhamelSpatialHolderHessian
PASS: Poincare.lean imports Poincare.Global.HeatEnvelopes
PASS: Poincare.lean imports Poincare.Global.HeatGeneratorLocality
PASS: Poincare.lean imports Poincare.Global.HeatKernel
PASS: Poincare.lean imports Poincare.Global.HeatKernelHessianMoments
PASS: Poincare.lean imports Poincare.Global.HeatKernelIntegral
PASS: Poincare.lean imports Poincare.Global.HeatKernelPDE
PASS: Poincare.lean imports Poincare.Global.HeatKernelPDEn
PASS: Poincare.lean imports Poincare.Global.HeatKernelSemigroup
PASS: Poincare.lean imports Poincare.Global.HeatLaplacianZeroTime
PASS: Poincare.lean imports Poincare.Global.HeatMildBUCPositiveHolder
PASS: Poincare.lean imports Poincare.Global.HeatRegularizedPicard
PASS: Poincare.lean imports Poincare.Global.HeatSemigroupBUCC0
PASS: Poincare.lean imports Poincare.Global.HeatSemigroupBUCGeneratorCore
PASS: Poincare.lean imports Poincare.Global.HeatSemigroupBUCGeneratorEvolution
PASS: Poincare.lean imports Poincare.Global.HeatSemigroupBUCOperator
PASS: Poincare.lean imports Poincare.Global.HeatSemigroupBUCPositiveGenerator
PASS: Poincare.lean imports Poincare.Global.HeatSemigroupBUCStrongContinuity
PASS: Poincare.lean imports Poincare.Global.HeatSemigroupOperator
PASS: Poincare.lean imports Poincare.Global.HeatSemigroupPositiveContinuity
PASS: Poincare.lean imports Poincare.Global.HostedCLM
PASS: Poincare.lean imports Poincare.Global.HostedPayload
PASS: Poincare.lean imports Poincare.Global.IndexedSelection
PASS: Poincare.lean imports Poincare.Global.InducedAlignment
PASS: Poincare.lean imports Poincare.Global.IntervalAlign
PASS: Poincare.lean imports Poincare.Global.IntrinsicBochnerScalarGradient
PASS: Poincare.lean imports Poincare.Global.IntrinsicLaplacianCoordinateForm
PASS: Poincare.lean imports Poincare.Global.InverseGaugePointVariationalSelectorTower
PASS: Poincare.lean imports Poincare.Global.IsometryAssembly
PASS: Poincare.lean imports Poincare.Global.IsometryComplete
PASS: Poincare.lean imports Poincare.Global.IsometryConsumers
PASS: Poincare.lean imports Poincare.Global.IsometryFinal
PASS: Poincare.lean imports Poincare.Global.IsometryInstantiate
PASS: Poincare.lean imports Poincare.Global.JacobiConstantCurvature
PASS: Poincare.lean imports Poincare.Global.JacobiInstantiate
PASS: Poincare.lean imports Poincare.Global.JacobiIntegrated
PASS: Poincare.lean imports Poincare.Global.JacobiNormClose
PASS: Poincare.lean imports Poincare.Global.JacobiNormSystem
PASS: Poincare.lean imports Poincare.Global.JacobiOscillator
PASS: Poincare.lean imports Poincare.Global.KoszulNaturality
PASS: Poincare.lean imports Poincare.Global.LCNaturality
PASS: Poincare.lean imports Poincare.Global.Laplacian
PASS: Poincare.lean imports Poincare.Global.LevelThreeFeed
PASS: Poincare.lean imports Poincare.Global.LeviCivita
PASS: Poincare.lean imports Poincare.Global.LeviCivitaExistence
PASS: Poincare.lean imports Poincare.Global.LeviCivitaRegularity
PASS: Poincare.lean imports Poincare.Global.LeviCivitaTransport
PASS: Poincare.lean imports Poincare.Global.LinearEndpointGronwall
PASS: Poincare.lean imports Poincare.Global.LinearizedAdditivity
PASS: Poincare.lean imports Poincare.Global.LinearizedCLM
PASS: Poincare.lean imports Poincare.Global.LinearizedFamilyExport
PASS: Poincare.lean imports Poincare.Global.LinearizedRescale
PASS: Poincare.lean imports Poincare.Global.LocalIsometryTheorem
PASS: Poincare.lean imports Poincare.Global.LocalUniformTaylorRemainder
PASS: Poincare.lean imports Poincare.Global.MasterBundle
PASS: Poincare.lean imports Poincare.Global.MembershipBound
PASS: Poincare.lean imports Poincare.Global.MetricAdaptedBufferedAtlas
PASS: Poincare.lean imports Poincare.Global.MetricAdaptedGlobalParametrix
PASS: Poincare.lean imports Poincare.Global.MetricAdaptedLocalParametrix
PASS: Poincare.lean imports Poincare.Global.MetricCoefficientNeighborhoods
PASS: Poincare.lean imports Poincare.Global.MetricCompleteness
PASS: Poincare.lean imports Poincare.Global.MetricEntryThirdJetAnchorLowerComparison
PASS: Poincare.lean imports Poincare.Global.MetricEntryThirdJetFormalChristoffel
PASS: Poincare.lean imports Poincare.Global.MetricEntryThirdJetFormalInverse
PASS: Poincare.lean imports Poincare.Global.MetricEntryThirdJetFormalInvertibility
PASS: Poincare.lean imports Poincare.Global.MetricEntryThirdJetFormalRawCoordinates
PASS: Poincare.lean imports Poincare.Global.MetricEntryThirdJetFormalRicci
PASS: Poincare.lean imports Poincare.Global.MetricEntryThirdJetFormalRicciBound
PASS: Poincare.lean imports Poincare.Global.MetricEntryThirdJetProfileCompactness
PASS: Poincare.lean imports Poincare.Global.MetricEntryThirdJetProfileLimitAlgebra
PASS: Poincare.lean imports Poincare.Global.MetricFamilyCovRicciEntryContinuity
PASS: Poincare.lean imports Poincare.Global.MetricFamilyCovRicciNormContinuity
PASS: Poincare.lean imports Poincare.Global.MetricFamilyCovRicciQuotientContinuity
PASS: Poincare.lean imports Poincare.Global.MetricFamilyEntryThirdJetCovRicciContinuity
PASS: Poincare.lean imports Poincare.Global.MetricFamilyThirdJetCovRicciContinuity
PASS: Poincare.lean imports Poincare.Global.MetricFlowJointConnectionRegularity
PASS: Poincare.lean imports Poincare.Global.MetricFlowJointCovRicciEntryRegularity
PASS: Poincare.lean imports Poincare.Global.MetricFlowJointCovRicciNormContinuity
PASS: Poincare.lean imports Poincare.Global.MetricFlowJointCurvatureRegularity
PASS: Poincare.lean imports Poincare.Global.MetricFlowJointIteratedConnectionRegularity
PASS: Poincare.lean imports Poincare.Global.MetricFlowJointPinchingEvolution
PASS: Poincare.lean imports Poincare.Global.MetricFlowJointRegularity
PASS: Poincare.lean imports Poincare.Global.MetricFlowJointRicciTensorEvolution
PASS: Poincare.lean imports Poincare.Global.MetricFlowJointScalarContinuity
PASS: Poincare.lean imports Poincare.Global.MetricFlowJointScalarTraceBridge
PASS: Poincare.lean imports Poincare.Global.MetricFlowJointScalarTraceZoneBridge
PASS: Poincare.lean imports Poincare.Global.MetricInverseCoefficientRegularity
PASS: Poincare.lean imports Poincare.Global.MetricRaiseTimeDerivative
PASS: Poincare.lean imports Poincare.Global.MetricRescale
PASS: Poincare.lean imports Poincare.Global.MetricRescaleCurvature
PASS: Poincare.lean imports Poincare.Global.MetricRescaleFiniteAtlasForwardFlow
PASS: Poincare.lean imports Poincare.Global.MetricRescaleFiniteAtlasIntegrals
PASS: Poincare.lean imports Poincare.Global.MetricRescaleScalarGradient
PASS: Poincare.lean imports Poincare.Global.MetricVariation
PASS: Poincare.lean imports Poincare.Global.MovingBUCEvaluation
PASS: Poincare.lean imports Poincare.Global.MovingLimitLeibniz
PASS: Poincare.lean imports Poincare.Global.NaturalityCascade
PASS: Poincare.lean imports Poincare.Global.NearFrozenParabolicRightInverse
PASS: Poincare.lean imports Poincare.Global.NearIdentityParabolicRightInverse
PASS: Poincare.lean imports Poincare.Global.NonautonomousTwoRestartPointFlowCore
PASS: Poincare.lean imports Poincare.Global.NormalizedFlow
PASS: Poincare.lean imports Poincare.Global.NormalizedFlowAbsoluteDissipation
PASS: Poincare.lean imports Poincare.Global.NormalizedFlowAbsoluteDissipationDecay
PASS: Poincare.lean imports Poincare.Global.NormalizedFlowChartFramePartitionCompactOrbitEndpoint
PASS: Poincare.lean imports Poincare.Global.NormalizedFlowClosedMeanEnergyRangeComparedUniformRadiusSelectedSmoothAtlasPoincare
PASS: Poincare.lean imports Poincare.Global.NormalizedFlowClosedMeanEnergyRangePointwiseDecayComparedUniformRadiusSelectedSmoothAtlasPoincare
PASS: Poincare.lean imports Poincare.Global.NormalizedFlowCompactFiniteDissipationBoundedVariation
PASS: Poincare.lean imports Poincare.Global.NormalizedFlowCompactFixedTargetCoerciveGapPositiveEinstein
PASS: Poincare.lean imports Poincare.Global.NormalizedFlowCompactFixedTargetEventualCoerciveGapPositiveEinstein
PASS: Poincare.lean imports Poincare.Global.NormalizedFlowCompactFixedTargetFiniteTimePositiveEinstein
PASS: Poincare.lean imports Poincare.Global.NormalizedFlowCompactFixedTargetFiniteTracelessEnergyPositiveEinstein
PASS: Poincare.lean imports Poincare.Global.NormalizedFlowCompactFixedTargetReactionDecayHausdorffJointCovRicciPositiveEinstein
PASS: Poincare.lean imports Poincare.Global.NormalizedFlowCompactFixedTargetReactionDecayHausdorffJointCovRicciSubordinatePartitionPositiveEinstein
PASS: Poincare.lean imports Poincare.Global.NormalizedFlowCompactFixedTargetReactionDecayHausdorffJointScalarDerivativeCovRicciSubordinatePartitionPositiveEinstein
PASS: Poincare.lean imports Poincare.Global.NormalizedFlowCompactFixedTargetReactionDecayHausdorffPositiveEinstein
PASS: Poincare.lean imports Poincare.Global.NormalizedFlowCompactFixedTargetReactionDecayPositiveEinstein
PASS: Poincare.lean imports Poincare.Global.NormalizedFlowCompactMeanEnergyMeasureComparedUniformRadiusSelectedSmoothAtlasPoincare
PASS: Poincare.lean imports Poincare.Global.NormalizedFlowCompactMeanEnergyMeasureContinuity
PASS: Poincare.lean imports Poincare.Global.NormalizedFlowCompactMeanEnergyMeasureEventualHamiltonPinchingDecay
PASS: Poincare.lean imports Poincare.Global.NormalizedFlowCompactMeanEnergyMeasureHamiltonPinchingDecay
PASS: Poincare.lean imports Poincare.Global.NormalizedFlowCompactMeanEnergyMeasureParabolicDecayDirectUniformSelectedSmoothAtlasPoincare
PASS: Poincare.lean imports Poincare.Global.NormalizedFlowCompactMeanEnergyMeasurePointwiseDecayComparedUniformRadiusSelectedSmoothAtlasPoincare
PASS: Poincare.lean imports Poincare.Global.NormalizedFlowCompactMeanEnergyMeasureQuantitativeNearRoundTail
PASS: Poincare.lean imports Poincare.Global.NormalizedFlowCompactMeanEnergyMeasureSelectedSmoothAtlasPoincare
PASS: Poincare.lean imports Poincare.Global.NormalizedFlowCompactMeanEnergySelectedSmoothAtlasPoincare
PASS: Poincare.lean imports Poincare.Global.NormalizedFlowCompactScalarMeanComparison
PASS: Poincare.lean imports Poincare.Global.NormalizedFlowCompactScalarVarianceContinuity
PASS: Poincare.lean imports Poincare.Global.NormalizedFlowConvergenceEndpoint
PASS: Poincare.lean imports Poincare.Global.NormalizedFlowDissipationDifferentialDecay
PASS: Poincare.lean imports Poincare.Global.NormalizedFlowEnergyConcentration
PASS: Poincare.lean imports Poincare.Global.NormalizedFlowEnergyConcentrationCurvatureDerivative
PASS: Poincare.lean imports Poincare.Global.NormalizedFlowEnergyConcentrationLipschitzBridge
PASS: Poincare.lean imports Poincare.Global.NormalizedFlowEnergyConcentrationSequentialCompactness
PASS: Poincare.lean imports Poincare.Global.NormalizedFlowEnergyCriticality
PASS: Poincare.lean imports Poincare.Global.NormalizedFlowFiniteAtlasAutomaticAreaEndpoint
PASS: Poincare.lean imports Poincare.Global.NormalizedFlowFiniteDissipationCoerciveGap
PASS: Poincare.lean imports Poincare.Global.NormalizedFlowFiniteDissipationLimit
PASS: Poincare.lean imports Poincare.Global.NormalizedFlowFiniteTimeCurvatureCompactness
PASS: Poincare.lean imports Poincare.Global.NormalizedFlowFiniteTimeHamiltonPinching
PASS: Poincare.lean imports Poincare.Global.NormalizedFlowFiniteTimeMeanScalarPinching
PASS: Poincare.lean imports Poincare.Global.NormalizedFlowFiniteTimePositiveEinstein
PASS: Poincare.lean imports Poincare.Global.NormalizedFlowFiniteTimePositiveEinsteinMeanScalar
PASS: Poincare.lean imports Poincare.Global.NormalizedFlowFiniteTimePositiveEinsteinMeanScalarGradient
PASS: Poincare.lean imports Poincare.Global.NormalizedFlowFiniteTimePositiveEinsteinMeanScalarGradientSphere
PASS: Poincare.lean imports Poincare.Global.NormalizedFlowFiniteTimePositiveEinsteinMeanScalarInitialScalarProfile
PASS: Poincare.lean imports Poincare.Global.NormalizedFlowFiniteTimePositiveEinsteinMeanScalarJointContinuity
PASS: Poincare.lean imports Poincare.Global.NormalizedFlowFiniteTimePositiveEinsteinMeanScalarSphere
PASS: Poincare.lean imports Poincare.Global.NormalizedFlowFiniteTimePositiveEinsteinScalarProfile
PASS: Poincare.lean imports Poincare.Global.NormalizedFlowFiniteTimePositiveRicci
PASS: Poincare.lean imports Poincare.Global.NormalizedFlowFormalProfilePositiveEinstein
PASS: Poincare.lean imports Poincare.Global.NormalizedFlowForwardAbsoluteDissipation
PASS: Poincare.lean imports Poincare.Global.NormalizedFlowForwardChartFramePartitionCompactOrbitEndpoint
PASS: Poincare.lean imports Poincare.Global.NormalizedFlowForwardFiniteDissipationReduction
PASS: Poincare.lean imports Poincare.Global.NormalizedFlowForwardFiniteTimePositiveEinsteinMeanScalar
PASS: Poincare.lean imports Poincare.Global.NormalizedFlowForwardFiniteTimePositiveEinsteinMeanScalarEnergy
PASS: Poincare.lean imports Poincare.Global.NormalizedFlowForwardFiniteTimePositiveEinsteinMeanScalarEnergyDomination
PASS: Poincare.lean imports Poincare.Global.NormalizedFlowForwardFiniteTimePositiveEinsteinMeanScalarGradient
PASS: Poincare.lean imports Poincare.Global.NormalizedFlowForwardFiniteTimePositiveEinsteinMeanScalarPointwiseDomination
PASS: Poincare.lean imports Poincare.Global.NormalizedFlowForwardFiniteTracelessEnergyClosedInvariantRangeEndpoint
PASS: Poincare.lean imports Poincare.Global.NormalizedFlowForwardFiniteTracelessEnergyCompactMeanEndpoint
PASS: Poincare.lean imports Poincare.Global.NormalizedFlowForwardPointwiseTracelessEnergyActualReactionDecay
PASS: Poincare.lean imports Poincare.Global.NormalizedFlowForwardPointwiseTracelessEnergyDecay
PASS: Poincare.lean imports Poincare.Global.NormalizedFlowForwardPointwiseTracelessEnergyMaximumDifferentialDecay
PASS: Poincare.lean imports Poincare.Global.NormalizedFlowForwardPointwiseTracelessEnergyParabolicDecay
PASS: Poincare.lean imports Poincare.Global.NormalizedFlowForwardPointwiseTracelessEnergyPinchingDomination
PASS: Poincare.lean imports Poincare.Global.NormalizedFlowForwardPointwiseTracelessEnergyReactionDecay
PASS: Poincare.lean imports Poincare.Global.NormalizedFlowForwardTracelessEnergyDecay
PASS: Poincare.lean imports Poincare.Global.NormalizedFlowForwardTracelessEnergyDifferentialDecay
PASS: Poincare.lean imports Poincare.Global.NormalizedFlowFullyAssembledEnergyEndpoint
PASS: Poincare.lean imports Poincare.Global.NormalizedFlowHamiltonPinchingQuotientFromEigenFloor
PASS: Poincare.lean imports Poincare.Global.NormalizedFlowHausdorffAutomaticStokes
PASS: Poincare.lean imports Poincare.Global.NormalizedFlowHausdorffClosedRangeEndpoint
PASS: Poincare.lean imports Poincare.Global.NormalizedFlowHausdorffDissipationEndpoint
PASS: Poincare.lean imports Poincare.Global.NormalizedFlowHausdorffLichnerowiczEndpoint
PASS: Poincare.lean imports Poincare.Global.NormalizedFlowHausdorffPartitionStokes
PASS: Poincare.lean imports Poincare.Global.NormalizedFlowHausdorffScalarDominationJointC1Reduction
PASS: Poincare.lean imports Poincare.Global.NormalizedFlowHausdorffScalarTimeDerivativeAutomatic
PASS: Poincare.lean imports Poincare.Global.NormalizedFlowHausdorffScalarVariationJointContinuityReduction
PASS: Poincare.lean imports Poincare.Global.NormalizedFlowHausdorffSpatialMixedRegularity
PASS: Poincare.lean imports Poincare.Global.NormalizedFlowImprovedPinchingDecay
PASS: Poincare.lean imports Poincare.Global.NormalizedFlowImprovedPinchingSampleScalarFloorDecay
PASS: Poincare.lean imports Poincare.Global.NormalizedFlowImprovedPinchingSubsequenceDecay
PASS: Poincare.lean imports Poincare.Global.NormalizedFlowInitialPinchingPreservation
PASS: Poincare.lean imports Poincare.Global.NormalizedFlowInvariantCompactness
PASS: Poincare.lean imports Poincare.Global.NormalizedFlowInvariantPairJointContinuity
PASS: Poincare.lean imports Poincare.Global.NormalizedFlowInvariantRangeClosure
PASS: Poincare.lean imports Poincare.Global.NormalizedFlowJointPinchingRegularity
PASS: Poincare.lean imports Poincare.Global.NormalizedFlowLowerSemicontinuousCompactness
PASS: Poincare.lean imports Poincare.Global.NormalizedFlowMeanScalarCanonicalRootedSphereBridge
PASS: Poincare.lean imports Poincare.Global.NormalizedFlowMeanScalarLimit
PASS: Poincare.lean imports Poincare.Global.NormalizedFlowMeanScalarSelectedSmoothAtlasPoincare
PASS: Poincare.lean imports Poincare.Global.NormalizedFlowMeanScalarTopologicalSphereBridge
PASS: Poincare.lean imports Poincare.Global.NormalizedFlowPartitionCompactOrbitEndpoint
PASS: Poincare.lean imports Poincare.Global.NormalizedFlowPartitionFullyAssembledEnergyEndpoint
PASS: Poincare.lean imports Poincare.Global.NormalizedFlowPinchingEvolutionAutomatic
PASS: Poincare.lean imports Poincare.Global.NormalizedFlowPinchingLimit
PASS: Poincare.lean imports Poincare.Global.NormalizedFlowPointwiseConvergence
PASS: Poincare.lean imports Poincare.Global.NormalizedFlowQuantitativeNearRoundTailFromDecay
PASS: Poincare.lean imports Poincare.Global.NormalizedFlowRescaling
PASS: Poincare.lean imports Poincare.Global.NormalizedFlowRicciTensorEvolution
PASS: Poincare.lean imports Poincare.Global.NormalizedFlowScalarIntegralVariation
PASS: Poincare.lean imports Poincare.Global.NormalizedFlowScalarLowerProfile
PASS: Poincare.lean imports Poincare.Global.NormalizedFlowScalarRegularity
PASS: Poincare.lean imports Poincare.Global.NormalizedFlowScalarVarianceConcentration
PASS: Poincare.lean imports Poincare.Global.NormalizedFlowStationaryLimit
PASS: Poincare.lean imports Poincare.Global.NormalizedFlowStokesBoundaryReduction
PASS: Poincare.lean imports Poincare.Global.NormalizedFlowTopologicalSphereBridge
PASS: Poincare.lean imports Poincare.Global.NormalizedFlowVolumeVariation
PASS: Poincare.lean imports Poincare.Global.NormalizedHosting
PASS: Poincare.lean imports Poincare.Global.OffAnchorNaturality
PASS: Poincare.lean imports Poincare.Global.OmegaGronwall
PASS: Poincare.lean imports Poincare.Global.OmegaRescale
PASS: Poincare.lean imports Poincare.Global.OneSidedPayload
PASS: Poincare.lean imports Poincare.Global.OrthogonalityFeed
PASS: Poincare.lean imports Poincare.Global.PLNormFeed
PASS: Poincare.lean imports Poincare.Global.PLPackages
PASS: Poincare.lean imports Poincare.Global.PackageLands
PASS: Poincare.lean imports Poincare.Global.PairingFeed
PASS: Poincare.lean imports Poincare.Global.PairingRoute
PASS: Poincare.lean imports Poincare.Global.PairingUpgrade
PASS: Poincare.lean imports Poincare.Global.ParabolicConstantCoefficient
PASS: Poincare.lean imports Poincare.Global.ParabolicCutoffCommutator
PASS: Poincare.lean imports Poincare.Global.ParabolicExponentialMaximum
PASS: Poincare.lean imports Poincare.Global.ParabolicGraphSupport
PASS: Poincare.lean imports Poincare.Global.ParabolicGraphTimeJets
PASS: Poincare.lean imports Poincare.Global.ParabolicHessianCarrierPullback
PASS: Poincare.lean imports Poincare.Global.ParabolicHolderMultiplier
PASS: Poincare.lean imports Poincare.Global.ParabolicHolderSpace
PASS: Poincare.lean imports Poincare.Global.ParabolicMinimumContinuousOn
PASS: Poincare.lean imports Poincare.Global.ParabolicSolutionGraph
PASS: Poincare.lean imports Poincare.Global.ParabolicSpatialGraphPullback
PASS: Poincare.lean imports Poincare.Global.ParabolicSpatialHolderPullback
PASS: Poincare.lean imports Poincare.Global.ParabolicSpatialPullbackChainRule
PASS: Poincare.lean imports Poincare.Global.ParameterizedFlowDerivative
PASS: Poincare.lean imports Poincare.Global.ParameterizedFlowDerivativeNestedBalls
PASS: Poincare.lean imports Poincare.Global.ParametrixNeumannCorrection
PASS: Poincare.lean imports Poincare.Global.PicardLindelofControlledContinuousSelector
PASS: Poincare.lean imports Poincare.Global.PicardLindelofRegularControlledSelector
PASS: Poincare.lean imports Poincare.Global.PicardLindelofRegularSelectorProjection
PASS: Poincare.lean imports Poincare.Global.PicardLindelofRegularSelectorTimeReversal
PASS: Poincare.lean imports Poincare.Global.PinchedLimitCore
PASS: Poincare.lean imports Poincare.Global.PinchedLimitInterface
PASS: Poincare.lean imports Poincare.Global.PinchedLimitPositiveEinstein
PASS: Poincare.lean imports Poincare.Global.PoincareAutomaticFiniteNerveTetrahedralStarSmoothingReactionDecayHausdorffJointCovRicciSubordinatePartitionPositiveEinsteinGenericInverseEndpointODEPositiveTimeOverlapCompactHistoryBoundary
PASS: Poincare.lean imports Poincare.Global.PoincareAutomaticFiniteNerveTetrahedralStarSmoothingReactionDecayHausdorffJointCovRicciSubordinatePartitionPositiveEinsteinGenericInverseEndpointODEPrimitiveCompactHistoryBoundary
PASS: Poincare.lean imports Poincare.Global.PoincareAutomaticFiniteNerveTetrahedralStarSmoothingReactionDecayHausdorffJointCovRicciSubordinatePartitionPositiveEinsteinGenericInverseEndpointODETailOverlapCompactHistoryBoundary
PASS: Poincare.lean imports Poincare.Global.PoincareAutomaticFiniteNerveTetrahedralStarSmoothingReactionDecayHausdorffJointScalarDerivativeCovRicciSubordinatePartitionPositiveEinsteinGenericInverseEndpointODEPositiveTimeOverlapCompactHistoryBoundary
PASS: Poincare.lean imports Poincare.Global.PoincareAutomaticFiniteNerveTetrahedralStarSmoothingReactionDecayHausdorffJointScalarDerivativeCovRicciSubordinatePartitionPositiveEinsteinGenericInverseEndpointODEPrimitiveCompactHistoryBoundary
PASS: Poincare.lean imports Poincare.Global.PoincareFiniteSmoothingFiniteTimeEinsteinDirectGenericBoundary
PASS: Poincare.lean imports Poincare.Global.PoincareFiniteSmoothingFiniteTracelessEnergyPointwiseCompactHistoryBoundary
PASS: Poincare.lean imports Poincare.Global.PoincareFiniteSmoothingReactionDecayDirectUniformBoundary
PASS: Poincare.lean imports Poincare.Global.PoincareFiniteSmoothingReactionDecayHausdorffJointCovRicciPositiveEinsteinGenericInverseEndpointCompactHistoryBoundary
PASS: Poincare.lean imports Poincare.Global.PoincareFiniteSmoothingReactionDecayHausdorffJointCovRicciPositiveEinsteinGenericInverseEndpointODEPrimitiveCompactHistoryBoundary
PASS: Poincare.lean imports Poincare.Global.PoincareFiniteSmoothingReactionDecayHausdorffJointCovRicciPositiveEinsteinPointwiseCompactHistoryBoundary
PASS: Poincare.lean imports Poincare.Global.PoincareFiniteSmoothingReactionDecayHausdorffJointCovRicciSubordinatePartitionPositiveEinsteinGenericInverseEndpointCompactHistoryBoundary
PASS: Poincare.lean imports Poincare.Global.PoincareFiniteSmoothingReactionDecayHausdorffJointCovRicciSubordinatePartitionPositiveEinsteinGenericInverseEndpointODEPrimitiveCompactHistoryBoundary
PASS: Poincare.lean imports Poincare.Global.PoincareFiniteSmoothingReactionDecayHausdorffPositiveEinsteinGenericInverseEndpointCompactHistoryBoundary
PASS: Poincare.lean imports Poincare.Global.PoincareFiniteSmoothingReactionDecayHausdorffPositiveEinsteinPointwiseCompactHistoryBoundary
PASS: Poincare.lean imports Poincare.Global.PoincareFiniteSmoothingReactionDecayPositiveEinsteinPointwiseCompactHistoryBoundary
PASS: Poincare.lean imports Poincare.Global.PoincareFiniteTetrahedralStarSmoothingReactionDecayHausdorffJointCovRicciPositiveEinsteinGenericInverseEndpointODEPrimitiveCompactHistoryBoundary
PASS: Poincare.lean imports Poincare.Global.PoincareFiniteTetrahedralStarSmoothingReactionDecayHausdorffJointCovRicciSubordinatePartitionPositiveEinsteinGenericInverseEndpointODEPrimitiveCompactHistoryBoundary
PASS: Poincare.lean imports Poincare.Global.PointFlowCoherentVariationalSelectorTower
PASS: Poincare.lean imports Poincare.Global.PointFlowRegularCoherentVariationalSelectorTower
PASS: Poincare.lean imports Poincare.Global.PointFlowVariationalEndpointTower
PASS: Poincare.lean imports Poincare.Global.PointFlowVariationalExtractionIdentities
PASS: Poincare.lean imports Poincare.Global.PointFlowVariationalSelectorTower
PASS: Poincare.lean imports Poincare.Global.PointwiseBUCBilinear
PASS: Poincare.lean imports Poincare.Global.PointwiseQuadraticSemilinearHeatBUC
PASS: Poincare.lean imports Poincare.Global.PointwiseQuadraticSemilinearHeatBUCMaximal
PASS: Poincare.lean imports Poincare.Global.PositionBridge
PASS: Poincare.lean imports Poincare.Global.PositionRoute
PASS: Poincare.lean imports Poincare.Global.PrescribedLinearODE
PASS: Poincare.lean imports Poincare.Global.ProjectedAugmentedEndpoint
PASS: Poincare.lean imports Poincare.Global.ProofBearingEndToEndCanonicalTransport
PASS: Poincare.lean imports Poincare.Global.ProofBearingEndToEndCompletion
PASS: Poincare.lean imports Poincare.Global.ProofBearingPartitionEndToEndCompletion
PASS: Poincare.lean imports Poincare.Global.PullbackDifferentiate
PASS: Poincare.lean imports Poincare.Global.PullbackFeed
PASS: Poincare.lean imports Poincare.Global.QuadraticHeatDuhamel
PASS: Poincare.lean imports Poincare.Global.QuadraticHeatLocalExistence
PASS: Poincare.lean imports Poincare.Global.QuadraticNonlinearity
PASS: Poincare.lean imports Poincare.Global.QuadraticSemilinearHeatBUC
PASS: Poincare.lean imports Poincare.Global.QuadraticSemilinearHeatBUCContinuation
PASS: Poincare.lean imports Poincare.Global.QuadraticSemilinearHeatBUCMaximal
PASS: Poincare.lean imports Poincare.Global.QuadraticSemilinearHeatBUCUniform
PASS: Poincare.lean imports Poincare.Global.RadialBlock
PASS: Poincare.lean imports Poincare.Global.RadiusTuple
PASS: Poincare.lean imports Poincare.Global.RayCoverInputs
PASS: Poincare.lean imports Poincare.Global.RayIdentification
PASS: Poincare.lean imports Poincare.Global.RaysToBall
PASS: Poincare.lean imports Poincare.Global.ReanchorLawFinal
PASS: Poincare.lean imports Poincare.Global.RecenteredDeTurckSemilinearHeatBUC
PASS: Poincare.lean imports Poincare.Global.RefinedFiniteAtlasExistence
PASS: Poincare.lean imports Poincare.Global.RegularCoherentVariationalEndpointTower
PASS: Poincare.lean imports Poincare.Global.RegularCoherentVariationalTwoRestartBridge
PASS: Poincare.lean imports Poincare.Global.RegularCoherentVariationalTwoRestartPackage
PASS: Poincare.lean imports Poincare.Global.RegularVariationalSelectorEndpointDerivative
PASS: Poincare.lean imports Poincare.Global.RegularVariationalSelectorJointC1
PASS: Poincare.lean imports Poincare.Global.RegularVariationalSelectorJointC3
PASS: Poincare.lean imports Poincare.Global.RegularVariationalSelectorSymmetricEndpointDerivative
PASS: Poincare.lean imports Poincare.Global.ResidualExport
PASS: Poincare.lean imports Poincare.Global.RicciEnergyRegularity
PASS: Poincare.lean imports Poincare.Global.RicciFlow
PASS: Poincare.lean imports Poincare.Global.RicciFlowScalarRegularity
PASS: Poincare.lean imports Poincare.Global.RicciNorm
PASS: Poincare.lean imports Poincare.Global.RicciTraceConjugacy
PASS: Poincare.lean imports Poincare.Global.RiemannianContext
PASS: Poincare.lean imports Poincare.Global.RiemannianMetricInstanceTransport
PASS: Poincare.lean imports Poincare.Global.RiemannianMetricInstanceTransportGeometric
PASS: Poincare.lean imports Poincare.Global.RigidityComplete
PASS: Poincare.lean imports Poincare.Global.RoundSphereCanonicalExponential
PASS: Poincare.lean imports Poincare.Global.RoundSphereCanonicalExponentialC2
PASS: Poincare.lean imports Poincare.Global.RoundSphereChart
PASS: Poincare.lean imports Poincare.Global.RoundSphereChartMetric
PASS: Poincare.lean imports Poincare.Global.RoundSphereCurvature
PASS: Poincare.lean imports Poincare.Global.RoundSphereGenericCanonicalAgreementLocusReduction
PASS: Poincare.lean imports Poincare.Global.RoundSphereGenericExponentialAnchorIndependence
PASS: Poincare.lean imports Poincare.Global.RoundSphereMetric
PASS: Poincare.lean imports Poincare.Global.RoundSphereSimpleConnected
PASS: Poincare.lean imports Poincare.Global.RoundSphereTargetAnchorUniformity
PASS: Poincare.lean imports Poincare.Global.RoundSphereWitness
PASS: Poincare.lean imports Poincare.Global.ScalarCurvatureBarrier
PASS: Poincare.lean imports Poincare.Global.ScalarEvolution
PASS: Poincare.lean imports Poincare.Global.ScalarGradientEvolution
PASS: Poincare.lean imports Poincare.Global.ScalarIntegral
PASS: Poincare.lean imports Poincare.Global.ScalarMeanLowerBound
PASS: Poincare.lean imports Poincare.Global.ScalarPin
PASS: Poincare.lean imports Poincare.Global.ScalarRegularity
PASS: Poincare.lean imports Poincare.Global.ScalarVariation
PASS: Poincare.lean imports Poincare.Global.ScaledUpgrade
PASS: Poincare.lean imports Poincare.Global.SecondDischarge
PASS: Poincare.lean imports Poincare.Global.SecondFlowDerivative
PASS: Poincare.lean imports Poincare.Global.SecondFrechet
PASS: Poincare.lean imports Poincare.Global.SecondVariation
PASS: Poincare.lean imports Poincare.Global.SecondVariationEndpointGronwall
PASS: Poincare.lean imports Poincare.Global.SecondVariationRescale
PASS: Poincare.lean imports Poincare.Global.SelectedFiniteNerveSmoothingStatements
PASS: Poincare.lean imports Poincare.Global.SelectorAssembly
PASS: Poincare.lean imports Poincare.Global.SemilinearHeatBUC
PASS: Poincare.lean imports Poincare.Global.SemilinearHeatBUCAutomaticClassical
PASS: Poincare.lean imports Poincare.Global.SemilinearHeatBUCAutomaticContDiff
PASS: Poincare.lean imports Poincare.Global.SemilinearHeatBUCFixedPointRegularity
PASS: Poincare.lean imports Poincare.Global.SemilinearHeatBUCHolderClassical
PASS: Poincare.lean imports Poincare.Global.SemilinearHeatBUCInteriorRegularity
PASS: Poincare.lean imports Poincare.Global.SemilinearHeatBUCLocalAutomaticClassical
PASS: Poincare.lean imports Poincare.Global.SemilinearHeatBUCLocalContinuation
PASS: Poincare.lean imports Poincare.Global.SemilinearHeatBUCLocalDataOperations
PASS: Poincare.lean imports Poincare.Global.SemilinearHeatBUCLocalMaximal
PASS: Poincare.lean imports Poincare.Global.SemilinearHeatBUCLocalUniform
PASS: Poincare.lean imports Poincare.Global.SemilinearHeatBUCPolynomialLocalData
PASS: Poincare.lean imports Poincare.Global.SemilinearHeatBUCRegularity
PASS: Poincare.lean imports Poincare.Global.SemilinearHeatBUCRestart
PASS: Poincare.lean imports Poincare.Global.SemilinearHeatBUCRestrictionGluing
PASS: Poincare.lean imports Poincare.Global.SemilinearHeatBUCTwoSidedInteriorRegularity
PASS: Poincare.lean imports Poincare.Global.ShortTimeInterface
PASS: Poincare.lean imports Poincare.Global.SideConditions
PASS: Poincare.lean imports Poincare.Global.SinSqInstantiate
PASS: Poincare.lean imports Poincare.Global.SmallTCommon
PASS: Poincare.lean imports Poincare.Global.SmoothCutoffVectorExtension
PASS: Poincare.lean imports Poincare.Global.SmoothDependenceDischarge
PASS: Poincare.lean imports Poincare.Global.SmoothInitialMetricDefinitions
PASS: Poincare.lean imports Poincare.Global.SmoothInitialMetricExistence
PASS: Poincare.lean imports Poincare.Global.SmoothInitialMetricLocalPullback
PASS: Poincare.lean imports Poincare.Global.SmoothInitialMetricPositiveCone
PASS: Poincare.lean imports Poincare.Global.SmoothabilityAffineGermInvertibilityReduction
PASS: Poincare.lean imports Poincare.Global.SmoothabilityExistenceBridge
PASS: Poincare.lean imports Poincare.Global.SmoothabilityFiniteAtlasNerveReduction
PASS: Poincare.lean imports Poincare.Global.SmoothabilityFiniteLocalAffineTransitionModels
PASS: Poincare.lean imports Poincare.Global.SmoothabilityFinitePrecompactTopologicalAtlasReduction
PASS: Poincare.lean imports Poincare.Global.SmoothabilityFiniteSmoothTransitionExtension
PASS: Poincare.lean imports Poincare.Global.SmoothabilityFiniteTetrahedralStarReduction
PASS: Poincare.lean imports Poincare.Global.SmoothabilityFiniteTopologicalAtlasReduction
PASS: Poincare.lean imports Poincare.Global.SmoothabilityFiniteTransitionSmoothingBoundary
PASS: Poincare.lean imports Poincare.Global.SmoothabilityLocalSmoothTransitionGerms
PASS: Poincare.lean imports Poincare.Global.SmoothabilityPLCompatibleAffineConjugacy
PASS: Poincare.lean imports Poincare.Global.SmoothabilityProofBearingAtlasUpgrade
PASS: Poincare.lean imports Poincare.Global.SmoothabilityRawAffineNerveIdentityConjugacy
PASS: Poincare.lean imports Poincare.Global.SmoothabilitySimultaneousLocalConjugacy
PASS: Poincare.lean imports Poincare.Global.SmoothabilitySmoothGermInvertibilityReduction
PASS: Poincare.lean imports Poincare.Global.SolutionsFeed
PASS: Poincare.lean imports Poincare.Global.SourcePackage
PASS: Poincare.lean imports Poincare.Global.SpeedGeneric
PASS: Poincare.lean imports Poincare.Global.SpeedPackage
PASS: Poincare.lean imports Poincare.Global.SpeedReconcile
PASS: Poincare.lean imports Poincare.Global.SphereTheorem
PASS: Poincare.lean imports Poincare.Global.Statement
PASS: Poincare.lean imports Poincare.Global.SuccessorEqualityRadiusPersistence
PASS: Poincare.lean imports Poincare.Global.TangentAlignmentExists
PASS: Poincare.lean imports Poincare.Global.TangentAlignmentFiberCompactness
PASS: Poincare.lean imports Poincare.Global.TangentAlignmentUniformCutoffRadius
PASS: Poincare.lean imports Poincare.Global.TargetPackage
PASS: Poincare.lean imports Poincare.Global.TargetRayIdentity
PASS: Poincare.lean imports Poincare.Global.TheIsometry
PASS: Poincare.lean imports Poincare.Global.TheLocalIsometry
PASS: Poincare.lean imports Poincare.Global.TheSelector
PASS: Poincare.lean imports Poincare.Global.ThirdFamily
PASS: Poincare.lean imports Poincare.Global.ThirdVariation
PASS: Poincare.lean imports Poincare.Global.ThreeBounds
PASS: Poincare.lean imports Poincare.Global.ThreeDimensionalRicciTraceInequality
PASS: Poincare.lean imports Poincare.Global.TopologicalCompletionBridge
PASS: Poincare.lean imports Poincare.Global.TowerClosed
PASS: Poincare.lean imports Poincare.Global.TowerCloses
PASS: Poincare.lean imports Poincare.Global.TransitionLands
PASS: Poincare.lean imports Poincare.Global.TransitionLaw
PASS: Poincare.lean imports Poincare.Global.TransitionLawFires
PASS: Poincare.lean imports Poincare.Global.TransportedCompatibility
PASS: Poincare.lean imports Poincare.Global.TransverseExport
PASS: Poincare.lean imports Poincare.Global.TwoBridges
PASS: Poincare.lean imports Poincare.Global.TwoConnectors
PASS: Poincare.lean imports Poincare.Global.UniformAnchoredAugmentedFamily
PASS: Poincare.lean imports Poincare.Global.UniformAnchoredFTransition
PASS: Poincare.lean imports Poincare.Global.UniformAnchoredGeodesicTransition
PASS: Poincare.lean imports Poincare.Global.UniformAnchoredSecondVariation
PASS: Poincare.lean imports Poincare.Global.UniformFirstVariationGronwall
PASS: Poincare.lean imports Poincare.Global.UniformFlowExport
PASS: Poincare.lean imports Poincare.Global.UniformNormalRadius
PASS: Poincare.lean imports Poincare.Global.UniformPL
PASS: Poincare.lean imports Poincare.Global.UniformShrink
PASS: Poincare.lean imports Poincare.Global.UniformTangentAlignmentC2
PASS: Poincare.lean imports Poincare.Global.UniformTangentAlignmentDifferentialField
PASS: Poincare.lean imports Poincare.Global.UniformTangentAlignmentFTransition
PASS: Poincare.lean imports Poincare.Global.UniformTangentAlignmentFiniteFamily
PASS: Poincare.lean imports Poincare.Global.UniformTangentAlignmentGeodesicTransition
PASS: Poincare.lean imports Poincare.Global.UniformTangentAlignmentGeodesicTransitionFiniteFamily
PASS: Poincare.lean imports Poincare.Global.UniformTangentAlignmentRigidity
PASS: Poincare.lean imports Poincare.Global.UnitRecognitionNext
PASS: Poincare.lean imports Poincare.Global.UniversalUnitRecognition
PASS: Poincare.lean imports Poincare.Global.UnscaledFeed
PASS: Poincare.lean imports Poincare.Global.VectorHeatCauchy
PASS: Poincare.lean imports Poincare.Global.VolumeDensity
PASS: Poincare.lean imports Poincare.Global.VolumeFiniteness
PASS: Poincare.lean imports Poincare.Global.VolumeFinitenessComparison
PASS: Poincare.lean imports Poincare.Global.VolumeMeasure
PASS: Poincare.lean imports Poincare.Global.VolumeMeasureOpenPositivity
PASS: Poincare.lean imports Poincare.KoszulExistence
PASS: Poincare.lean imports Poincare.LeviCivitaUniqueness
PASS: Poincare.lean imports Poincare.LocalConnectionRegularity
PASS: Poincare.lean imports Poincare.MaximumPrinciple
PASS: Poincare.lean imports Poincare.Milestones
PASS: Poincare.lean imports Poincare.ModelChristoffel
PASS: Poincare.lean imports Poincare.ModelLaplacian
PASS: Poincare.lean imports Poincare.ModelLaplacianRootAliases
PASS: Poincare.lean imports Poincare.ProofProgress.AnalyticLeviCivitaBlocker
PASS: Poincare.lean imports Poincare.ProofProgress.AnalyticLeviCivitaInterface
PASS: Poincare.lean imports Poincare.ProofProgress.AnalyticProductionPackageLeviCivita
PASS: Poincare.lean imports Poincare.ProofProgress.AnalyticThreeManifoldStationary
PASS: Poincare.lean imports Poincare.ProofProgress.CompletionBlockerLedger
PASS: Poincare.lean imports Poincare.ProofProgress.ExtinctionSurgeryTraceAncestry
PASS: Poincare.lean imports Poincare.ProofProgress.ExtinctionThreeSphereCoveringProjection
PASS: Poincare.lean imports Poincare.ProofProgress.FinalCertificateBoundary
PASS: Poincare.lean imports Poincare.ProofProgress.FiniteExtinctionPackage
PASS: Poincare.lean imports Poincare.ProofProgress.FiniteExtinctionProductionPackageAfterCurvature
PASS: Poincare.lean imports Poincare.ProofProgress.FiniteExtinctionProductionPackageAfterScalarCurvature
PASS: Poincare.lean imports Poincare.ProofProgress.FiniteExtinctionProductionPackageAfterSurgeryVolume
PASS: Poincare.lean imports Poincare.ProofProgress.FiniteExtinctionProductionPackageAfterVolume
PASS: Poincare.lean imports Poincare.ProofProgress.FiniteExtinctionProductionPackageAfterVolumeDifferential
PASS: Poincare.lean imports Poincare.ProofProgress.FiniteExtinctionProductionPackageAfterWidth
PASS: Poincare.lean imports Poincare.ProofProgress.FiniteExtinctionProductionPackageBridge
PASS: Poincare.lean imports Poincare.ProofProgress.FiniteExtinctionSweepoutBoundary
PASS: Poincare.lean imports Poincare.ProofProgress.FiniteExtinctionSweepoutInterfaceBundle
PASS: Poincare.lean imports Poincare.ProofProgress.FullAssemblyClosure
PASS: Poincare.lean imports Poincare.ProofProgress.GroundedFiniteExtinctionCertificate
PASS: Poincare.lean imports Poincare.ProofProgress.GroundedPerelmanFiniteExtinctionBridge
PASS: Poincare.lean imports Poincare.ProofProgress.GroundedPerelmanPoincareBoundary
PASS: Poincare.lean imports Poincare.ProofProgress.GroundedPerelmanSingularityControl
PASS: Poincare.lean imports Poincare.ProofProgress.GroundedTopologyAssembly
PASS: Poincare.lean imports Poincare.ProofProgress.GroundedTopologyStatements
PASS: Poincare.lean imports Poincare.ProofProgress.MoiseSmoothabilityAfterTopologyExtraction
PASS: Poincare.lean imports Poincare.ProofProgress.MoiseSmoothabilityTarget
PASS: Poincare.lean imports Poincare.ProofProgress.OnePointSingleComplementTopology
PASS: Poincare.lean imports Poincare.ProofProgress.OnePointThreeSphereTwoPoint
PASS: Poincare.lean imports Poincare.ProofProgress.OnePointTwoPointComplementTopology
PASS: Poincare.lean imports Poincare.ProofProgress.ResearcherStepLedger
PASS: Poincare.lean imports Poincare.ProofProgress.SemanticSurfaceContractBridge
PASS: Poincare.lean imports Poincare.ProofProgress.SingularityModelBlowupCoverage
PASS: Poincare.lean imports Poincare.ProofProgress.SmoothabilityOnePointRecognition
PASS: Poincare.lean imports Poincare.ProofProgress.SmoothabilityProductionPackageBlocker
PASS: Poincare.lean imports Poincare.ProofProgress.SmoothabilityProductionPackageBridge
PASS: Poincare.lean imports Poincare.ProofProgress.SmoothabilityProductionPackageMoiseLocalBlocker
PASS: Poincare.lean imports Poincare.ProofProgress.SurgeryPerelmanPackageLayer
PASS: Poincare.lean imports Poincare.ProofProgress.ThreeSphereTwoPointPiOne
PASS: Poincare.lean imports Poincare.ProofProgress.TopologyDecompositionInterface
PASS: Poincare.lean imports Poincare.ProofProgress.TopologyExtractionPunctureTransport
PASS: Poincare.lean imports Poincare.ProofProgress.TopologyPackageFields
PASS: Poincare.lean imports Poincare.ProofProgress.TopologyProductionPackageNextField
PASS: Poincare.lean imports Poincare.RicciFlow
PASS: Poincare.lean imports Poincare.RicciFlowEquation
PASS: Poincare.lean imports Poincare.RicciFlowInterface
PASS: Poincare.lean imports Poincare.RiemannCurvatureOperator
PASS: Poincare.lean imports Poincare.Smoothability
PASS: Poincare.lean imports Poincare.Statement
PASS: Poincare.lean imports Poincare.Surgery
PASS: Poincare.lean imports Poincare.TopologyExtraction
PASS: Poincare root exposes canonical target contracts, canonical assembly bridges, and projection assembly
