== Shape contract audit ==
PASS: TangentCovariantDerivative has tangentCovariantDerivative_eq in Poincare/AnalyticFoundation.lean
PASS: TimeDependentTangentConnectionField has timeDependentTangentConnectionField_eq in Poincare/AnalyticFoundation.lean
PASS: TangentRiemannCurvatureTensor has tangentRiemannCurvatureTensor_eq in Poincare/AnalyticFoundation.lean
PASS: TimeDependentRiemannCurvatureTensorField has timeDependentRiemannCurvatureTensorField_eq in Poincare/AnalyticFoundation.lean
PASS: TimeDependentRiemannCurvatureCovariantDerivativeField has timeDependentRiemannCurvatureCovariantDerivativeField_eq in Poincare/AnalyticFoundation.lean
PASS: TimeDependentRicciContractionTraceField has timeDependentRicciContractionTraceField_eq in Poincare/AnalyticFoundation.lean
PASS: TimeDependentRicciContractionEndomorphismField has timeDependentRicciContractionEndomorphismField_eq in Poincare/AnalyticFoundation.lean
PASS: TimeDependentScalarCurvatureTraceField has timeDependentScalarCurvatureTraceField_eq in Poincare/AnalyticFoundation.lean
PASS: ricciContractionTheoryData_of_scalarContractionFormulaData has ricciContractionTheoryData_of_scalarContractionFormulaData_eq in Poincare/AnalyticFoundation.lean
PASS: scalarCurvatureTheoryData_of_ricciContractionTheoryData has scalarCurvatureTheoryData_of_ricciContractionTheoryData_eq in Poincare/AnalyticFoundation.lean
PASS: timeDependentMetricRegularityData_of_metric has timeDependentMetricRegularityData_of_metric_eq in Poincare/AnalyticFoundation.lean
INFO: qualified definition HasLeviCivitaConnectionTheory.of_connectionTheoryData is outside the unqualified shape-name convention
INFO: qualified definition HasLeviCivitaConnectionExistence.of_connectionField is outside the unqualified shape-name convention
INFO: qualified definition HasLeviCivitaConnectionUniqueness.of_uniqueConnectionField is outside the unqualified shape-name convention
INFO: qualified definition HasLeviCivitaTorsionFreeProperty.of_torsionFreeConnectionField is outside the unqualified shape-name convention
INFO: qualified definition HasLeviCivitaMetricCompatibility.of_metricCompatibleConnectionField is outside the unqualified shape-name convention
INFO: qualified definition HasRiemannCurvatureTensorTheory.of_secondBianchiData is outside the unqualified shape-name convention
INFO: qualified definition HasRiemannCurvatureTensorConstruction.of_curvatureConstructionData is outside the unqualified shape-name convention
INFO: qualified definition HasRiemannCurvatureTensorSymmetries.of_curvatureSymmetryData is outside the unqualified shape-name convention
INFO: qualified definition HasFirstBianchiIdentity.of_firstBianchiData is outside the unqualified shape-name convention
INFO: qualified definition HasSecondBianchiIdentity.of_secondBianchiData is outside the unqualified shape-name convention
INFO: qualified definition HasRicciContractionTheory.of_contractionTheoryData is outside the unqualified shape-name convention
INFO: qualified definition HasRicciTensorContractionFormula.of_contractionFormulaData is outside the unqualified shape-name convention
INFO: qualified definition HasScalarCurvatureContractionFormula.of_contractionFormulaData is outside the unqualified shape-name convention
INFO: qualified definition HasTimeDependentMetricRegularity.of_metricRegularityData is outside the unqualified shape-name convention
INFO: qualified definition HasMetricTimeDerivativeTheory.of_metricTimeDerivativeData is outside the unqualified shape-name convention
INFO: qualified definition HasScalarCurvatureTheory.of_scalarCurvatureTheoryData is outside the unqualified shape-name convention
INFO: qualified definition HasRicciFlowEquationDerivation.of_ricciFlowEquationVerification is outside the unqualified shape-name convention
PASS: ricci_flow_equation_verification_of_boundary_package has ricci_flow_equation_verification_of_boundary_package_eq in Poincare/AnalyticFoundation.lean
PASS: metric_derivative_data_of_equation_boundary_package has metric_derivative_data_of_equation_boundary_package_eq in Poincare/AnalyticFoundation.lean
PASS: RicciFlowEquationBoundaryStatement has ricciFlowEquationBoundaryStatement_eq in Poincare/AnalyticFoundation.lean
PASS: equation_boundary_package_of_ricci_flow_equation_verification has equation_boundary_package_of_ricci_flow_equation_verification_eq in Poincare/AnalyticFoundation.lean
PASS: zero_ricci_flow_equation_boundary_package has zero_ricci_flow_equation_boundary_package_eq in Poincare/AnalyticFoundation.lean
PASS: stationary_zero_ricci_flow_equation_boundary_package has stationary_zero_ricci_flow_equation_boundary_package_eq in Poincare/AnalyticFoundation.lean
PASS: initialMetricCompatibilityData_of_flow has initialMetricCompatibilityData_of_flow_eq in Poincare/AnalyticFoundation.lean
INFO: qualified definition HasInitialMetricCompatibility.of_initialMetricCompatibilityData is outside the unqualified shape-name convention
PASS: deturckBackgroundMetricData_of_initialMetricCompatibilityData has deturckBackgroundMetricData_of_initialMetricCompatibilityData_eq in Poincare/AnalyticFoundation.lean
PASS: deturckBackgroundMetricData_of_flow has deturckBackgroundMetricData_of_flow_eq in Poincare/AnalyticFoundation.lean
INFO: qualified definition HasDeTurckGaugeFixing.of_backgroundMetricData is outside the unqualified shape-name convention
INFO: qualified definition HasDeTurckBackgroundMetricCompatibility.of_backgroundMetricData is outside the unqualified shape-name convention
PASS: TimeDependentDeTurckVectorField has timeDependentDeTurckVectorField_eq in Poincare/AnalyticFoundation.lean
PASS: TimeDependentDeTurckConnectionDifferenceField has timeDependentDeTurckConnectionDifferenceField_eq in Poincare/AnalyticFoundation.lean
PASS: TimeDependentDeTurckConnectionTraceField has timeDependentDeTurckConnectionTraceField_eq in Poincare/AnalyticFoundation.lean
INFO: qualified definition HasDeTurckVectorFieldConstruction.of_vectorFieldConstructionData is outside the unqualified shape-name convention
PASS: TimeDependentRicciDeTurckGaugeTermField has timeDependentRicciDeTurckGaugeTermField_eq in Poincare/AnalyticFoundation.lean
PASS: TimeDependentRicciDeTurckRHSField has timeDependentRicciDeTurckRHSField_eq in Poincare/AnalyticFoundation.lean
INFO: qualified definition HasDeTurckEquationDerivation.of_ricciDeTurckEquationDerivationData is outside the unqualified shape-name convention
PASS: TimeDependentRicciTensorLinearizationField has timeDependentRicciTensorLinearizationField_eq in Poincare/AnalyticFoundation.lean
PASS: TimeDependentDeTurckGaugeLinearizationField has timeDependentDeTurckGaugeLinearizationField_eq in Poincare/AnalyticFoundation.lean
PASS: TimeDependentRicciDeTurckLinearizedOperatorField has timeDependentRicciDeTurckLinearizedOperatorField_eq in Poincare/AnalyticFoundation.lean
INFO: qualified definition HasRicciDeTurckLinearization.of_ricciDeTurckLinearizationData is outside the unqualified shape-name convention
PASS: TimeDependentRicciDeTurckPrincipalSymbolField has timeDependentRicciDeTurckPrincipalSymbolField_eq in Poincare/AnalyticFoundation.lean
PASS: TimeDependentRicciDeTurckLowerOrderField has timeDependentRicciDeTurckLowerOrderField_eq in Poincare/AnalyticFoundation.lean
PASS: TimeDependentStrictParabolicityCoefficientField has timeDependentStrictParabolicityCoefficientField_eq in Poincare/AnalyticFoundation.lean
INFO: qualified definition HasStrictlyParabolicDeTurckSystem.of_strictlyParabolicDeTurckSystemData is outside the unqualified shape-name convention
PASS: TimeDependentParabolicLinearSolutionOperatorField has timeDependentParabolicLinearSolutionOperatorField_eq in Poincare/AnalyticFoundation.lean
PASS: TimeDependentParabolicLinearEstimateConstantField has timeDependentParabolicLinearEstimateConstantField_eq in Poincare/AnalyticFoundation.lean
INFO: qualified definition HasParabolicLinearTheory.of_parabolicLinearTheoryData is outside the unqualified shape-name convention
PASS: TimeDependentParabolicFixedPointMapField has timeDependentParabolicFixedPointMapField_eq in Poincare/AnalyticFoundation.lean
PASS: TimeDependentRicciDeTurckFixedPointField has timeDependentRicciDeTurckFixedPointField_eq in Poincare/AnalyticFoundation.lean
PASS: TimeDependentParabolicFixedPointContractionConstantField has timeDependentParabolicFixedPointContractionConstantField_eq in Poincare/AnalyticFoundation.lean
INFO: qualified definition HasParabolicFixedPointArgument.of_parabolicFixedPointArgumentData is outside the unqualified shape-name convention
PASS: TimeDependentRicciDeTurckSolutionMetricField has timeDependentRicciDeTurckSolutionMetricField_eq in Poincare/AnalyticFoundation.lean
PASS: DeTurckShortTimeExistenceInterval has deTurckShortTimeExistenceInterval_eq in Poincare/AnalyticFoundation.lean
INFO: qualified definition HasDeTurckShortTimeExistence.of_deturckShortTimeExistenceData is outside the unqualified shape-name convention
PASS: TimeDependentRicciDeTurckBootstrappedMetricField has timeDependentRicciDeTurckBootstrappedMetricField_eq in Poincare/AnalyticFoundation.lean
PASS: TimeDependentShortTimeRegularityEstimateField has timeDependentShortTimeRegularityEstimateField_eq in Poincare/AnalyticFoundation.lean
INFO: qualified definition HasShortTimeRegularityBootstrap.of_shortTimeRegularityBootstrapData is outside the unqualified shape-name convention
PASS: TimeDependentDeTurckDiffeomorphismField has timeDependentDeTurckDiffeomorphismField_eq in Poincare/AnalyticFoundation.lean
PASS: TimeDependentDeTurckDiffeomorphismVelocityField has timeDependentDeTurckDiffeomorphismVelocityField_eq in Poincare/AnalyticFoundation.lean
INFO: qualified definition HasDeTurckDiffeomorphismODE.of_deturckDiffeomorphismODEData is outside the unqualified shape-name convention
PASS: TimeDependentDeTurckPulledBackMetricField has timeDependentDeTurckPulledBackMetricField_eq in Poincare/AnalyticFoundation.lean
PASS: TimeDependentDeTurckPulledBackRHSField has timeDependentDeTurckPulledBackRHSField_eq in Poincare/AnalyticFoundation.lean
INFO: qualified definition HasDeTurckPullbackEquationIdentity.of_deturckPullbackEquationIdentityData is outside the unqualified shape-name convention
INFO: qualified definition HasDeTurckPullbackToRicciFlow.of_deturckPullbackToRicciFlowData is outside the unqualified shape-name convention
INFO: qualified definition HasShortTimeRicciFlowSolution.of_shortTimeRicciFlowSolutionData is outside the unqualified shape-name convention
INFO: qualified definition HasRicciFlowMaximalTimeInterval.of_ricciFlowMaximalTimeIntervalData is outside the unqualified shape-name convention
INFO: qualified definition HasRicciFlowContinuationCriterion.of_ricciFlowContinuationCriterionData is outside the unqualified shape-name convention
INFO: qualified definition HasCurvatureBlowUpContinuationCriterion.of_curvatureBlowUpContinuationCriterionData is outside the unqualified shape-name convention
INFO: qualified definition HasMaximalSolutionExtension.of_maximalSolutionExtensionData is outside the unqualified shape-name convention
INFO: qualified definition HasParabolicSchauderEstimates.of_parabolicSchauderEstimateData is outside the unqualified shape-name convention
INFO: qualified definition HasRicciFlowParabolicRegularity.of_ricciFlowParabolicRegularityData is outside the unqualified shape-name convention
PASS: TimeDependentShiCurvatureDerivativeEnergyField has timeDependentShiCurvatureDerivativeEnergyField_eq in Poincare/AnalyticFoundation.lean
PASS: TimeDependentShiDerivativePointwiseBoundField has timeDependentShiDerivativePointwiseBoundField_eq in Poincare/AnalyticFoundation.lean
PASS: shiDerivativeEstimateData_of_scalarCurvatureTheoryData_and_ricciFlowParabolicRegularityData has shiDerivativeEstimateData_of_scalarCurvatureTheoryData_and_ricciFlowParabolicRegularityData_eq in Poincare/AnalyticFoundation.lean
INFO: qualified definition HasShiDerivativeEstimates.of_shiDerivativeEstimateData is outside the unqualified shape-name convention
INFO: qualified definition HasCurvatureDerivativeBootstrap.of_curvatureDerivativeBootstrapData is outside the unqualified shape-name convention
INFO: qualified definition HasHamiltonMaximumPrinciple.of_hamiltonMaximumPrincipleData is outside the unqualified shape-name convention
INFO: qualified definition HasRicciFlowUniquenessTheory.of_ricciFlowUniquenessTheoryData is outside the unqualified shape-name convention
INFO: qualified definition HasMetricEvolutionEquation.of_metricEvolutionEquationData is outside the unqualified shape-name convention
INFO: qualified definition HasRicciTensorEvolutionEquation.of_ricciTensorEvolutionEquationData is outside the unqualified shape-name convention
INFO: qualified definition HasScalarCurvatureEvolutionEquation.of_scalarCurvatureEvolutionEquationData is outside the unqualified shape-name convention
INFO: qualified definition HasCurvatureNormEvolutionInequality.of_curvatureNormEvolutionInequalityData is outside the unqualified shape-name convention
INFO: qualified definition HasCurvatureEvolutionEquations.of_curvatureEvolutionEquationsData is outside the unqualified shape-name convention
PASS: AnalyticFoundationDerivationStatement has analyticFoundationDerivationStatement_eq in Poincare/AnalyticFoundation.lean
PASS: RicciFlowAnalyticFoundationStatement has ricciFlowAnalyticFoundationStatement_eq in Poincare/AnalyticFoundation.lean
PASS: AnalyticFoundationWithEquationBoundaryStatement has analyticFoundationWithEquationBoundaryStatement_eq in Poincare/AnalyticFoundation.lean
PASS: AnalyticFoundationSubobligationsPayload has analyticFoundationSubobligationsPayload_eq in Poincare/AnalyticFoundation.lean
PASS: analytic_foundation_package_of_subobligations_payload has analytic_foundation_package_of_subobligations_payload_eq in Poincare/AnalyticFoundation.lean
PASS: ricci_flow_data_of_analytic_foundation_package has ricci_flow_data_of_analytic_foundation_package_eq in Poincare/AnalyticFoundation.lean
PASS: zero_ricci_flow_analytic_foundation_package has zero_ricci_flow_analytic_foundation_package_eq in Poincare/AnalyticFoundation.lean
PASS: stationary_zero_ricci_flow_analytic_foundation_package has stationary_zero_ricci_flow_analytic_foundation_package_eq in Poincare/AnalyticFoundation.lean
PASS: zero_ricci_flow_analytic_foundation_package_of_equation_verification_bridge has zero_ricci_flow_analytic_foundation_package_of_equation_verification_bridge_eq in Poincare/AnalyticFoundation.lean
PASS: stationary_zero_ricci_flow_analytic_foundation_package_of_equation_verification_bridge has stationary_zero_ricci_flow_analytic_foundation_package_of_equation_verification_bridge_eq in Poincare/AnalyticFoundation.lean
PASS: chartMetric has chartMetric_eq in Poincare/ChartTransport.lean
PASS: blendedChartMetric has blendedChartMetric_eq in Poincare/ChartTransport.lean
PASS: chartBilin has chartBilin_eq in Poincare/ChartTransport.lean
PASS: chartLeviCivita has chartLeviCivita_eq in Poincare/ChartTransport.lean
PASS: canonicalCompletionTheoremName has canonicalCompletionTheoremName_eq in Poincare/CompletionTarget.lean
PASS: canonicalCompletionTarget has canonicalCompletionTarget_eq in Poincare/CompletionTarget.lean
PASS: RemainingDependencyPackage has remainingDependencyPackage_eq in Poincare/CompletionTarget.lean
PASS: RemainingDependencyPackageWithEquationBoundary has remainingDependencyPackageWithEquationBoundary_eq in Poincare/CompletionTarget.lean
PASS: PoincareCompletionCertificate has poincareCompletionCertificate_eq in Poincare/CompletionTarget.lean
PASS: PoincareCompletionCertificateWithEquationBoundaryVerificationPayload has poincareCompletionCertificateWithEquationBoundaryVerificationPayload_eq in Poincare/CompletionTarget.lean
PASS: completion_certificate_of_component_requirements_payload_of_completion_certificate_with_equation_boundary_verification_payload has completion_certificate_of_component_requirements_payload_of_completion_certificate_with_equation_boundary_verification_payload_eq in Poincare/CompletionTarget.lean
PASS: completion_certificate_of_package_layer_requirements_payload_of_completion_certificate_with_equation_boundary_verification_payload has completion_certificate_of_package_layer_requirements_payload_of_completion_certificate_with_equation_boundary_verification_payload_eq in Poincare/CompletionTarget.lean
PASS: completion_certificate_of_milestone_requirements_payload_of_completion_certificate_with_equation_boundary_verification_payload has completion_certificate_of_milestone_requirements_payload_of_completion_certificate_with_equation_boundary_verification_payload_eq in Poincare/CompletionTarget.lean
PASS: completion_certificate_of_component_requirements_payload_of_completion_certificate_with_equation_boundary_verification_payload_of_equation_boundary_verification_payload has completion_certificate_of_component_requirements_payload_of_completion_certificate_with_equation_boundary_verification_payload_of_equation_boundary_verification_payload_eq in Poincare/CompletionTarget.lean
PASS: completion_certificate_of_package_layer_requirements_payload_of_completion_certificate_with_equation_boundary_verification_payload_of_equation_boundary_verification_payload has completion_certificate_of_package_layer_requirements_payload_of_completion_certificate_with_equation_boundary_verification_payload_of_equation_boundary_verification_payload_eq in Poincare/CompletionTarget.lean
PASS: completion_certificate_of_milestone_requirements_payload_of_completion_certificate_with_equation_boundary_verification_payload_of_equation_boundary_verification_payload has completion_certificate_of_milestone_requirements_payload_of_completion_certificate_with_equation_boundary_verification_payload_of_equation_boundary_verification_payload_eq in Poincare/CompletionTarget.lean
PASS: completion_certificate_of_component_extraction_derivation_requirements_payload_of_completion_certificate_with_equation_boundary_verification_payload has completion_certificate_of_component_extraction_derivation_requirements_payload_of_completion_certificate_with_equation_boundary_verification_payload_eq in Poincare/CompletionTarget.lean
PASS: completion_certificate_of_package_layer_extraction_derivation_requirements_payload_of_completion_certificate_with_equation_boundary_verification_payload has completion_certificate_of_package_layer_extraction_derivation_requirements_payload_of_completion_certificate_with_equation_boundary_verification_payload_eq in Poincare/CompletionTarget.lean
PASS: completion_certificate_of_milestone_extraction_derivation_requirements_payload_of_completion_certificate_with_equation_boundary_verification_payload has completion_certificate_of_milestone_extraction_derivation_requirements_payload_of_completion_certificate_with_equation_boundary_verification_payload_eq in Poincare/CompletionTarget.lean
PASS: completion_certificate_of_component_extraction_derivation_requirements_payload_of_completion_certificate_with_equation_boundary_verification_payload_of_equation_boundary_verification_payload has completion_certificate_of_component_extraction_derivation_requirements_payload_of_completion_certificate_with_equation_boundary_verification_payload_of_equation_boundary_verification_payload_eq in Poincare/CompletionTarget.lean
PASS: completion_certificate_of_package_layer_extraction_derivation_requirements_payload_of_completion_certificate_with_equation_boundary_verification_payload_of_equation_boundary_verification_payload has completion_certificate_of_package_layer_extraction_derivation_requirements_payload_of_completion_certificate_with_equation_boundary_verification_payload_of_equation_boundary_verification_payload_eq in Poincare/CompletionTarget.lean
PASS: completion_certificate_of_milestone_extraction_derivation_requirements_payload_of_completion_certificate_with_equation_boundary_verification_payload_of_equation_boundary_verification_payload has completion_certificate_of_milestone_extraction_derivation_requirements_payload_of_completion_certificate_with_equation_boundary_verification_payload_of_equation_boundary_verification_payload_eq in Poincare/CompletionTarget.lean
PASS: IsEinsteinAt has isEinsteinAt_eq in Poincare/CurvatureConditions.lean
PASS: HasNonnegRicciAt has hasNonnegRicciAt_eq in Poincare/CurvatureConditions.lean
PASS: HasPosRicciAt has hasPosRicciAt_eq in Poincare/CurvatureConditions.lean
PASS: einsteinExtinctionTime has einsteinExtinctionTime_eq in Poincare/CurvatureConditions.lean
PASS: pairCurvatureEndAt has pairCurvatureEndAt_eq in Poincare/CurvatureTensoriality.lean
PASS: sectionalNumeratorAt has sectionalNumeratorAt_eq in Poincare/CurvatureTensoriality.lean
PASS: ricciDualAt has ricciDualAt_eq in Poincare/CurvatureTensoriality.lean
PASS: scalarCurvatureAt has scalarCurvatureAt_eq in Poincare/CurvatureTensoriality.lean
PASS: dependencies_of_equation_boundary_dependencies has dependencies_of_equation_boundary_dependencies_eq in Poincare/Dependencies.lean
PASS: equation_boundary_dependencies_of_dependencies_and_verification_family has equation_boundary_dependencies_of_dependencies_and_verification_family_eq in Poincare/Dependencies.lean
PASS: dependencyLayerForMilestone has dependencyLayerForMilestone_eq in Poincare/DependencyCrosswalk.lean
PASS: dependencyComponentForPackageLayer has dependencyComponentForPackageLayer_eq in Poincare/DependencyCrosswalk.lean
PASS: dependencyComponentForMilestone has dependencyComponentForMilestone_eq in Poincare/DependencyCrosswalk.lean
PASS: dependencyComponentRequirement has dependencyComponentRequirement_eq in Poincare/DependencyCrosswalk.lean
PASS: dependencyPackageLayerRequirement has dependencyPackageLayerRequirement_eq in Poincare/DependencyCrosswalk.lean
PASS: dependencyMilestoneRequirement has dependencyMilestoneRequirement_eq in Poincare/DependencyCrosswalk.lean
PASS: dependencyPackageLayersBlockedByExternalBlocker has dependencyPackageLayersBlockedByExternalBlocker_eq in Poincare/DependencyCrosswalk.lean
PASS: dependencyComponentSlotsBlockedByExternalBlocker has dependencyComponentSlotsBlockedByExternalBlocker_eq in Poincare/DependencyCrosswalk.lean
PASS: EquationBoundaryVerificationPayload has equationBoundaryVerificationPayload_eq in Poincare/DependencyProjections.lean
PASS: flatCovariantDerivative has flatCovariantDerivative_eq in Poincare/FlatModelConnection.lean
PASS: koszulRHS has koszulRHS_eq in Poincare/KoszulExistence.lean
PASS: koszulFunctionalAt has koszulFunctionalAt_eq in Poincare/KoszulExistence.lean
PASS: leviCivitaValueAt has leviCivitaValueAt_eq in Poincare/KoszulExistence.lean
PASS: leviCivitaDirectionalAt has leviCivitaDirectionalAt_eq in Poincare/KoszulExistence.lean
PASS: metricBilinAt has metricBilinAt_eq in Poincare/KoszulExistence.lean
PASS: leviCivitaCovFun has leviCivitaCovFun_eq in Poincare/KoszulExistence.lean
PASS: leviCivitaConnection has leviCivitaConnection_eq in Poincare/KoszulExistence.lean
PASS: MetricCompatibleAt has metricCompatibleAt_eq in Poincare/LeviCivitaUniqueness.lean
PASS: TorsionFreeAt has torsionFreeAt_eq in Poincare/LeviCivitaUniqueness.lean
PASS: ricciBilinearAt has ricciBilinearAt_eq in Poincare/LocalConnectionRegularity.lean
PASS: dependencyMilestoneLedger has dependencyMilestoneLedger_eq in Poincare/Milestones.lean
PASS: externalFormalizationBlockerLedger has externalFormalizationBlockerLedger_eq in Poincare/Milestones.lean
PASS: mathlibPoincareStatementAdapterLedger has mathlibPoincareStatementAdapterLedger_eq in Poincare/Milestones.lean
PASS: mathlibPoincareStatementAdapterStatement has mathlibPoincareStatementAdapterStatement_eq in Poincare/Milestones.lean
PASS: mathlibPoincareStatementAdapterProjectTarget has mathlibPoincareStatementAdapterProjectTarget_eq in Poincare/Milestones.lean
PASS: statementAdaptersBlockedByExternalBlocker has statementAdaptersBlockedByExternalBlocker_eq in Poincare/Milestones.lean
PASS: dependencyMilestonesBlockedByExternalBlocker has dependencyMilestonesBlockedByExternalBlocker_eq in Poincare/Milestones.lean
PASS: christoffelFunctional has christoffelFunctional_eq in Poincare/ModelChristoffel.lean
PASS: christoffelAt has christoffelAt_eq in Poincare/ModelChristoffel.lean
PASS: christoffelLinear has christoffelLinear_eq in Poincare/ModelChristoffel.lean
PASS: christoffelOneForm has christoffelOneForm_eq in Poincare/ModelChristoffel.lean
PASS: modelLeviCivita has modelLeviCivita_eq in Poincare/ModelChristoffel.lean
PASS: covariantHessian has covariantHessian_eq in Poincare/ModelChristoffel.lean
PASS: covariantHessianLin has covariantHessianLin_eq in Poincare/ModelChristoffel.lean
PASS: curvedLaplacian has curvedLaplacian_eq in Poincare/ModelChristoffel.lean
PASS: modelLaplacian has modelLaplacian_eq in Poincare/ModelLaplacian.lean
PASS: metricGradient has metricGradient_eq in Poincare/ModelLaplacian.lean
PASS: IsHeatSolutionAt has isHeatSolutionAt_eq in Poincare/ModelLaplacian.lean
PASS: modelDivergence has modelDivergence_eq in Poincare/ModelLaplacian.lean
PASS: perelmanFDensity has perelmanFDensity_eq in Poincare/ModelLaplacian.lean
PASS: perelmanWDensity has perelmanWDensity_eq in Poincare/ModelLaplacian.lean
PASS: IsGradientSolitonAt has isGradientSolitonAt_eq in Poincare/ModelLaplacian.lean
PASS: covariantSecondDerivative has covariantSecondDerivative_eq in Poincare/ModelLaplacian.lean
PASS: christoffelDeriv has christoffelDeriv_eq in Poincare/ModelLaplacian.lean
PASS: sharp has sharp_eq in Poincare/ModelLaplacian.lean
PASS: hessianOperator has hessianOperator_eq in Poincare/ModelLaplacian.lean
PASS: hessianNormSq has hessianNormSq_eq in Poincare/ModelLaplacian.lean
PASS: christoffelDerivOp has christoffelDerivOp_eq in Poincare/ModelLaplacian.lean
PASS: christoffelClosedOp has christoffelClosedOp_eq in Poincare/ModelLaplacian.lean
PASS: coordCurvatureOp has coordCurvatureOp_eq in Poincare/ModelLaplacian.lean
PASS: curvatureDerivOp has curvatureDerivOp_eq in Poincare/ModelLaplacian.lean
PASS: coordRicci has coordRicci_eq in Poincare/ModelLaplacian.lean
PASS: ricciDeriv has ricciDeriv_eq in Poincare/ModelLaplacian.lean
PASS: coordRicciCLM has coordRicciCLM_eq in Poincare/ModelLaplacian.lean
PASS: coordScalar has coordScalar_eq in Poincare/ModelLaplacian.lean
PASS: coordRicciForm has coordRicciForm_eq in Poincare/ModelLaplacian.lean
PASS: coordRicciNormSq has coordRicciNormSq_eq in Poincare/ModelLaplacian.lean
PASS: coordRicciEndo has coordRicciEndo_eq in Poincare/ModelLaplacian.lean
PASS: covCurvDeriv has covCurvDeriv_eq in Poincare/ModelLaplacian.lean
PASS: covRicciDeriv has covRicciDeriv_eq in Poincare/ModelLaplacian.lean
PASS: curvDivergence has curvDivergence_eq in Poincare/ModelLaplacian.lean
PASS: ricciDivergence has ricciDivergence_eq in Poincare/ModelLaplacian.lean
PASS: scalarContractionDeriv has scalarContractionDeriv_eq in Poincare/ModelLaplacian.lean
PASS: covTensor2Deriv has covTensor2Deriv_eq in Poincare/ModelLaplacian.lean
PASS: covDeltaGammaDeriv has covDeltaGammaDeriv_eq in Poincare/ModelLaplacian.lean
PASS: deltaGammaDivergence has deltaGammaDivergence_eq in Poincare/ModelLaplacian.lean
PASS: deltaGammaContractionDeriv has deltaGammaContractionDeriv_eq in Poincare/ModelLaplacian.lean
PASS: deltaGammaDivergenceTrace has deltaGammaDivergenceTrace_eq in Poincare/ModelLaplacian.lean
PASS: deltaGammaContractionDerivTrace has deltaGammaContractionDerivTrace_eq in Poincare/ModelLaplacian.lean
PASS: metricBilin has metricBilin_eq in Poincare/ModelLaplacian.lean
PASS: ricciDivergenceForm has ricciDivergenceForm_eq in Poincare/ModelLaplacian.lean
PASS: covTensor2SndDeriv has covTensor2SndDeriv_eq in Poincare/ModelLaplacian.lean
PASS: covTensor1Deriv has covTensor1Deriv_eq in Poincare/ModelLaplacian.lean
PASS: deltaGammaTraceForm has deltaGammaTraceForm_eq in Poincare/ModelLaplacian.lean
PASS: tensorMetricTrace has tensorMetricTrace_eq in Poincare/ModelLaplacian.lean
PASS: tensorDivOneForm has tensorDivOneForm_eq in Poincare/ModelLaplacian.lean
PASS: tensorDivCLM has tensorDivCLM_eq in Poincare/ModelLaplacian.lean
PASS: tensorDoubleDivergence has tensorDoubleDivergence_eq in Poincare/ModelLaplacian.lean
PASS: deltaGammaInnerTraceCLM has deltaGammaInnerTraceCLM_eq in Poincare/ModelLaplacian.lean
PASS: connectionLaplacian has connectionLaplacian_eq in Poincare/ModelLaplacian.lean
PASS: lichnerowiczCurvature has lichnerowiczCurvature_eq in Poincare/ModelLaplacian.lean
PASS: ricciSharp has ricciSharp_eq in Poincare/ModelLaplacian.lean
PASS: ricciActionOnTensor has ricciActionOnTensor_eq in Poincare/ModelLaplacian.lean
PASS: lichnerowiczLaplacian has lichnerowiczLaplacian_eq in Poincare/ModelLaplacian.lean
PASS: coordRiemann has coordRiemann_eq in Poincare/ModelLaplacian.lean
PASS: sectionalNum has sectionalNum_eq in Poincare/ModelLaplacian.lean
PASS: constCurvatureForm has constCurvatureForm_eq in Poincare/ModelLaplacian.lean
PASS: kulkarniNomizu has kulkarniNomizu_eq in Poincare/ModelLaplacian.lean
PASS: schoutenForm has schoutenForm_eq in Poincare/ModelLaplacian.lean
PASS: coordGradient has coordGradient_eq in Poincare/ModelLaplacian.lean
PASS: coordGradNormSq has coordGradNormSq_eq in Poincare/ModelLaplacian.lean
PASS: coordCovariantHessNormSq has coordCovariantHessNormSq_eq in Poincare/ModelLaplacian.lean
PASS: covariantHessianInnerCLM has covariantHessianInnerCLM_eq in Poincare/ModelLaplacian.lean
PASS: covariantHessianForm has covariantHessianForm_eq in Poincare/ModelLaplacian.lean
PASS: covariantGradientEndo has covariantGradientEndo_eq in Poincare/ModelLaplacian.lean
PASS: stationary_time_dependent_riemannian_metric has stationary_time_dependent_riemannian_metric_eq in Poincare/RicciFlow.lean
PASS: TangentCovariantTwoTensor has tangentCovariantTwoTensor_eq in Poincare/RicciFlow.lean
PASS: zero_tangent_covariant_two_tensor has zero_tangent_covariant_two_tensor_eq in Poincare/RicciFlow.lean
PASS: zero_ricci_tensor_field has zero_ricci_tensor_field_eq in Poincare/RicciFlow.lean
PASS: hasZeroRiemannCurvatureMetric_of_standardEuclideanThreeZeroRiemannCurvatureMetricData has hasZeroRiemannCurvatureMetric_of_standardEuclideanThreeZeroRiemannCurvatureMetricData_eq in Poincare/RicciFlow.lean
PASS: zeroRiemannCurvatureMetricData_of_zeroRiemannCurvature has zeroRiemannCurvatureMetricData_of_zeroRiemannCurvature_eq in Poincare/RicciFlow.lean
PASS: stationaryZeroRicciTensorIdentificationData_of_zeroRicciMetric has stationaryZeroRicciTensorIdentificationData_of_zeroRicciMetric_eq in Poincare/RicciFlow.lean
PASS: zero_scalar_curvature_field has zero_scalar_curvature_field_eq in Poincare/RicciFlow.lean
PASS: zero_metric_time_derivative_field has zero_metric_time_derivative_field_eq in Poincare/RicciFlow.lean
PASS: stationaryZeroMetricDerivativeIdentificationData has stationaryZeroMetricDerivativeIdentificationData_eq in Poincare/RicciFlow.lean
INFO: qualified definition IsRicciTensorOf.stationary_zero_ricci_tensor is outside the unqualified shape-name convention
INFO: qualified definition IsMetricTimeDerivativeOf.stationary_zero_metric_derivative is outside the unqualified shape-name convention
INFO: qualified definition SatisfiesRicciFlowEquation.of_metric_derivative_eq_neg_two_ricci is outside the unqualified shape-name convention
PASS: metric_of_ricci_flow_data has metric_of_ricci_flow_data_eq in Poincare/RicciFlow.lean
PASS: curvature_data_of_ricci_flow_data has curvature_data_of_ricci_flow_data_eq in Poincare/RicciFlow.lean
PASS: metric_at_time_of_time_dependent_metric has metric_at_time_of_time_dependent_metric_eq in Poincare/RicciFlow.lean
PASS: metric_at_time_of_ricci_flow_data has metric_at_time_of_ricci_flow_data_eq in Poincare/RicciFlow.lean
PASS: metric_time_derivative_field_of_metric_derivative_data has metric_time_derivative_field_of_metric_derivative_data_eq in Poincare/RicciFlow.lean
PASS: metric_time_derivative_at_time_of_metric_derivative_field has metric_time_derivative_at_time_of_metric_derivative_field_eq in Poincare/RicciFlow.lean
PASS: ricci_tensor_field_of_curvature_data has ricci_tensor_field_of_curvature_data_eq in Poincare/RicciFlow.lean
PASS: scalar_curvature_field_of_curvature_data has scalar_curvature_field_of_curvature_data_eq in Poincare/RicciFlow.lean
PASS: ricci_tensor_at_time_of_ricci_tensor_field has ricci_tensor_at_time_of_ricci_tensor_field_eq in Poincare/RicciFlow.lean
PASS: ricci_flow_rhs_tensor has ricci_flow_rhs_tensor_eq in Poincare/RicciFlow.lean
PASS: scalar_curvature_at_time_of_scalar_curvature_field has scalar_curvature_at_time_of_scalar_curvature_field_eq in Poincare/RicciFlow.lean
PASS: ricci_tensor_at_time_of_ricci_flow_data has ricci_tensor_at_time_of_ricci_flow_data_eq in Poincare/RicciFlow.lean
PASS: scalar_curvature_at_time_of_ricci_flow_data has scalar_curvature_at_time_of_ricci_flow_data_eq in Poincare/RicciFlow.lean
PASS: RicciFlowEquationInterfaceBridgeStatement has ricciFlowEquationInterfaceBridgeStatement_eq in Poincare/RicciFlow.lean
PASS: metric_derivative_data_of_ricci_flow_equation_verification has metric_derivative_data_of_ricci_flow_equation_verification_eq in Poincare/RicciFlow.lean
PASS: zero_ricci_curvature_data has zero_ricci_curvature_data_eq in Poincare/RicciFlow.lean
PASS: zero_metric_derivative_data has zero_metric_derivative_data_eq in Poincare/RicciFlow.lean
PASS: zero_ricci_flow_equation_verification has zero_ricci_flow_equation_verification_eq in Poincare/RicciFlow.lean
PASS: zero_ricci_flow_data has zero_ricci_flow_data_eq in Poincare/RicciFlow.lean
PASS: ricci_flow_data_of_equation_verification_bridge has ricci_flow_data_of_equation_verification_bridge_eq in Poincare/RicciFlow.lean
PASS: zero_ricci_flow_data_of_equation_verification_bridge has zero_ricci_flow_data_of_equation_verification_bridge_eq in Poincare/RicciFlow.lean
PASS: stationary_zero_ricci_flow_data_of_equation_verification_bridge has stationary_zero_ricci_flow_data_of_equation_verification_bridge_eq in Poincare/RicciFlow.lean
PASS: IsLeviCivitaAt has isLeviCivitaAt_eq in Poincare/RicciFlowEquation.lean
PASS: euclideanBundleMetric has euclideanBundleMetric_eq in Poincare/RicciFlowEquation.lean
INFO: qualified definition FiniteExtinctionByRicciFlowWithSurgery.of_production_certificate is outside the unqualified shape-name convention
PASS: UniversalFiniteExtinctionStatement has universalFiniteExtinctionStatement_eq in Poincare/RicciFlowInterface.lean
PASS: ExtinctionImpliesSphereStatement has extinctionImpliesSphereStatement_eq in Poincare/RicciFlowInterface.lean
PASS: curvatureOp has curvatureOp_eq in Poincare/RiemannCurvatureOperator.lean
PASS: IsFlat has isFlat_eq in Poincare/RiemannCurvatureOperator.lean
PASS: DerivRegularAt has derivRegularAt_eq in Poincare/RiemannCurvatureOperator.lean
PASS: curvatureTensorAt has curvatureTensorAt_eq in Poincare/RiemannCurvatureOperator.lean
PASS: curvatureEndAt has curvatureEndAt_eq in Poincare/RiemannCurvatureOperator.lean
PASS: ricciTraceAt has ricciTraceAt_eq in Poincare/RiemannCurvatureOperator.lean
INFO: qualified definition HasMoiseLocalTriangulationCharts.ofOnePointRecognition is outside the unqualified shape-name convention
INFO: qualified definition HasMoiseLocallyFiniteCoverRefinement.ofOnePointRecognition is outside the unqualified shape-name convention
INFO: qualified definition HasMoiseSimplicialComplex.ofOnePointRecognition is outside the unqualified shape-name convention
INFO: qualified definition HasMoiseCompatibleChartTriangulations.ofOnePointRecognition is outside the unqualified shape-name convention
INFO: qualified definition HasMoiseTriangulation.ofOnePointRecognition is outside the unqualified shape-name convention
INFO: qualified definition HasMoiseSimplicialApproximation.ofOnePointRecognition is outside the unqualified shape-name convention
INFO: qualified definition HasMoiseStarNeighborhoodBasis.ofOnePointRecognition is outside the unqualified shape-name convention
INFO: qualified definition HasMoiseBarycentricSubdivisionControl.ofOnePointRecognition is outside the unqualified shape-name convention
INFO: qualified definition HasMoiseRegularNeighborhoodCompatibility.ofOnePointRecognition is outside the unqualified shape-name convention
INFO: qualified definition HasMoiseTriangulationLocalFiniteness.ofOnePointRecognition is outside the unqualified shape-name convention
INFO: qualified definition HasMoiseLinkCompatibility.ofOnePointRecognition is outside the unqualified shape-name convention
INFO: qualified definition HasMoisePLManifoldRecognition.ofOnePointRecognition is outside the unqualified shape-name convention
INFO: qualified definition HasMoiseTriangulationHomeomorphism.ofOnePointRecognition is outside the unqualified shape-name convention
INFO: qualified definition HasMoiseTriangulationCompatibility.ofOnePointRecognition is outside the unqualified shape-name convention
INFO: qualified definition HasMoiseTriangulationUniqueness.ofOnePointRecognition is outside the unqualified shape-name convention
INFO: qualified definition HasMoiseHauptvermutungDimensionThree.ofOnePointRecognition is outside the unqualified shape-name convention
INFO: qualified definition HasCompatiblePLStructure.ofOnePointRecognition is outside the unqualified shape-name convention
INFO: qualified definition HasPLTransitionCompatibility.ofOnePointRecognition is outside the unqualified shape-name convention
INFO: qualified definition HasCompatiblePLAtlas.ofOnePointRecognition is outside the unqualified shape-name convention
INFO: qualified definition HasPLManifoldAtlas.ofOnePointRecognition is outside the unqualified shape-name convention
INFO: qualified definition HasPLCollarNeighborhoodCompatibility.ofOnePointRecognition is outside the unqualified shape-name convention
INFO: qualified definition HasPLHomeomorphismCompatibility.ofOnePointRecognition is outside the unqualified shape-name convention
INFO: qualified definition HasPLAtlasMaximality.ofOnePointRecognition is outside the unqualified shape-name convention
INFO: qualified definition HasPLSmoothingExistence.ofOnePointRecognition is outside the unqualified shape-name convention
INFO: qualified definition HasPLSmoothingObstructionVanishing.ofOnePointRecognition is outside the unqualified shape-name convention
INFO: qualified definition HasPLMicrobundleSmoothing.ofOnePointRecognition is outside the unqualified shape-name convention
INFO: qualified definition HasPLSmoothingTheorem.ofOnePointRecognition is outside the unqualified shape-name convention
INFO: qualified definition HasPLSmoothingCompatibility.ofOnePointRecognition is outside the unqualified shape-name convention
INFO: qualified definition HasPLSmoothingUniqueness.ofOnePointRecognition is outside the unqualified shape-name convention
INFO: qualified definition HasPLSmoothingLocalModelCompatibility.ofOnePointRecognition is outside the unqualified shape-name convention
INFO: qualified definition HasThreeManifoldSmoothStructure.ofOnePointRecognition is outside the unqualified shape-name convention
INFO: qualified definition HasSmoothAtlasConstruction.ofOnePointRecognition is outside the unqualified shape-name convention
INFO: qualified definition HasSmoothAtlasPLCompatibility.ofOnePointRecognition is outside the unqualified shape-name convention
INFO: qualified definition HasSmoothAtlasMaximality.ofOnePointRecognition is outside the unqualified shape-name convention
INFO: qualified definition HasSmoothAtlasUniqueness.ofOnePointRecognition is outside the unqualified shape-name convention
INFO: qualified definition HasSmoothStructureUniquenessUpToDiffeomorphism.ofOnePointRecognition is outside the unqualified shape-name convention
INFO: qualified definition HasSmoothTransitionCompatibility.ofOnePointRecognition is outside the unqualified shape-name convention
INFO: qualified definition HasSmoothAtlasTransitionSmoothness.ofOnePointRecognition is outside the unqualified shape-name convention
INFO: qualified definition HasSmoothStructureDerivation.ofOnePointRecognition is outside the unqualified shape-name convention
PASS: SmoothStructureDerivationStatement has smoothStructureDerivationStatement_eq in Poincare/Smoothability.lean
PASS: SmoothabilityBridgeStatement has smoothabilityBridgeStatement_eq in Poincare/Smoothability.lean
PASS: SmoothabilitySmoothManifoldStatement has smoothabilitySmoothManifoldStatement_eq in Poincare/Smoothability.lean
PASS: SmoothabilityTransportedBridgeStatement has smoothabilityTransportedBridgeStatement_eq in Poincare/Smoothability.lean
PASS: SmoothabilityTransportedSmoothManifoldStatement has smoothabilityTransportedSmoothManifoldStatement_eq in Poincare/Smoothability.lean
PASS: SmoothabilitySubobligationsPayload has smoothabilitySubobligationsPayload_eq in Poincare/Smoothability.lean
PASS: ThreeSphere has threeSphere_eq in Poincare/Statement.lean
PASS: threeSphere_northPole has threeSphere_northPole_eq in Poincare/Statement.lean
PASS: threeSphere_equatorPoint has threeSphere_equatorPoint_eq in Poincare/Statement.lean
PASS: threeSphere_stereographic_source_homeomorph has threeSphere_stereographic_source_homeomorph_eq in Poincare/Statement.lean
PASS: ThreeSphereStereographicPathCoverStatement has threeSphereStereographicPathCoverStatement_eq in Poincare/Statement.lean
PASS: ThreeSphereStereographicPathSubdivisionStatement has threeSphereStereographicPathSubdivisionStatement_eq in Poincare/Statement.lean
PASS: ThreeSphereStereographicEquatorLoopSubdivisionStatement has threeSphereStereographicEquatorLoopSubdivisionStatement_eq in Poincare/Statement.lean
PASS: ThreeSphereStereographicEquatorLoopContainedSegmentSubdivisionStatement has threeSphereStereographicEquatorLoopContainedSegmentSubdivisionStatement_eq in Poincare/Statement.lean
PASS: ThreeSphereStereographicEquatorLoopSubpathSegmentRangeStatement has threeSphereStereographicEquatorLoopSubpathSegmentRangeStatement_eq in Poincare/Statement.lean
PASS: ThreeSphereStereographicEquatorLoopFiniteConcatSubpathStatement has threeSphereStereographicEquatorLoopFiniteConcatSubpathStatement_eq in Poincare/Statement.lean
PASS: ThreeSphereStereographicEquatorLoopFiniteConcatLoopStatement has threeSphereStereographicEquatorLoopFiniteConcatLoopStatement_eq in Poincare/Statement.lean
PASS: ThreeSphereStereographicEquatorLoopFiniteConcatQuotientStatement has threeSphereStereographicEquatorLoopFiniteConcatQuotientStatement_eq in Poincare/Statement.lean
PASS: threeSphere_equatorPointInNorthSource has threeSphere_equatorPointInNorthSource_eq in Poincare/Statement.lean
PASS: threeSphere_equatorPointInSouthSource has threeSphere_equatorPointInSouthSource_eq in Poincare/Statement.lean
PASS: threeSphere_equatorPointInActualOverlap has threeSphere_equatorPointInActualOverlap_eq in Poincare/Statement.lean
PASS: threeSphere_southPoleInNorthSource has threeSphere_southPoleInNorthSource_eq in Poincare/Statement.lean
PASS: threeSphere_southPole_northChartImage has threeSphere_southPole_northChartImage_eq in Poincare/Statement.lean
PASS: threeSphere_stereographicOpenCoverPackage has threeSphere_stereographicOpenCoverPackage_eq in Poincare/Statement.lean
PASS: euclideanThree_compl_singleton_homeomorph_zero has euclideanThree_compl_singleton_homeomorph_zero_eq in Poincare/Statement.lean
PASS: euclideanThree_compl_singleton_chartedSpace has euclideanThree_compl_singleton_chartedSpace_eq in Poincare/Statement.lean
PASS: threeSphere_countableComplement_homeomorph_sourceComplement has threeSphere_countableComplement_homeomorph_sourceComplement_eq in Poincare/Statement.lean
PASS: threeSphere_pointInStereographicSource has threeSphere_pointInStereographicSource_eq in Poincare/Statement.lean
PASS: threeSphere_twoPointChartImage has threeSphere_twoPointChartImage_eq in Poincare/Statement.lean
PASS: threeSphere_stereographicTransition_diffeomorph_puncturedCharts has threeSphere_stereographicTransition_diffeomorph_puncturedCharts_eq in Poincare/Statement.lean
PASS: threeSphere_twoPointComplement_homeomorph_sourcePunctured has threeSphere_twoPointComplement_homeomorph_sourcePunctured_eq in Poincare/Statement.lean
PASS: threeSphere_twoPointComplement_homeomorph_puncturedChart has threeSphere_twoPointComplement_homeomorph_puncturedChart_eq in Poincare/Statement.lean
PASS: threeSphere_stereographicSources_inter_homeomorph_puncturedChart has threeSphere_stereographicSources_inter_homeomorph_puncturedChart_eq in Poincare/Statement.lean
PASS: threeSphere_twoPointComplement_puncturedChartChartedSpace has threeSphere_twoPointComplement_puncturedChartChartedSpace_eq in Poincare/Statement.lean
PASS: threeSphere_stereographicSources_inter_puncturedChartChartedSpace has threeSphere_stereographicSources_inter_puncturedChartChartedSpace_eq in Poincare/Statement.lean
PASS: threeSphere_twoPointComplement_diffeomorph_puncturedChart has threeSphere_twoPointComplement_diffeomorph_puncturedChart_eq in Poincare/Statement.lean
PASS: threeSphere_stereographicSources_inter_diffeomorph_puncturedChart has threeSphere_stereographicSources_inter_diffeomorph_puncturedChart_eq in Poincare/Statement.lean
PASS: threeSphere_antipodeInSource has threeSphere_antipodeInSource_eq in Poincare/Statement.lean
PASS: threeSphere_antipodeChartImage has threeSphere_antipodeChartImage_eq in Poincare/Statement.lean
PASS: threeSphere_antipodalSourceOverlap_homeomorph_puncturedChart has threeSphere_antipodalSourceOverlap_homeomorph_puncturedChart_eq in Poincare/Statement.lean
PASS: threeSphere_antipodalSourceOverlap_puncturedChartChartedSpace has threeSphere_antipodalSourceOverlap_puncturedChartChartedSpace_eq in Poincare/Statement.lean
PASS: threeSphere_antipodalSourceOverlap_diffeomorph_puncturedChart has threeSphere_antipodalSourceOverlap_diffeomorph_puncturedChart_eq in Poincare/Statement.lean
PASS: threeSphere_antipodalActualOverlap_homeomorph_sourceOverlap has threeSphere_antipodalActualOverlap_homeomorph_sourceOverlap_eq in Poincare/Statement.lean
PASS: threeSphere_antipodalActualOverlap_puncturedChartChartedSpace has threeSphere_antipodalActualOverlap_puncturedChartChartedSpace_eq in Poincare/Statement.lean
PASS: threeSphere_antipodalActualOverlap_diffeomorph_sourceOverlap has threeSphere_antipodalActualOverlap_diffeomorph_sourceOverlap_eq in Poincare/Statement.lean
PASS: threeSphere_northSourceOverlap_homeomorph_puncturedChart has threeSphere_northSourceOverlap_homeomorph_puncturedChart_eq in Poincare/Statement.lean
PASS: threeSphere_stereographicOverlapPackage has threeSphere_stereographicOverlapPackage_eq in Poincare/Statement.lean
PASS: threeSphere_actualOverlap_homeomorph_northSourceOverlap has threeSphere_actualOverlap_homeomorph_northSourceOverlap_eq in Poincare/Statement.lean
PASS: threeSphere_actualOverlap_homeomorph_puncturedChart has threeSphere_actualOverlap_homeomorph_puncturedChart_eq in Poincare/Statement.lean
PASS: threeSphere_stereographicCoverOverlapPackage has threeSphere_stereographicCoverOverlapPackage_eq in Poincare/Statement.lean
PASS: ThreeSphereStereographicContractibleCoverInputsStatement has threeSphereStereographicContractibleCoverInputsStatement_eq in Poincare/Statement.lean
PASS: ThreeSphereStereographicVanKampenInputsStatement has threeSphereStereographicVanKampenInputsStatement_eq in Poincare/Statement.lean
PASS: ThreeSphereStereographicSourcePiOneSubsingletonStatement has threeSphereStereographicSourcePiOneSubsingletonStatement_eq in Poincare/Statement.lean
PASS: ThreeSphereStereographicEquatorSourcePiOneSubsingletonStatement has threeSphereStereographicEquatorSourcePiOneSubsingletonStatement_eq in Poincare/Statement.lean
PASS: ThreeSphereStereographicVanKampenPiOneInputsStatement has threeSphereStereographicVanKampenPiOneInputsStatement_eq in Poincare/Statement.lean
PASS: TwoSphere has twoSphere_eq in Poincare/Statement.lean
PASS: twoSphere_northPole has twoSphere_northPole_eq in Poincare/Statement.lean
PASS: twoSphere_stereographic_source_homeomorph has twoSphere_stereographic_source_homeomorph_eq in Poincare/Statement.lean
PASS: twoSphere_countableComplement_homeomorph_sourceComplement has twoSphere_countableComplement_homeomorph_sourceComplement_eq in Poincare/Statement.lean
PASS: ThreeSphereBasedLoopNullhomotopyStatement has threeSphereBasedLoopNullhomotopyStatement_eq in Poincare/Statement.lean
PASS: ThreeSphereNorthPoleLoopNullhomotopyStatement has threeSphereNorthPoleLoopNullhomotopyStatement_eq in Poincare/Statement.lean
PASS: ThreeSphereStereographicVanKampenLoopStatement has threeSphereStereographicVanKampenLoopStatement_eq in Poincare/Statement.lean
PASS: ThreeSphereStereographicEquatorLoopFiniteConcatCollapseStatement has threeSphereStereographicEquatorLoopFiniteConcatCollapseStatement_eq in Poincare/Statement.lean
PASS: ThreeSphereStereographicVanKampenReductionStatement has threeSphereStereographicVanKampenReductionStatement_eq in Poincare/Statement.lean
PASS: ThreeSphereStereographicVanKampenConclusionStatement has threeSphereStereographicVanKampenConclusionStatement_eq in Poincare/Statement.lean
PASS: ThreeSphereStereographicVanKampenPiOneSubsingletonStatement has threeSphereStereographicVanKampenPiOneSubsingletonStatement_eq in Poincare/Statement.lean
PASS: TwoSetOpenCoverVanKampenPiOneSubsingletonStatement has twoSetOpenCoverVanKampenPiOneSubsingletonStatement_eq in Poincare/Statement.lean
PASS: ThreeSphereLoopNullhomotopyStatement has threeSphereLoopNullhomotopyStatement_eq in Poincare/Statement.lean
PASS: ThreeSpherePathHomotopyStatement has threeSpherePathHomotopyStatement_eq in Poincare/Statement.lean
PASS: ThreeSpherePathQuotientSubsingletonStatement has threeSpherePathQuotientSubsingletonStatement_eq in Poincare/Statement.lean
PASS: ThreeSphereFundamentalGroupSubsingletonStatement has threeSphereFundamentalGroupSubsingletonStatement_eq in Poincare/Statement.lean
PASS: ThreeSpherePiOneSubsingletonStatement has threeSpherePiOneSubsingletonStatement_eq in Poincare/Statement.lean
PASS: PoincareConjectureStatement has poincareConjectureStatement_eq in Poincare/Statement.lean
PASS: MathlibTopologicalPoincareThreeStatement has mathlibTopologicalPoincareThreeStatement_eq in Poincare/Statement.lean
PASS: SmoothPoincareConjectureStatement has smoothPoincareConjectureStatement_eq in Poincare/Statement.lean
PASS: MathlibSmoothPoincareThreeStatement has mathlibSmoothPoincareThreeStatement_eq in Poincare/Statement.lean
PASS: CompletionCriterionAtUniverse has completionCriterionAtUniverse_eq in Poincare/Statement.lean
PASS: ThreeManifoldModel has threeManifoldModel_eq in Poincare/Surgery.lean
PASS: ThreeManifoldModelWithCorners has threeManifoldModelWithCorners_eq in Poincare/Surgery.lean
INFO: qualified definition HasRicciFlowWithSurgery.of_ricci_flow_with_surgery_payload is outside the unqualified shape-name convention
INFO: qualified definition HasSurgeryScaleFunction.of_scale_function_payload is outside the unqualified shape-name convention
INFO: qualified definition HasSurgeryScaleContinuity.of_scale_continuity_payload is outside the unqualified shape-name convention
INFO: qualified definition HasSurgeryScaleSeparation.of_scale_separation_payload is outside the unqualified shape-name convention
INFO: qualified definition HasSurgeryCutoffParameterControl.of_cutoff_parameter_control_payload is outside the unqualified shape-name convention
INFO: qualified definition HasSurgeryCutoffSmoothBumpFunction.of_cutoff_smooth_bump_payload is outside the unqualified shape-name convention
INFO: qualified definition HasSurgeryParameterSelection.of_parameter_selection_payload is outside the unqualified shape-name convention
INFO: qualified definition HasStrongDeltaNeckDetection.of_strong_delta_neck_detection_payload is outside the unqualified shape-name convention
INFO: qualified definition HasSurgeryNeckDecomposition.of_neck_decomposition_payload is outside the unqualified shape-name convention
INFO: qualified definition HasSurgeryNeckSeparation.of_neck_separation_payload is outside the unqualified shape-name convention
INFO: qualified definition HasSurgeryNeckParametrization.of_neck_parametrization_payload is outside the unqualified shape-name convention
INFO: qualified definition HasSurgeryNeckCanonicalCoordinates.of_neck_canonical_coordinates_payload is outside the unqualified shape-name convention
INFO: qualified definition HasSurgeryCapConstruction.of_cap_construction_payload is outside the unqualified shape-name convention
INFO: qualified definition HasStandardCapModel.of_standard_cap_model_payload is outside the unqualified shape-name convention
INFO: qualified definition HasCapGluingSmoothness.of_cap_gluing_smoothness_payload is outside the unqualified shape-name convention
INFO: qualified definition HasSurgeryCapMetricInterpolation.of_cap_metric_interpolation_payload is outside the unqualified shape-name convention
INFO: qualified definition HasSurgeryCapCurvatureEstimates.of_cap_curvature_estimates_payload is outside the unqualified shape-name convention
INFO: qualified definition HasPostSurgeryMetricControl.of_post_surgery_metric_control_payload is outside the unqualified shape-name convention
INFO: qualified definition HasPostSurgeryCurvaturePinching.of_post_surgery_curvature_pinching_payload is outside the unqualified shape-name convention
INFO: qualified definition HasPostSurgeryNoncollapsingControl.of_post_surgery_noncollapsing_payload is outside the unqualified shape-name convention
INFO: qualified definition HasPostSurgeryDerivativeBounds.of_post_surgery_derivative_bounds_payload is outside the unqualified shape-name convention
INFO: qualified definition HasPostSurgeryCanonicalNeighborhoodPersistence.of_post_surgery_canonical_neighborhood_persistence_payload is outside the unqualified shape-name convention
INFO: qualified definition HasLongTimeSurgeryContinuation.of_long_time_surgery_continuation_payload is outside the unqualified shape-name convention
INFO: qualified definition HasSurgeryTimeDiscreteness.of_surgery_time_discreteness_payload is outside the unqualified shape-name convention
INFO: qualified definition HasSurgeryTimeLocalFiniteness.of_surgery_time_local_finiteness_payload is outside the unqualified shape-name convention
INFO: qualified definition HasLongTimeExistenceIteration.of_long_time_existence_iteration_payload is outside the unqualified shape-name convention
INFO: qualified definition HasLongTimeSurgeryParameterCoherence.of_long_time_surgery_parameter_coherence_payload is outside the unqualified shape-name convention
INFO: qualified definition HasLongTimeNonaccumulation.of_long_time_nonaccumulation_payload is outside the unqualified shape-name convention
PASS: RicciFlowWithSurgeryConstructionStatement has ricciFlowWithSurgeryConstructionStatement_eq in Poincare/Surgery.lean
PASS: RicciFlowWithSurgeryConstructionSubobligationsPayload has ricciFlowWithSurgeryConstructionSubobligationsPayload_eq in Poincare/Surgery.lean
INFO: qualified definition HasPerelmanFFunctionalSetup.of_f_functional_setup_payload is outside the unqualified shape-name convention
INFO: qualified definition HasPerelmanEntropyNormalization.of_entropy_normalization_payload is outside the unqualified shape-name convention
INFO: qualified definition HasPerelmanEntropyMinimizerExistence.of_entropy_minimizer_existence_payload is outside the unqualified shape-name convention
INFO: qualified definition HasPerelmanEntropyLogSobolevControl.of_entropy_log_sobolev_control_payload is outside the unqualified shape-name convention
INFO: qualified definition HasConjugateHeatEquationTheory.of_conjugate_heat_equation_theory_payload is outside the unqualified shape-name convention
INFO: qualified definition HasAdjointHeatKernelConstruction.of_adjoint_heat_kernel_construction_payload is outside the unqualified shape-name convention
INFO: qualified definition HasPerelmanConjugateHeatKernelEstimates.of_conjugate_heat_kernel_estimates_payload is outside the unqualified shape-name convention
INFO: qualified definition HasPerelmanWFunctionalSetup.of_w_functional_setup_payload is outside the unqualified shape-name convention
INFO: qualified definition HasPerelmanEntropyGradientFormula.of_entropy_gradient_formula_payload is outside the unqualified shape-name convention
INFO: qualified definition HasPerelmanEntropyFirstVariation.of_entropy_first_variation_payload is outside the unqualified shape-name convention
INFO: qualified definition HasPerelmanEntropyMonotonicity.of_entropy_monotonicity_payload is outside the unqualified shape-name convention
INFO: qualified definition HasPerelmanEntropyLowerBoundPropagation.of_entropy_lower_bound_propagation_payload is outside the unqualified shape-name convention
INFO: qualified definition HasPerelmanEntropyFunctional.of_entropy_functional_payload is outside the unqualified shape-name convention
INFO: qualified definition PerelmanReducedLengthFirstVariationPayloadSource.of_payload is outside the unqualified shape-name convention
INFO: qualified definition HasPerelmanReducedLengthFirstVariation.of_reduced_length_first_variation_payload is outside the unqualified shape-name convention
INFO: qualified definition PerelmanReducedDistanceExistencePayloadSource.of_payload is outside the unqualified shape-name convention
INFO: qualified definition HasPerelmanReducedDistanceExistence.of_reduced_distance_existence_payload is outside the unqualified shape-name convention
INFO: qualified definition PerelmanReducedDistanceDifferentialInequalityPayloadSource.of_payload is outside the unqualified shape-name convention
INFO: qualified definition HasPerelmanReducedDistanceDifferentialInequality.of_reduced_distance_differential_inequality_payload is outside the unqualified shape-name convention
INFO: qualified definition PerelmanReducedDistanceEstimatesPayloadSource.of_payload is outside the unqualified shape-name convention
INFO: qualified definition HasPerelmanReducedDistanceEstimates.of_reduced_distance_estimates_payload is outside the unqualified shape-name convention
INFO: qualified definition PerelmanReducedDistanceCutLocusControlPayloadSource.of_payload is outside the unqualified shape-name convention
INFO: qualified definition HasPerelmanReducedDistanceCutLocusControl.of_reduced_distance_cut_locus_control_payload is outside the unqualified shape-name convention
INFO: qualified definition PerelmanReducedJacobianComparisonPayloadSource.of_payload is outside the unqualified shape-name convention
INFO: qualified definition HasPerelmanReducedJacobianComparison.of_reduced_jacobian_comparison_payload is outside the unqualified shape-name convention
INFO: qualified definition PerelmanReducedDistanceTheoryPayloadSource.of_payload is outside the unqualified shape-name convention
INFO: qualified definition HasPerelmanReducedDistanceTheory.of_reduced_distance_theory_payload is outside the unqualified shape-name convention
INFO: qualified definition PerelmanReducedVolumeDefinitionPayloadSource.of_payload is outside the unqualified shape-name convention
INFO: qualified definition HasPerelmanReducedVolumeDefinition.of_reduced_volume_definition_payload is outside the unqualified shape-name convention
INFO: qualified definition PerelmanReducedVolumeDerivativeFormulaPayloadSource.of_payload is outside the unqualified shape-name convention
INFO: qualified definition HasPerelmanReducedVolumeDerivativeFormula.of_reduced_volume_derivative_formula_payload is outside the unqualified shape-name convention
INFO: qualified definition PerelmanReducedVolumeRigidityPayloadSource.of_payload is outside the unqualified shape-name convention
INFO: qualified definition HasPerelmanReducedVolumeRigidity.of_reduced_volume_rigidity_payload is outside the unqualified shape-name convention
INFO: qualified definition PerelmanReducedVolumePositiveLowerBoundPayloadSource.of_payload is outside the unqualified shape-name convention
INFO: qualified definition HasPerelmanReducedVolumePositiveLowerBound.of_reduced_volume_positive_lower_bound_payload is outside the unqualified shape-name convention
INFO: qualified definition PerelmanReducedVolumeLimitRigidityPayloadSource.of_payload is outside the unqualified shape-name convention
INFO: qualified definition HasPerelmanReducedVolumeLimitRigidity.of_reduced_volume_limit_rigidity_payload is outside the unqualified shape-name convention
INFO: qualified definition PerelmanReducedVolumeNonincreasingPayloadSource.of_payload is outside the unqualified shape-name convention
INFO: qualified definition HasPerelmanReducedVolumeNonincreasing.of_reduced_volume_nonincreasing_payload is outside the unqualified shape-name convention
INFO: qualified definition PerelmanKappaNoncollapsingFromReducedVolumePayloadSource.of_payload is outside the unqualified shape-name convention
INFO: qualified definition HasPerelmanKappaNoncollapsingFromReducedVolume.of_kappa_noncollapsing_from_reduced_volume_payload is outside the unqualified shape-name convention
INFO: qualified definition HasPerelmanKappaNoncollapsingQuantification.of_kappa_noncollapsing_from_reduced_volume is outside the unqualified shape-name convention
INFO: qualified definition PerelmanNoLocalCollapsingContradictionSetupPayloadSource.of_payload is outside the unqualified shape-name convention
INFO: qualified definition HasPerelmanNoLocalCollapsingContradictionSetup.of_no_local_collapsing_contradiction_setup_payload is outside the unqualified shape-name convention
INFO: qualified definition PerelmanCollapsedBallBlowupPayloadSource.of_payload is outside the unqualified shape-name convention
INFO: qualified definition HasPerelmanCollapsedBallBlowup.of_collapsed_ball_blowup_payload is outside the unqualified shape-name convention
INFO: qualified definition HasPerelmanVolumeRatioContradiction.of_collapsed_ball_blowup_payload is outside the unqualified shape-name convention
INFO: qualified definition HasNoLocalCollapsingVolumeLowerBound.of_collapsed_ball_blowup_payload is outside the unqualified shape-name convention
INFO: qualified definition HamiltonCompactnessPayloadSource.of_payload is outside the unqualified shape-name convention
INFO: qualified definition HasHamiltonCompactnessTheorem.of_hamilton_compactness_payload is outside the unqualified shape-name convention
INFO: qualified definition AncientKappaSolutionCompactnessPayloadSource.of_payload is outside the unqualified shape-name convention
INFO: qualified definition HasAncientKappaSolutionCompactness.of_ancient_kappa_solution_compactness_payload is outside the unqualified shape-name convention
INFO: qualified definition AncientKappaSolutionLimitExtractionPayloadSource.of_payload is outside the unqualified shape-name convention
INFO: qualified definition HasAncientKappaSolutionLimitExtraction.of_ancient_kappa_solution_limit_extraction_payload is outside the unqualified shape-name convention
INFO: qualified definition KappaSolutionPointedRescalingPayloadSource.of_payload is outside the unqualified shape-name convention
INFO: qualified definition HasKappaSolutionPointedRescaling.of_kappa_solution_pointed_rescaling_payload is outside the unqualified shape-name convention
INFO: qualified definition KappaSolutionCurvatureNormalizationPayloadSource.of_payload is outside the unqualified shape-name convention
INFO: qualified definition HasKappaSolutionCurvatureNormalization.of_kappa_solution_curvature_normalization_payload is outside the unqualified shape-name convention
INFO: qualified definition KappaSolutionStructureTheoryPayloadSource.of_payload is outside the unqualified shape-name convention
INFO: qualified definition HasKappaSolutionStructureTheory.of_kappa_solution_structure_theory_payload is outside the unqualified shape-name convention
INFO: qualified definition KappaSolutionNonnegativeCurvatureOperatorPayloadSource.of_payload is outside the unqualified shape-name convention
INFO: qualified definition HasKappaSolutionNonnegativeCurvatureOperator.of_kappa_solution_nonnegative_curvature_operator_payload is outside the unqualified shape-name convention
INFO: qualified definition KappaSolutionAsymptoticSolitonPayloadSource.of_payload is outside the unqualified shape-name convention
INFO: qualified definition HasKappaSolutionAsymptoticSoliton.of_kappa_solution_asymptotic_soliton_payload is outside the unqualified shape-name convention
INFO: qualified definition CanonicalNeighborhoodScaleControlPayloadSource.of_payload is outside the unqualified shape-name convention
INFO: qualified definition HasCanonicalNeighborhoodScaleControl.of_canonical_neighborhood_scale_control_payload is outside the unqualified shape-name convention
INFO: qualified definition CanonicalNeighborhoodStabilityPayloadSource.of_payload is outside the unqualified shape-name convention
INFO: qualified definition HasCanonicalNeighborhoodStability.of_canonical_neighborhood_stability_payload is outside the unqualified shape-name convention
INFO: qualified definition CanonicalNeighborhoodPersistenceAcrossScalesPayloadSource.of_payload is outside the unqualified shape-name convention
INFO: qualified definition HasCanonicalNeighborhoodPersistenceAcrossScales.of_canonical_neighborhood_persistence_across_scales_payload is outside the unqualified shape-name convention
INFO: qualified definition CanonicalNeighborhoodNeckCapDichotomyPayloadSource.of_payload is outside the unqualified shape-name convention
INFO: qualified definition HasCanonicalNeighborhoodNeckCapDichotomy.of_canonical_neighborhood_neck_cap_dichotomy_payload is outside the unqualified shape-name convention
INFO: qualified definition CanonicalNeighborhoodClassificationPayloadSource.of_payload is outside the unqualified shape-name convention
INFO: qualified definition HasCanonicalNeighborhoodClassification.of_canonical_neighborhood_classification_payload is outside the unqualified shape-name convention
INFO: qualified definition PerelmanNoLocalCollapsingPayloadSource.of_payload is outside the unqualified shape-name convention
INFO: qualified definition HasPerelmanNoLocalCollapsing.of_no_local_collapsing_payload is outside the unqualified shape-name convention
INFO: qualified definition PerelmanReducedVolumeMonotonicityPayloadSource.of_payload is outside the unqualified shape-name convention
INFO: qualified definition HasPerelmanReducedVolumeMonotonicity.of_reduced_volume_monotonicity_payload is outside the unqualified shape-name convention
INFO: qualified definition CanonicalNeighborhoodTheoremPayloadSource.of_payload is outside the unqualified shape-name convention
INFO: qualified definition HasCanonicalNeighborhoodTheorem.of_canonical_neighborhood_theorem_payload is outside the unqualified shape-name convention
INFO: qualified definition SingularityModelClassificationPayloadSource.singularityModelToPointedRescalingIndex is outside the unqualified shape-name convention
INFO: qualified definition SingularityModelClassificationPayloadSource.of_payload is outside the unqualified shape-name convention
INFO: qualified definition HasSingularityModelClassification.of_singularity_model_classification_payload is outside the unqualified shape-name convention
INFO: qualified definition HasSingularityModelBlowupClassification.of_classification_payload_source is outside the unqualified shape-name convention
INFO: qualified definition HasSingularityModelBlowupClassification.to_singularityModelClassification is outside the unqualified shape-name convention
INFO: qualified definition HasPerelmanSingularityControl.of_perelman_singularity_control_payload is outside the unqualified shape-name convention
PASS: PerelmanSingularityControlStatement has perelmanSingularityControlStatement_eq in Poincare/Surgery.lean
PASS: PerelmanSingularityControlSubobligationsPayload has perelmanSingularityControlSubobligationsPayload_eq in Poincare/Surgery.lean
PASS: PerelmanMonotonicityBlowupSubobligationsPayload has perelmanMonotonicityBlowupSubobligationsPayload_eq in Poincare/Surgery.lean
INFO: qualified definition HasFiniteExtinctionSweepoutExistence.of_sweepout_payload is outside the unqualified shape-name convention
INFO: qualified definition HasFiniteExtinctionSweepoutParameterSpace.of_sweepout_payload is outside the unqualified shape-name convention
INFO: qualified definition HasFiniteExtinctionSweepoutContinuity.of_sweepout_payload is outside the unqualified shape-name convention
INFO: qualified definition HasFiniteExtinctionSweepoutAreaBound.of_sweepout_payload is outside the unqualified shape-name convention
INFO: qualified definition HasFiniteExtinctionSweepoutNontriviality.of_sweepout_payload is outside the unqualified shape-name convention
INFO: qualified definition HasFiniteExtinctionAreaFunctionalSetup.of_area_functional_payload is outside the unqualified shape-name convention
INFO: qualified definition HasFiniteExtinctionMinMaxWidthDefinition.of_min_max_width_payload is outside the unqualified shape-name convention
INFO: qualified definition HasFiniteExtinctionWidthCompactness.of_width_compactness_payload is outside the unqualified shape-name convention
INFO: qualified definition HasFiniteExtinctionWidthLowerSemicontinuity.of_width_lower_semicontinuity_payload is outside the unqualified shape-name convention
INFO: qualified definition HasFiniteExtinctionMinimizingSequence.of_minimizing_sequence_payload is outside the unqualified shape-name convention
INFO: qualified definition HasFiniteExtinctionPullTightArgument.of_pull_tight_payload is outside the unqualified shape-name convention
INFO: qualified definition HasFiniteExtinctionMinMaxStationarity.of_min_max_stationarity_payload is outside the unqualified shape-name convention
INFO: qualified definition HasFiniteExtinctionMinSurfaceRegularity.of_min_surface_regularity_payload is outside the unqualified shape-name convention
INFO: qualified definition HasFiniteExtinctionPositiveWidth.of_positive_width_payload is outside the unqualified shape-name convention
INFO: qualified definition HasFiniteExtinctionWidthTheory.of_width_theory_payload is outside the unqualified shape-name convention
INFO: qualified definition HasFiniteExtinctionFirstVariationFormula.of_first_variation_payload is outside the unqualified shape-name convention
INFO: qualified definition HasFiniteExtinctionSecondVariationInequality.of_second_variation_payload is outside the unqualified shape-name convention
INFO: qualified definition HasFiniteExtinctionGaussBonnetEstimate.of_gauss_bonnet_payload is outside the unqualified shape-name convention
INFO: qualified definition HasFiniteExtinctionScalarCurvatureWidthBound.of_scalar_curvature_width_bound_payload is outside the unqualified shape-name convention
INFO: qualified definition HasFiniteExtinctionWidthEvolution.of_width_evolution_payload is outside the unqualified shape-name convention
INFO: qualified definition HasFiniteExtinctionWidthDifferentialInequality.of_width_differential_inequality_payload is outside the unqualified shape-name convention
INFO: qualified definition HasFiniteExtinctionSurgeryWidthDrop.of_surgery_width_drop_payload is outside the unqualified shape-name convention
INFO: qualified definition HasFiniteExtinctionSurgeryMetricComparison.of_surgery_metric_comparison_payload is outside the unqualified shape-name convention
INFO: qualified definition HasFiniteExtinctionSurgeryWidthComparisonMap.of_surgery_width_comparison_map_payload is outside the unqualified shape-name convention
INFO: qualified definition HasFiniteExtinctionSurgeryDiscardControl.of_surgery_discard_control_payload is outside the unqualified shape-name convention
INFO: qualified definition HasFiniteExtinctionDiscardedComponentWidthNeutrality.of_discarded_component_width_neutrality_payload is outside the unqualified shape-name convention
INFO: qualified definition HasFiniteExtinctionDiscardedComponentSweepoutTriviality.of_discarded_component_sweepout_triviality_payload is outside the unqualified shape-name convention
INFO: qualified definition HasFiniteExtinctionDiscardedComponentClassification.of_discarded_component_classification_payload is outside the unqualified shape-name convention
INFO: qualified definition HasFiniteExtinctionSurvivingComponentTracking.of_surviving_component_tracking_payload is outside the unqualified shape-name convention
INFO: qualified definition HasFiniteExtinctionComponentTopology.of_component_topology_payload is outside the unqualified shape-name convention
INFO: qualified definition HasFiniteExtinctionDerivation.of_width_component_topology is outside the unqualified shape-name convention
INFO: qualified definition HasFiniteExtinctionCurvaturePinching.of_perelman_curvature_control is outside the unqualified shape-name convention
INFO: qualified definition HasFiniteExtinctionPositiveScalarCurvaturePersistence.of_post_surgery_pinching is outside the unqualified shape-name convention
INFO: qualified definition HasFiniteExtinctionPositiveScalarCurvatureLowerBound.of_scalar_curvature_pinching is outside the unqualified shape-name convention
INFO: qualified definition HasFiniteExtinctionComponentControl.of_canonical_noncollapsing is outside the unqualified shape-name convention
INFO: qualified definition HasFiniteExtinctionVolumeEvolutionFormula.of_analytic_volume_evolution_inputs is outside the unqualified shape-name convention
INFO: qualified definition HasFiniteExtinctionSurgeryVolumeNonincrease.of_surgery_metric_volume_inputs is outside the unqualified shape-name convention
INFO: qualified definition HasFiniteExtinctionScalarCurvatureDifferentialInequality.of_positive_scalar_curvature_inputs is outside the unqualified shape-name convention
INFO: qualified definition HasFiniteExtinctionVolumeDifferentialInequality.of_volume_scalar_inputs is outside the unqualified shape-name convention
INFO: qualified definition HasFiniteExtinctionTimeBound.of_volume_differential_inputs is outside the unqualified shape-name convention
INFO: qualified definition HasFiniteExtinctionVolumeDecayEstimate.of_volume_differential_inputs is outside the unqualified shape-name convention
INFO: qualified definition HasFiniteExtinctionFiniteTimeIntegration.of_volume_decay_estimate is outside the unqualified shape-name convention
INFO: qualified definition HasFiniteExtinctionSurgeryTimeSummability.of_finite_time_integration is outside the unqualified shape-name convention
INFO: qualified definition HasFiniteExtinctionExtinctionTimeContradiction.of_time_bound_estimates is outside the unqualified shape-name convention
INFO: qualified definition HasFiniteExtinctionDifferentialInequalityIntegration.of_volume_decay_estimate is outside the unqualified shape-name convention
INFO: qualified definition HasFiniteExtinctionConclusionDerivation.of_extinction_time_contradiction is outside the unqualified shape-name convention
PASS: FiniteExtinctionConclusionStatement has finiteExtinctionConclusionStatement_eq in Poincare/Surgery.lean
PASS: FiniteExtinctionStatement has finiteExtinctionStatement_eq in Poincare/Surgery.lean
PASS: analytic_foundation_of_surgery_package has analytic_foundation_of_surgery_package_eq in Poincare/Surgery.lean
PASS: ricci_flow_data_of_surgery_package has ricci_flow_data_of_surgery_package_eq in Poincare/Surgery.lean
PASS: surgery_construction_package_of_surgery_package has surgery_construction_package_of_surgery_package_eq in Poincare/Surgery.lean
PASS: perelman_control_package_of_surgery_package has perelman_control_package_of_surgery_package_eq in Poincare/Surgery.lean
PASS: FiniteExtinctionWidthSubobligationsStatement has finiteExtinctionWidthSubobligationsStatement_eq in Poincare/Surgery.lean
PASS: FiniteExtinctionSubobligationsStatement has finiteExtinctionSubobligationsStatement_eq in Poincare/Surgery.lean
PASS: FiniteExtinctionWidthSubobligationsPayload has finiteExtinctionWidthSubobligationsPayload_eq in Poincare/Surgery.lean
PASS: FiniteExtinctionSubobligationsPayload has finiteExtinctionSubobligationsPayload_eq in Poincare/Surgery.lean
PASS: surgery_package_with_equation_boundary_of_boundary_package has surgery_package_with_equation_boundary_of_boundary_package_eq in Poincare/Surgery.lean
PASS: surgery_package_with_equation_boundary_of_ricci_flow_equation_verification has surgery_package_with_equation_boundary_of_ricci_flow_equation_verification_eq in Poincare/Surgery.lean
PASS: surgery_package_of_equation_boundary_surgery_package has surgery_package_of_equation_boundary_surgery_package_eq in Poincare/Surgery.lean
PASS: equation_boundary_of_surgery_package_with_equation_boundary has equation_boundary_of_surgery_package_with_equation_boundary_eq in Poincare/Surgery.lean
PASS: ricci_flow_equation_verification_of_surgery_package_with_equation_boundary has ricci_flow_equation_verification_of_surgery_package_with_equation_boundary_eq in Poincare/Surgery.lean
PASS: metric_derivative_data_of_surgery_package_with_equation_boundary has metric_derivative_data_of_surgery_package_with_equation_boundary_eq in Poincare/Surgery.lean
PASS: SurgeryPackageWithEquationBoundaryDirectPointwiseEquationPayload has surgeryPackageWithEquationBoundaryDirectPointwiseEquationPayload_eq in Poincare/Surgery.lean
PASS: SurgeryPackageWithEquationBoundaryDerivativePayload has surgeryPackageWithEquationBoundaryDerivativePayload_eq in Poincare/Surgery.lean
PASS: SurgeryPackageWithEquationBoundaryPointwiseEquationPayload has surgeryPackageWithEquationBoundaryPointwiseEquationPayload_eq in Poincare/Surgery.lean
PASS: OnePointThreeSpaceRecognitionStatement has onePointThreeSpaceRecognitionStatement_eq in Poincare/TopologyExtraction.lean
PASS: ExtinctionOnePointThreeSpaceRecognitionDataStatement has extinctionOnePointThreeSpaceRecognitionDataStatement_eq in Poincare/TopologyExtraction.lean
PASS: ExtinctionOnePointThreeSpaceRecognitionStatement has extinctionOnePointThreeSpaceRecognitionStatement_eq in Poincare/TopologyExtraction.lean
PASS: onePoint_threeSpace_compl_singleton_homeomorph_euclidean has onePoint_threeSpace_compl_singleton_homeomorph_euclidean_eq in Poincare/TopologyExtraction.lean
PASS: onePoint_threeSpace_compl_singleton_euclideanChartedSpace has onePoint_threeSpace_compl_singleton_euclideanChartedSpace_eq in Poincare/TopologyExtraction.lean
PASS: onePoint_threeSpace_compl_singleton_diffeomorph_euclidean has onePoint_threeSpace_compl_singleton_diffeomorph_euclidean_eq in Poincare/TopologyExtraction.lean
PASS: onePoint_threeSpace_pointInComplement has onePoint_threeSpace_pointInComplement_eq in Poincare/TopologyExtraction.lean
PASS: onePoint_threeSpace_twoPointComplement_homeomorph_sourcePunctured has onePoint_threeSpace_twoPointComplement_homeomorph_sourcePunctured_eq in Poincare/TopologyExtraction.lean
PASS: onePoint_threeSpace_twoPointComplement_homeomorph_puncturedEuclidean has onePoint_threeSpace_twoPointComplement_homeomorph_puncturedEuclidean_eq in Poincare/TopologyExtraction.lean
PASS: onePoint_threeSpace_twoPointComplement_puncturedEuclideanChartedSpace has onePoint_threeSpace_twoPointComplement_puncturedEuclideanChartedSpace_eq in Poincare/TopologyExtraction.lean
PASS: onePoint_threeSpace_twoPointComplement_diffeomorph_puncturedEuclidean has onePoint_threeSpace_twoPointComplement_diffeomorph_puncturedEuclidean_eq in Poincare/TopologyExtraction.lean
PASS: OnePointThreeSpaceLoopNullhomotopyStatement has onePointThreeSpaceLoopNullhomotopyStatement_eq in Poincare/TopologyExtraction.lean
PASS: OnePointThreeSpaceBasedLoopNullhomotopyStatement has onePointThreeSpaceBasedLoopNullhomotopyStatement_eq in Poincare/TopologyExtraction.lean
PASS: OnePointThreeSpaceFundamentalGroupSubsingletonStatement has onePointThreeSpaceFundamentalGroupSubsingletonStatement_eq in Poincare/TopologyExtraction.lean
PASS: OnePointThreeSpacePiOneSubsingletonStatement has onePointThreeSpacePiOneSubsingletonStatement_eq in Poincare/TopologyExtraction.lean
PASS: OnePointThreeSpacePathHomotopyStatement has onePointThreeSpacePathHomotopyStatement_eq in Poincare/TopologyExtraction.lean
PASS: OnePointThreeSpacePathQuotientSubsingletonStatement has onePointThreeSpacePathQuotientSubsingletonStatement_eq in Poincare/TopologyExtraction.lean
INFO: qualified definition ExtinctionTopologyDecompositionRealization.ofSource is outside the unqualified shape-name convention
INFO: qualified definition HasExtinctionTopologyDecomposition.ofData is outside the unqualified shape-name convention
PASS: extinctionOnePointThreeSpaceContinuousForwardMapDataAfterDecomposition_of_forwardMapData has extinctionOnePointThreeSpaceContinuousForwardMapDataAfterDecomposition_of_forwardMapData_eq in Poincare/TopologyExtraction.lean
PASS: extinctionOnePointThreeSpaceContinuousForwardMapInjectiveSurjectiveDataAfterDecomposition_of_forwardMapData has extinctionOnePointThreeSpaceContinuousForwardMapInjectiveSurjectiveDataAfterDecomposition_of_forwardMapData_eq in Poincare/TopologyExtraction.lean
PASS: extinctionOnePointThreeSpaceForwardMapPointSetDataAfterDecomposition_of_forwardMapData_and_pointSetProofData has extinctionOnePointThreeSpaceForwardMapPointSetDataAfterDecomposition_of_forwardMapData_and_pointSetProofData_eq in Poincare/TopologyExtraction.lean
PASS: extinctionOnePointThreeSpaceForwardMapDataAfterDecomposition_of_forwardInverseMapData has extinctionOnePointThreeSpaceForwardMapDataAfterDecomposition_of_forwardInverseMapData_eq in Poincare/TopologyExtraction.lean
PASS: extinctionOnePointThreeSpaceForwardMapPointSetProofDataAfterDecomposition_of_forwardInverseMapForwardContinuityData has extinctionOnePointThreeSpaceForwardMapPointSetProofDataAfterDecomposition_of_forwardInverseMapForwardContinuityData_eq in Poincare/TopologyExtraction.lean
PASS: extinctionOnePointThreeSpaceForwardMapPointSetDataAfterDecomposition_of_forwardInverseMapData_and_forwardContinuityData has extinctionOnePointThreeSpaceForwardMapPointSetDataAfterDecomposition_of_forwardInverseMapData_and_forwardContinuityData_eq in Poincare/TopologyExtraction.lean
PASS: extinctionOnePointThreeSpaceContinuousForwardMapInjectiveSurjectiveDataAfterDecomposition_of_forwardMapPointSetData has extinctionOnePointThreeSpaceContinuousForwardMapInjectiveSurjectiveDataAfterDecomposition_of_forwardMapPointSetData_eq in Poincare/TopologyExtraction.lean
PASS: extinctionOnePointThreeSpaceContinuousBijectiveForwardMapDataAfterDecomposition_of_continuousForwardMapInjectiveSurjectiveData has extinctionOnePointThreeSpaceContinuousBijectiveForwardMapDataAfterDecomposition_of_continuousForwardMapInjectiveSurjectiveData_eq in Poincare/TopologyExtraction.lean
PASS: extinctionOnePointThreeSpaceForwardContinuousMapDataAfterDecomposition_of_forwardInverseMapData_and_forwardContinuityData has extinctionOnePointThreeSpaceForwardContinuousMapDataAfterDecomposition_of_forwardInverseMapData_and_forwardContinuityData_eq in Poincare/TopologyExtraction.lean
PASS: extinctionOnePointThreeSpaceEquivalenceDataAfterDecomposition_of_forwardInverseMapData has extinctionOnePointThreeSpaceEquivalenceDataAfterDecomposition_of_forwardInverseMapData_eq in Poincare/TopologyExtraction.lean
PASS: extinctionOnePointThreeSpaceForwardInverseMapDataAfterDecomposition_of_equivalenceData has extinctionOnePointThreeSpaceForwardInverseMapDataAfterDecomposition_of_equivalenceData_eq in Poincare/TopologyExtraction.lean
PASS: extinctionOnePointThreeSpaceForwardInverseMapForwardContinuityDataAfterDecomposition_of_equivalenceContinuityData has extinctionOnePointThreeSpaceForwardInverseMapForwardContinuityDataAfterDecomposition_of_equivalenceContinuityData_eq in Poincare/TopologyExtraction.lean
PASS: extinctionOnePointThreeSpaceForwardContinuousMapDataAfterDecomposition_of_equivalenceData has extinctionOnePointThreeSpaceForwardContinuousMapDataAfterDecomposition_of_equivalenceData_eq in Poincare/TopologyExtraction.lean
PASS: extinctionOnePointThreeSpaceEquivalenceContinuityDataAfterDecomposition_of_forwardInverseMapContinuityData has extinctionOnePointThreeSpaceEquivalenceContinuityDataAfterDecomposition_of_forwardInverseMapContinuityData_eq in Poincare/TopologyExtraction.lean
PASS: extinctionOnePointThreeSpaceForwardInverseMapContinuityDataAfterDecomposition_of_forwardContinuityData has extinctionOnePointThreeSpaceForwardInverseMapContinuityDataAfterDecomposition_of_forwardContinuityData_eq in Poincare/TopologyExtraction.lean
PASS: extinctionOnePointThreeSpaceForwardInverseMapDataAfterDecomposition_of_forwardContinuousMapData has extinctionOnePointThreeSpaceForwardInverseMapDataAfterDecomposition_of_forwardContinuousMapData_eq in Poincare/TopologyExtraction.lean
PASS: extinctionOnePointThreeSpaceForwardInverseMapForwardContinuityDataAfterDecomposition_of_forwardContinuousMapData has extinctionOnePointThreeSpaceForwardInverseMapForwardContinuityDataAfterDecomposition_of_forwardContinuousMapData_eq in Poincare/TopologyExtraction.lean
PASS: extinctionOnePointThreeSpaceForwardInverseMapContinuityDataAfterDecomposition_of_forwardContinuousMapData has extinctionOnePointThreeSpaceForwardInverseMapContinuityDataAfterDecomposition_of_forwardContinuousMapData_eq in Poincare/TopologyExtraction.lean
PASS: extinctionOnePointThreeSpaceForwardInverseMapWithContinuityDataAfterDecomposition_of_forwardInverseMapData has extinctionOnePointThreeSpaceForwardInverseMapWithContinuityDataAfterDecomposition_of_forwardInverseMapData_eq in Poincare/TopologyExtraction.lean
PASS: extinctionOnePointThreeSpaceForwardInverseMapWithContinuityDataAfterDecomposition_of_forwardContinuityData has extinctionOnePointThreeSpaceForwardInverseMapWithContinuityDataAfterDecomposition_of_forwardContinuityData_eq in Poincare/TopologyExtraction.lean
PASS: extinctionOnePointThreeSpaceForwardInverseMapWithContinuityDataAfterDecomposition_of_forwardContinuousMapData has extinctionOnePointThreeSpaceForwardInverseMapWithContinuityDataAfterDecomposition_of_forwardContinuousMapData_eq in Poincare/TopologyExtraction.lean
PASS: extinctionOnePointThreeSpaceEquivalenceWithContinuityDataAfterDecomposition_of_forwardInverseMapWithContinuityData has extinctionOnePointThreeSpaceEquivalenceWithContinuityDataAfterDecomposition_of_forwardInverseMapWithContinuityData_eq in Poincare/TopologyExtraction.lean
PASS: extinctionOnePointThreeSpaceForwardMapPointSetDataAfterDecomposition_of_forwardContinuousMapData has extinctionOnePointThreeSpaceForwardMapPointSetDataAfterDecomposition_of_forwardContinuousMapData_eq in Poincare/TopologyExtraction.lean
PASS: extinctionOnePointThreeSpaceHomeomorphismConstructionDataAfterDecomposition_of_equivalenceData has extinctionOnePointThreeSpaceHomeomorphismConstructionDataAfterDecomposition_of_equivalenceData_eq in Poincare/TopologyExtraction.lean
PASS: extinctionOnePointThreeSpaceHomeomorphismConstructionDataAfterDecomposition_of_forwardInverseMapData has extinctionOnePointThreeSpaceHomeomorphismConstructionDataAfterDecomposition_of_forwardInverseMapData_eq in Poincare/TopologyExtraction.lean
PASS: extinctionOnePointThreeSpaceHomeomorphismConstructionDataAfterDecomposition_of_forwardContinuousMapData has extinctionOnePointThreeSpaceHomeomorphismConstructionDataAfterDecomposition_of_forwardContinuousMapData_eq in Poincare/TopologyExtraction.lean
PASS: extinctionOnePointThreeSpaceHomeomorphismConstructionDataAfterDecomposition_of_forwardInverseMapWithContinuityData has extinctionOnePointThreeSpaceHomeomorphismConstructionDataAfterDecomposition_of_forwardInverseMapWithContinuityData_eq in Poincare/TopologyExtraction.lean
PASS: extinctionOnePointThreeSpaceEquivalenceDataAfterDecomposition_of_constructionData has extinctionOnePointThreeSpaceEquivalenceDataAfterDecomposition_of_constructionData_eq in Poincare/TopologyExtraction.lean
PASS: extinctionOnePointThreeSpaceEquivalenceContinuityDataAfterDecomposition_of_constructionData has extinctionOnePointThreeSpaceEquivalenceContinuityDataAfterDecomposition_of_constructionData_eq in Poincare/TopologyExtraction.lean
PASS: extinctionOnePointThreeSpaceEquivalenceWithContinuityDataAfterDecomposition_of_constructionData has extinctionOnePointThreeSpaceEquivalenceWithContinuityDataAfterDecomposition_of_constructionData_eq in Poincare/TopologyExtraction.lean
PASS: extinctionOnePointThreeSpaceEquivalenceDataAfterDecomposition_of_equivalenceWithContinuityData has extinctionOnePointThreeSpaceEquivalenceDataAfterDecomposition_of_equivalenceWithContinuityData_eq in Poincare/TopologyExtraction.lean
PASS: extinctionOnePointThreeSpaceEquivalenceContinuityDataAfterDecomposition_of_equivalenceWithContinuityData has extinctionOnePointThreeSpaceEquivalenceContinuityDataAfterDecomposition_of_equivalenceWithContinuityData_eq in Poincare/TopologyExtraction.lean
PASS: extinctionOnePointThreeSpaceHomeomorphismConstructionDataAfterDecomposition_of_equivalenceWithContinuityData has extinctionOnePointThreeSpaceHomeomorphismConstructionDataAfterDecomposition_of_equivalenceWithContinuityData_eq in Poincare/TopologyExtraction.lean
PASS: extinctionOnePointThreeSpaceForwardContinuousMapDataAfterDecomposition_of_equivalenceWithContinuityData has extinctionOnePointThreeSpaceForwardContinuousMapDataAfterDecomposition_of_equivalenceWithContinuityData_eq in Poincare/TopologyExtraction.lean
PASS: extinctionOnePointThreeSpaceHomeomorphismDataAfterDecomposition_of_constructionData has extinctionOnePointThreeSpaceHomeomorphismDataAfterDecomposition_of_constructionData_eq in Poincare/TopologyExtraction.lean
INFO: qualified definition ExtinctionSurgeryTraceRealization.ofSource is outside the unqualified shape-name convention
INFO: qualified definition HasExtinctionSurgeryTraceReconstruction.ofData is outside the unqualified shape-name convention
PASS: ExtinctionTopologyDerivationStatement has extinctionTopologyDerivationStatement_eq in Poincare/TopologyExtraction.lean
PASS: ExtinctionTopologyExtractionStatement has extinctionTopologyExtractionStatement_eq in Poincare/TopologyExtraction.lean
PASS: ExtinctionTopologyDerivationForExtractionStatement has extinctionTopologyDerivationForExtractionStatement_eq in Poincare/TopologyExtraction.lean
PASS: extinction_decomposition_of_topology_package has extinction_decomposition_of_topology_package_eq in Poincare/TopologyExtraction.lean
PASS: ExtinctionTopologyClassificationSubobligationsPayload has extinctionTopologyClassificationSubobligationsPayload_eq in Poincare/TopologyExtraction.lean
PASS: ExtinctionTopologyHomeomorphismAssemblyStatement has extinctionTopologyHomeomorphismAssemblyStatement_eq in Poincare/TopologyExtraction.lean
PASS: ExtinctionTopologyHomeomorphismDerivationStatement has extinctionTopologyHomeomorphismDerivationStatement_eq in Poincare/TopologyExtraction.lean
PASS: ExtinctionTopologySimplyConnectedRecognitionStatement has extinctionTopologySimplyConnectedRecognitionStatement_eq in Poincare/TopologyExtraction.lean
PASS: ExtinctionTopologySphericalTrivialQuotientStatement has extinctionTopologySphericalTrivialQuotientStatement_eq in Poincare/TopologyExtraction.lean
PASS: ExtinctionTopologySphericalHomeomorphismLiftStatement has extinctionTopologySphericalHomeomorphismLiftStatement_eq in Poincare/TopologyExtraction.lean
PASS: ExtinctionTopologyLiftedHomeomorphismDerivationStatement has extinctionTopologyLiftedHomeomorphismDerivationStatement_eq in Poincare/TopologyExtraction.lean
PASS: ExtinctionTopologyLiftedHomeomorphismDerivationForExtractionStatement has extinctionTopologyLiftedHomeomorphismDerivationForExtractionStatement_eq in Poincare/TopologyExtraction.lean
PASS: ExtinctionTopologyExtractionWithLiftedHomeomorphismDerivationStatement has extinctionTopologyExtractionWithLiftedHomeomorphismDerivationStatement_eq in Poincare/TopologyExtraction.lean
