Poincare/Global/ScalarCurvatureBarrier.lean:35:35: warning: Used `tac1 <;> tac2` where `(tac1; tac2)` would suffice

Note: This linter can be disabled with `set_option linter.unnecessarySeqFocus false`
Poincare/Global/ScalarCurvatureBarrier.lean:75:17: warning: Variable name `hab` is not explicitly referenced.

Hint: The binding can be removed (if unused) or named `_` (if used implicitly). Alternatively, prefix the name with `_` to silence this warning:
  [apply] _hab

Note: This linter can be disabled with `set_option linter.unusedVariables false`
Poincare/Global/ScalarCurvatureBarrier.lean:198:52: warning: Unused tactic linter: `ring` does nothing

Note: This linter can be disabled with `set_option linter.unusedTactic false`
Poincare/Global/ScalarCurvatureBarrier.lean:199:42: warning: Unused tactic linter: `ring` does nothing

Note: This linter can be disabled with `set_option linter.unusedTactic false`
Poincare/Global/ScalarCurvatureBarrier.lean:198:52: warning: this tactic is never executed

Note: This linter can be disabled with `set_option linter.unreachableTactic false`
Poincare/Global/ScalarCurvatureBarrier.lean:199:42: warning: this tactic is never executed

Note: This linter can be disabled with `set_option linter.unreachableTactic false`
Poincare/Global/ScalarCurvatureBarrier.lean:198:33: warning: Used `tac1 <;> tac2` where `(tac1; tac2)` would suffice

Note: This linter can be disabled with `set_option linter.unnecessarySeqFocus false`
Poincare/Global/ScalarCurvatureBarrier.lean:199:23: warning: Used `tac1 <;> tac2` where `(tac1; tac2)` would suffice

Note: This linter can be disabled with `set_option linter.unnecessarySeqFocus false`
Poincare/Global/ScalarCurvatureBarrier.lean:217:52: warning: Unused tactic linter: `ring` does nothing

Note: This linter can be disabled with `set_option linter.unusedTactic false`
Poincare/Global/ScalarCurvatureBarrier.lean:218:42: warning: Unused tactic linter: `ring` does nothing

Note: This linter can be disabled with `set_option linter.unusedTactic false`
Poincare/Global/ScalarCurvatureBarrier.lean:217:52: warning: this tactic is never executed

Note: This linter can be disabled with `set_option linter.unreachableTactic false`
Poincare/Global/ScalarCurvatureBarrier.lean:218:42: warning: this tactic is never executed

Note: This linter can be disabled with `set_option linter.unreachableTactic false`
Poincare/Global/ScalarCurvatureBarrier.lean:217:33: warning: Used `tac1 <;> tac2` where `(tac1; tac2)` would suffice

Note: This linter can be disabled with `set_option linter.unnecessarySeqFocus false`
Poincare/Global/ScalarCurvatureBarrier.lean:218:23: warning: Used `tac1 <;> tac2` where `(tac1; tac2)` would suffice

Note: This linter can be disabled with `set_option linter.unnecessarySeqFocus false`
Poincare/Global/ScalarCurvatureBarrier.lean:348:52: warning: Unused tactic linter: `ring` does nothing

Note: This linter can be disabled with `set_option linter.unusedTactic false`
Poincare/Global/ScalarCurvatureBarrier.lean:349:42: warning: Unused tactic linter: `ring` does nothing

Note: This linter can be disabled with `set_option linter.unusedTactic false`
Poincare/Global/ScalarCurvatureBarrier.lean:348:52: warning: this tactic is never executed

Note: This linter can be disabled with `set_option linter.unreachableTactic false`
Poincare/Global/ScalarCurvatureBarrier.lean:349:42: warning: this tactic is never executed

Note: This linter can be disabled with `set_option linter.unreachableTactic false`
Poincare/Global/ScalarCurvatureBarrier.lean:348:33: warning: Used `tac1 <;> tac2` where `(tac1; tac2)` would suffice

Note: This linter can be disabled with `set_option linter.unnecessarySeqFocus false`
Poincare/Global/ScalarCurvatureBarrier.lean:349:23: warning: Used `tac1 <;> tac2` where `(tac1; tac2)` would suffice

Note: This linter can be disabled with `set_option linter.unnecessarySeqFocus false`
Poincare/Global/ScalarCurvatureBarrier.lean:408:27: warning: Used `tac1 <;> tac2` where `(tac1; tac2)` would suffice

Note: This linter can be disabled with `set_option linter.unnecessarySeqFocus false`
Poincare/Global/ScalarCurvatureBarrier.lean:446:34: warning: Used `tac1 <;> tac2` where `(tac1; tac2)` would suffice

Note: This linter can be disabled with `set_option linter.unnecessarySeqFocus false`
Poincare/Global/ScalarCurvatureBarrier.lean:468:27: warning: Used `tac1 <;> tac2` where `(tac1; tac2)` would suffice

Note: This linter can be disabled with `set_option linter.unnecessarySeqFocus false`
Poincare/Global/ScalarCurvatureBarrier.lean:495:52: warning: Unused tactic linter: `ring` does nothing

Note: This linter can be disabled with `set_option linter.unusedTactic false`
Poincare/Global/ScalarCurvatureBarrier.lean:498:39: warning: Unused tactic linter: `ring` does nothing

Note: This linter can be disabled with `set_option linter.unusedTactic false`
Poincare/Global/ScalarCurvatureBarrier.lean:495:52: warning: this tactic is never executed

Note: This linter can be disabled with `set_option linter.unreachableTactic false`
Poincare/Global/ScalarCurvatureBarrier.lean:498:39: warning: this tactic is never executed

Note: This linter can be disabled with `set_option linter.unreachableTactic false`
Poincare/Global/ScalarCurvatureBarrier.lean:495:33: warning: Used `tac1 <;> tac2` where `(tac1; tac2)` would suffice

Note: This linter can be disabled with `set_option linter.unnecessarySeqFocus false`
Poincare/Global/ScalarCurvatureBarrier.lean:498:20: warning: Used `tac1 <;> tac2` where `(tac1; tac2)` would suffice

Note: This linter can be disabled with `set_option linter.unnecessarySeqFocus false`
Poincare/Global/ScalarCurvatureBarrier.lean:521:52: warning: Unused tactic linter: `ring` does nothing

Note: This linter can be disabled with `set_option linter.unusedTactic false`
Poincare/Global/ScalarCurvatureBarrier.lean:524:39: warning: Unused tactic linter: `ring` does nothing

Note: This linter can be disabled with `set_option linter.unusedTactic false`
Poincare/Global/ScalarCurvatureBarrier.lean:521:52: warning: this tactic is never executed

Note: This linter can be disabled with `set_option linter.unreachableTactic false`
Poincare/Global/ScalarCurvatureBarrier.lean:524:39: warning: this tactic is never executed

Note: This linter can be disabled with `set_option linter.unreachableTactic false`
Poincare/Global/ScalarCurvatureBarrier.lean:521:33: warning: Used `tac1 <;> tac2` where `(tac1; tac2)` would suffice

Note: This linter can be disabled with `set_option linter.unnecessarySeqFocus false`
Poincare/Global/ScalarCurvatureBarrier.lean:524:20: warning: Used `tac1 <;> tac2` where `(tac1; tac2)` would suffice

Note: This linter can be disabled with `set_option linter.unnecessarySeqFocus false`
