⚠ [2767/2891] Replayed Poincare.Global.RiemannianContext
warning: Poincare/Global/RiemannianContext.lean:71:2: Try this: 
  letI̵

The goal is a proposition, so `let` is preferred over `letI`.
The difference between `let` and `letI` is that `letI` inlines the value.
But this is not relevant for proofs because of proof irrelevance.

Note: This linter can be disabled with `set_option linter.style.haveILetI false`
warning: Poincare/Global/RiemannianContext.lean:66:0: Definition `toIsContMDiffRiemannianBundle` is a proposition; use `theorem` instead of `def`

Note: This linter can be disabled with `set_option linter.defProp false`
warning: Poincare/Global/RiemannianContext.lean:79:2: Try this: 
  letI̵

The goal is a proposition, so `let` is preferred over `letI`.
The difference between `let` and `letI` is that `letI` inlines the value.
But this is not relevant for proofs because of proof irrelevance.

Note: This linter can be disabled with `set_option linter.style.haveILetI false`
warning: Poincare/Global/RiemannianContext.lean:74:0: Definition `toIsContinuousRiemannianBundle` is a proposition; use `theorem` instead of `def`

Note: This linter can be disabled with `set_option linter.defProp false`
warning: Poincare/Global/RiemannianContext.lean:106:2: Try this: 
  letI̵

The goal is a proposition, so `let` is preferred over `letI`.
The difference between `let` and `letI` is that `letI` inlines the value.
But this is not relevant for proofs because of proof irrelevance.

Note: This linter can be disabled with `set_option linter.style.haveILetI false`
warning: Poincare/Global/RiemannianContext.lean:107:2: Try this: 
  letI̵

The goal is a proposition, so `let` is preferred over `letI`.
The difference between `let` and `letI` is that `letI` inlines the value.
But this is not relevant for proofs because of proof irrelevance.

Note: This linter can be disabled with `set_option linter.style.haveILetI false`
warning: Poincare/Global/RiemannianContext.lean:100:0: Definition `toIsRiemannianManifold` is a proposition; use `theorem` instead of `def`

Note: This linter can be disabled with `set_option linter.defProp false`
warning: Poincare/Global/RiemannianContext.lean:167:2: Try this: 
  letI̵

The goal is a proposition, so `let` is preferred over `letI`.
The difference between `let` and `letI` is that `letI` inlines the value.
But this is not relevant for proofs because of proof irrelevance.

Note: This linter can be disabled with `set_option linter.style.haveILetI false`
warning: Poincare/Global/RiemannianContext.lean:168:2: Try this: 
  haveI̵

The goal is a proposition, so `have` is preferred over `haveI`.
The difference between `have` and `haveI` is that `haveI` inlines the value.
But this is not relevant for proofs because of proof irrelevance.

Note: This linter can be disabled with `set_option linter.style.haveILetI false`
warning: Poincare/Global/RiemannianContext.lean:178:2: Try this: 
  letI̵

The goal is a proposition, so `let` is preferred over `letI`.
The difference between `let` and `letI` is that `letI` inlines the value.
But this is not relevant for proofs because of proof irrelevance.

Note: This linter can be disabled with `set_option linter.style.haveILetI false`
ℹ [2915/2920] Replayed Poincare.Global.Statement
info: Poincare/Global/Statement.lean:38:0: inferInstance : ChartedSpace (EuclideanSpace ℝ (Fin 3)) ↑(Metric.sphere 0 1)
info: Poincare/Global/Statement.lean:42:0: inferInstance : IsManifold (𝓡 3) ∞ ↑(Metric.sphere 0 1)
⚠ [2919/2920] Replayed Poincare.Global.RoundSphereMetric
warning: Poincare/Global/RoundSphereMetric.lean:89:13: `mfderiv_coe_sphere_injective` has been deprecated: Use `injective_mvfderiv_subtypeVal_sphere` instead

Note: The updated constant has a different type:
  ∀ {E : Type u_1} [inst : NormedAddCommGroup E] [inst_1 : InnerProductSpace ℝ E] {n : ℕ}
    [inst_2 : Fact (Module.finrank ℝ E = n + 1)] (v : ↑(Metric.sphere 0 1)), Function.Injective ⇑(d% Subtype.val v)
instead of
  ∀ {E : Type u_1} [inst : NormedAddCommGroup E] [inst_1 : InnerProductSpace ℝ E] {n : ℕ}
    [inst_2 : Fact (Module.finrank ℝ E = n + 1)] (v : ↑(Metric.sphere 0 1)),
    Function.Injective ⇑(mfderiv% Subtype.val v)
warning: Poincare/Global/RoundSphereMetric.lean:94:2: Try this: 
  letI̵

The goal is a proposition, so `let` is preferred over `letI`.
The difference between `let` and `letI` is that `letI` inlines the value.
But this is not relevant for proofs because of proof irrelevance.

Note: This linter can be disabled with `set_option linter.style.haveILetI false`
warning: Poincare/Global/RoundSphereMetric.lean:96:2: Try this: 
  letI̵

The goal is a proposition, so `let` is preferred over `letI`.
The difference between `let` and `letI` is that `letI` inlines the value.
But this is not relevant for proofs because of proof irrelevance.

Note: This linter can be disabled with `set_option linter.style.haveILetI false`
warning: Poincare/Global/RoundSphereMetric.lean:98:2: Try this: 
  letI̵

The goal is a proposition, so `let` is preferred over `letI`.
The difference between `let` and `letI` is that `letI` inlines the value.
But this is not relevant for proofs because of proof irrelevance.

Note: This linter can be disabled with `set_option linter.style.haveILetI false`
warning: Poincare/Global/RoundSphereMetric.lean:103:4: `mfderiv_coe_sphere_injective` has been deprecated: Use `injective_mvfderiv_subtypeVal_sphere` instead

Note: The updated constant has a different type:
  ∀ {E : Type u_1} [inst : NormedAddCommGroup E] [inst_1 : InnerProductSpace ℝ E] {n : ℕ}
    [inst_2 : Fact (Module.finrank ℝ E = n + 1)] (v : ↑(Metric.sphere 0 1)), Function.Injective ⇑(d% Subtype.val v)
instead of
  ∀ {E : Type u_1} [inst : NormedAddCommGroup E] [inst_1 : InnerProductSpace ℝ E] {n : ℕ}
    [inst_2 : Fact (Module.finrank ℝ E = n + 1)] (v : ↑(Metric.sphere 0 1)),
    Function.Injective ⇑(mfderiv% Subtype.val v)
⚠ [2920/2920] Replayed Poincare.Global.RoundSphereChart
warning: Poincare/Global/RoundSphereChart.lean:81:11: `ContinuousLinearMap.coe_comp'` has been deprecated: Use `ContinuousLinearMap.coe_comp` instead
warning: Poincare/Global/RoundSphereChart.lean:81:11: This simp argument is unused:
  ContinuousLinearMap.coe_comp'

Hint: Omit it from the simp argument list.
  [apply] simp [r, ContinuousLinearMap.smulRight_apply, Function.comp_def, smul_add, add_smul, smul_smul,
    sub_eq_add_neg, mul_assoc]

Note: This linter can be disabled with `set_option linter.unusedSimpArgs false`
warning: Poincare/Global/RoundSphereChart.lean:82:41: This simp argument is unused:
  Function.comp_def

Hint: Omit it from the simp argument list.
  [apply] simp [r, ContinuousLinearMap.coe_comp', ContinuousLinearMap.smulRight_apply, smul_add, add_smul, smul_smul,
    sub_eq_add_neg, mul_assoc]

Note: This linter can be disabled with `set_option linter.unusedSimpArgs false`
Build completed successfully (2920 jobs).
