AXIOM_CONTRACT_OK: CovariantDerivative.MetricCompatibleAt
AXIOM_CONTRACT_OK: CovariantDerivative.TorsionFreeAt
AXIOM_CONTRACT_OK: CovariantDerivative.leviCivita_unique_at
AXIOM_CONTRACT_OK: CovariantDerivative.leviCivita_unique_at_values
AXIOM_CONTRACT_OK: CovariantDerivative.koszul_formula
AXIOM_CONTRACT_OK: CovariantDerivative.metricCompatibleAt_eq
AXIOM_CONTRACT_OK: CovariantDerivative.torsionFreeAt_eq
AXIOM_CONTRACT_OK: CovariantDerivative.leviCivita_unique_at_eq
AXIOM_CONTRACT_OK: CovariantDerivative.leviCivita_unique_at_values_eq
AXIOM_CONTRACT_OK: CovariantDerivative.koszul_formula_eq
harness/v2/state/upstream-verification-20260930/levi-civita-433-task-a01/NormalizedFrozenProbe.lean:19:6: error: typeclass instance problem is stuck
  ChartedSpace H ?m.154

Note: Lean will not try to resolve this typeclass instance problem because the third and fourth type arguments to `ChartedSpace` contain metavariables. These arguments must be fully determined before Lean will try to resolve the typeclass.

Hint: Adding type annotations and supplying implicit arguments to functions can give Lean more information for typeclass resolution. For example, if you have a variable `x` that you intend to be a `Nat`, but Lean reports it as having an unresolved type like `?m`, replacing `x` with `(x : Nat)` can get typeclass resolution un-stuck.
harness/v2/state/upstream-verification-20260930/levi-civita-433-task-a01/NormalizedFrozenProbe.lean:14:15: error: typeclass instance problem is stuck
  ChartedSpace H ?m.112

Note: Lean will not try to resolve this typeclass instance problem because the third and fourth type arguments to `ChartedSpace` contain metavariables. These arguments must be fully determined before Lean will try to resolve the typeclass.

Hint: Adding type annotations and supplying implicit arguments to functions can give Lean more information for typeclass resolution. For example, if you have a variable `x` that you intend to be a `Nat`, but Lean reports it as having an unresolved type like `?m`, replacing `x` with `(x : Nat)` can get typeclass resolution un-stuck.
harness/v2/state/upstream-verification-20260930/levi-civita-433-task-a01/NormalizedFrozenProbe.lean:37:19: error: invalid coercion notation, expected type is not known
harness/v2/state/upstream-verification-20260930/levi-civita-433-task-a01/NormalizedFrozenProbe.lean:37:33: error: invalid coercion notation, expected type is not known
harness/v2/state/upstream-verification-20260930/levi-civita-433-task-a01/NormalizedFrozenProbe.lean:321:0: error: unresolved metavariables in frozen type for CovariantDerivative.leviCivita_unique_at
FROZEN_CONTRACT_OK: CovariantDerivative.leviCivita_unique_at_values
harness/v2/state/upstream-verification-20260930/levi-civita-433-task-a01/NormalizedFrozenProbe.lean:42:26: error: invalid coercion notation, expected type is not known
FROZEN_CONTRACT_OK: CovariantDerivative.metricCompatibleAt_eq
FROZEN_CONTRACT_OK: CovariantDerivative.torsionFreeAt_eq
FROZEN_CONTRACT_OK: CovariantDerivative.leviCivita_unique_at_eq
FROZEN_CONTRACT_OK: CovariantDerivative.leviCivita_unique_at_values_eq
FROZEN_CONTRACT_OK: CovariantDerivative.koszul_formula_eq
