AXIOM_CONTRACT_OK: Poincare.RoundSphere3
AXIOM_CONTRACT_OK: Poincare.RoundSphereAmbient4
AXIOM_CONTRACT_OK: Poincare.RoundSphereModel3
AXIOM_CONTRACT_OK: Poincare.roundSphereMetric3_inclusionDeriv
AXIOM_CONTRACT_OK: Poincare.roundSphereMetric3_inner
AXIOM_CONTRACT_OK: Poincare.roundSphereMetric3_inner_apply
AXIOM_CONTRACT_OK: Poincare.roundSphereMetric3_inner_mfderiv_eq
AXIOM_CONTRACT_OK: Poincare.roundSphereMetric3_inner_symm
AXIOM_CONTRACT_OK: Poincare.roundSphereMetric3_inner_pos
AXIOM_CONTRACT_OK: Poincare.roundSphereMetric3_inner_isVonNBounded
AXIOM_CONTRACT_OK: Poincare.roundSphereMetric3_modelInner
AXIOM_CONTRACT_OK: Poincare.roundSphereMetric3_modelInner_eq
AXIOM_CONTRACT_OK: Poincare.roundSphereMetric3_modelInner_contDiff
AXIOM_CONTRACT_OK: Poincare.roundSphereMetric3_inner_contMDiff
AXIOM_CONTRACT_OK: Poincare.roundSphereMetric3
AXIOM_CONTRACT_OK: Poincare.roundSphereMetric3_inner_eq
FROZEN_CONTRACT_OK: Poincare.RoundSphere3
FROZEN_CONTRACT_OK: Poincare.RoundSphereAmbient4
FROZEN_CONTRACT_OK: Poincare.RoundSphereModel3
FROZEN_CONTRACT_OK: Poincare.roundSphereMetric3_inclusionDeriv
FROZEN_CONTRACT_OK: Poincare.roundSphereMetric3_inner
FROZEN_CONTRACT_OK: Poincare.roundSphereMetric3_inner_apply
FROZEN_CONTRACT_OK: Poincare.roundSphereMetric3_inner_mfderiv_eq
FROZEN_CONTRACT_OK: Poincare.roundSphereMetric3_inner_symm
FROZEN_CONTRACT_OK: Poincare.roundSphereMetric3_inner_pos
FROZEN_CONTRACT_OK: Poincare.roundSphereMetric3_inner_isVonNBounded
FROZEN_CONTRACT_OK: Poincare.roundSphereMetric3_modelInner
FROZEN_CONTRACT_OK: Poincare.roundSphereMetric3_modelInner_eq
harness/v2/state/upstream-verification-20260930/round-metric-433-task-a01/FrozenMigrationProbe-a02.lean:658:0: error: <input>:1:25: expected ')'
harness/v2/state/upstream-verification-20260930/round-metric-433-task-a01/FrozenMigrationProbe-a02.lean:675:0: error: <input>:1:117: expected ')'
FROZEN_CONTRACT_OK: Poincare.roundSphereMetric3
FROZEN_CONTRACT_OK: Poincare.roundSphereMetric3_inner_eq
