AXIOM_CONTRACT_OK: flatCovariantDerivative_contMDiff
AXIOM_CONTRACT_OK: mdiffAt_vectorSpace_iff_differentiableAt
AXIOM_CONTRACT_OK: flatCovariantDerivative
AXIOM_CONTRACT_OK: flatCovariantDerivative_apply
AXIOM_CONTRACT_OK: mlieBracket_vectorSpace_eq
AXIOM_CONTRACT_OK: flatCovariantDerivative_curvatureOp_eq_zero
AXIOM_CONTRACT_OK: flatCovariantDerivative_torsion_eq_zero
AXIOM_CONTRACT_OK: flatCovariantDerivative_inner_compatible
AXIOM_CONTRACT_OK: flatCovariantDerivative_eq
AXIOM_CONTRACT_OK: mdiffAt_vectorSpace_iff_differentiableAt_eq
AXIOM_CONTRACT_OK: flatCovariantDerivative_apply_eq
AXIOM_CONTRACT_OK: flatCovariantDerivative_curvatureOp_eq_zero_eq
AXIOM_CONTRACT_OK: flatCovariantDerivative_torsion_eq_zero_eq
AXIOM_CONTRACT_OK: flatCovariantDerivative_inner_compatible_eq
FROZEN_CONTRACT_OK: flatCovariantDerivative_contMDiff
FROZEN_CONTRACT_OK: mdiffAt_vectorSpace_iff_differentiableAt
harness/v2/state/upstream-verification-20260930/flat-connection-433-task-a01/FrozenMigrationProbe-a03.lean:9:14: error: typeclass instance problem is stuck
  ChartedSpace E (?m.66 𝕜 E)

Note: Lean will not try to resolve this typeclass instance problem because the third and fourth type arguments to `ChartedSpace` contain metavariables. These arguments must be fully determined before Lean will try to resolve the typeclass.

Hint: Adding type annotations and supplying implicit arguments to functions can give Lean more information for typeclass resolution. For example, if you have a variable `x` that you intend to be a `Nat`, but Lean reports it as having an unresolved type like `?m`, replacing `x` with `(x : Nat)` can get typeclass resolution un-stuck.
FROZEN_CONTRACT_OK: flatCovariantDerivative_apply
FROZEN_CONTRACT_OK: mlieBracket_vectorSpace_eq
FROZEN_CONTRACT_OK: flatCovariantDerivative_curvatureOp_eq_zero
FROZEN_CONTRACT_OK: flatCovariantDerivative_torsion_eq_zero
FROZEN_CONTRACT_OK: flatCovariantDerivative_inner_compatible
FROZEN_CONTRACT_OK: flatCovariantDerivative_eq
FROZEN_CONTRACT_OK: mdiffAt_vectorSpace_iff_differentiableAt_eq
FROZEN_CONTRACT_OK: flatCovariantDerivative_apply_eq
FROZEN_CONTRACT_OK: flatCovariantDerivative_curvatureOp_eq_zero_eq
FROZEN_CONTRACT_OK: flatCovariantDerivative_torsion_eq_zero_eq
FROZEN_CONTRACT_OK: flatCovariantDerivative_inner_compatible_eq
