AXIOM_SAFETY_CONTRACT_OK:mlieBracket_apply_chart:[propext, Classical.choice, Quot.sound]
AXIOM_SAFETY_CONTRACT_OK:mpullbackWithin_extChartAt_symm_self:[propext, Classical.choice, Quot.sound]
AXIOM_SAFETY_CONTRACT_OK:extDerivFun_apply_chart:[propext, Classical.choice, Quot.sound]
AXIOM_SAFETY_CONTRACT_OK:extDerivFun_apply_fixed_chart:[propext, Classical.choice, Quot.sound]
AXIOM_SAFETY_CONTRACT_OK:isLocallyConstant_of_extDerivFun_eq_zero:[propext, Classical.choice, Quot.sound]
AXIOM_SAFETY_CONTRACT_OK:extDerivFun_apply_mlieBracket_chart:[propext, Classical.choice, Quot.sound]
AXIOM_SAFETY_CONTRACT_OK:mpullback_extChartAt_symm_apply:[propext, Classical.choice, Quot.sound]
AXIOM_SAFETY_CONTRACT_OK:extDerivFun_section_eventually_chart:[propext, Classical.choice, Quot.sound]
AXIOM_SAFETY_CONTRACT_OK:extDerivFun_extDerivFun_chart:[propext, Classical.choice, Quot.sound]
AXIOM_SAFETY_CONTRACT_OK:extDerivFun_apply_mlieBracket:[propext, Classical.choice, Quot.sound]
AXIOM_SAFETY_CONTRACT_OK:mlieBracket_apply_chart_eq:[propext, Classical.choice, Quot.sound]
AXIOM_SAFETY_CONTRACT_OK:mpullbackWithin_extChartAt_symm_self_eq:[propext, Classical.choice, Quot.sound]
AXIOM_SAFETY_CONTRACT_OK:extDerivFun_apply_chart_eq:[propext, Classical.choice, Quot.sound]
AXIOM_SAFETY_CONTRACT_OK:extDerivFun_apply_fixed_chart_eq:[propext, Classical.choice, Quot.sound]
AXIOM_SAFETY_CONTRACT_OK:isLocallyConstant_of_extDerivFun_eq_zero_eq:[propext, Classical.choice, Quot.sound]
AXIOM_SAFETY_CONTRACT_OK:extDerivFun_apply_mlieBracket_chart_eq:[propext, Classical.choice, Quot.sound]
AXIOM_SAFETY_CONTRACT_OK:mpullback_extChartAt_symm_apply_eq:[propext, Classical.choice, Quot.sound]
AXIOM_SAFETY_CONTRACT_OK:extDerivFun_section_eventually_chart_eq:[propext, Classical.choice, Quot.sound]
AXIOM_SAFETY_CONTRACT_OK:extDerivFun_extDerivFun_chart_eq:[propext, Classical.choice, Quot.sound]
AXIOM_SAFETY_CONTRACT_OK:extDerivFun_apply_mlieBracket_eq:[propext, Classical.choice, Quot.sound]
RIGID_PROP_TYPE_CONTRACT_OK:mlieBracket_apply_chart:[u_1, u_2, u_3, u_4]
RIGID_PROP_TYPE_CONTRACT_OK:mpullbackWithin_extChartAt_symm_self:[u_1, u_2, u_3, u_4]
RIGID_PROP_TYPE_CONTRACT_OK:extDerivFun_apply_chart:[u_1, u_2, u_3, u_4]
RIGID_PROP_TYPE_CONTRACT_OK:extDerivFun_apply_fixed_chart:[u_1, u_2, u_3, u_4]
RIGID_PROP_TYPE_CONTRACT_OK:isLocallyConstant_of_extDerivFun_eq_zero:[u_5, u_6, u_7]
RIGID_PROP_TYPE_CONTRACT_OK:extDerivFun_apply_mlieBracket_chart:[u_5, u_6, u_7]
RIGID_PROP_TYPE_CONTRACT_OK:mpullback_extChartAt_symm_apply:[u_5, u_6, u_7]
RIGID_PROP_TYPE_CONTRACT_OK:extDerivFun_section_eventually_chart:[u_5, u_6, u_7]
RIGID_PROP_TYPE_CONTRACT_OK:extDerivFun_extDerivFun_chart:[u_5, u_6, u_7]
RIGID_PROP_TYPE_CONTRACT_OK:extDerivFun_apply_mlieBracket:[u_5, u_6, u_7]
RIGID_PROP_TYPE_CONTRACT_OK:mlieBracket_apply_chart_eq:[u_5, u_6, u_7, u_8]
RIGID_PROP_TYPE_CONTRACT_OK:mpullbackWithin_extChartAt_symm_self_eq:[u_5, u_6, u_7, u_8]
RIGID_PROP_TYPE_CONTRACT_OK:extDerivFun_apply_chart_eq:[u_5, u_6, u_7, u_8]
RIGID_PROP_TYPE_CONTRACT_OK:extDerivFun_apply_fixed_chart_eq:[u_5, u_6, u_7, u_8]
RIGID_PROP_TYPE_CONTRACT_OK:isLocallyConstant_of_extDerivFun_eq_zero_eq:[u_5, u_6, u_7]
RIGID_PROP_TYPE_CONTRACT_OK:extDerivFun_apply_mlieBracket_chart_eq:[u_5, u_6, u_7]
RIGID_PROP_TYPE_CONTRACT_OK:mpullback_extChartAt_symm_apply_eq:[u_5, u_6, u_7]
RIGID_PROP_TYPE_CONTRACT_OK:extDerivFun_section_eventually_chart_eq:[u_5, u_6, u_7]
RIGID_PROP_TYPE_CONTRACT_OK:extDerivFun_extDerivFun_chart_eq:[u_5, u_6, u_7]
RIGID_PROP_TYPE_CONTRACT_OK:extDerivFun_apply_mlieBracket_eq:[u_5, u_6, u_7]
