<stdin>:7:21: error: `simp` made no progress
<stdin>:7:36: error: `simp` made no progress
<stdin>:8:30: error: `simp` made no progress
<stdin>:8:45: error: `simp` made no progress
<stdin>:16:21: error: `simp` made no progress
<stdin>:16:36: error: `simp` made no progress
<stdin>:17:30: error: `simp` made no progress
<stdin>:17:45: error: `simp` made no progress
<stdin>:19:28: error: `simp` made no progress
<stdin>:19:43: error: `simp` made no progress
<stdin>:18:33: error: unsolved goals
X : Type u
inst✝ : TopologicalSpace X
x : X
γ : Path x x
N : ℕ
t : Fin (N + 1) → ↑unitInterval
h0 : t 0 = 0
h1 : t (Fin.last N) = 1
h : (γ.cast ⋯ ⋯).Homotopic ((Path.refl x).cast ⋯ ⋯)
⊢ γ.Homotopic (Path.refl x)
